Archive member included to satisfy reference by file (symbol)

../../MCSDK_v5.4.4/MotorControl/lib\libmc-gcc_M4_NoCCMRAM.lib(revup_ctrl.o)
                              Application/User/mc_tasks.o (RUC_Init)
../../MCSDK_v5.4.4/MotorControl/lib\libmc-gcc_M4_NoCCMRAM.lib(sto_pll_speed_pos_fdbk.o)
                              Application/User/mc_tasks.o (STO_PLL_CalcElAngle)
c:/st/stm32cubeide_1.5.0/stm32cubeide/plugins/com.st.stm32cube.ide.mcu.externaltools.gnu-tools-for-stm32.7-2018-q2-update.win32_1.5.0.202011040924/tools/bin/../lib/gcc/arm-none-eabi/7.3.1/../../../../arm-none-eabi/lib/thumb/v7e-m/fpv4-sp/hard\libc_nano.a(lib_a-errno.o)
                              Application/User/syscalls.o (__errno)
c:/st/stm32cubeide_1.5.0/stm32cubeide/plugins/com.st.stm32cube.ide.mcu.externaltools.gnu-tools-for-stm32.7-2018-q2-update.win32_1.5.0.202011040924/tools/bin/../lib/gcc/arm-none-eabi/7.3.1/../../../../arm-none-eabi/lib/thumb/v7e-m/fpv4-sp/hard\libc_nano.a(lib_a-exit.o)
                              c:/st/stm32cubeide_1.5.0/stm32cubeide/plugins/com.st.stm32cube.ide.mcu.externaltools.gnu-tools-for-stm32.7-2018-q2-update.win32_1.5.0.202011040924/tools/bin/../lib/gcc/arm-none-eabi/7.3.1/../../../../arm-none-eabi/lib/thumb/v7e-m/fpv4-sp/hard/crt0.o (exit)
c:/st/stm32cubeide_1.5.0/stm32cubeide/plugins/com.st.stm32cube.ide.mcu.externaltools.gnu-tools-for-stm32.7-2018-q2-update.win32_1.5.0.202011040924/tools/bin/../lib/gcc/arm-none-eabi/7.3.1/../../../../arm-none-eabi/lib/thumb/v7e-m/fpv4-sp/hard\libc_nano.a(lib_a-impure.o)
                              c:/st/stm32cubeide_1.5.0/stm32cubeide/plugins/com.st.stm32cube.ide.mcu.externaltools.gnu-tools-for-stm32.7-2018-q2-update.win32_1.5.0.202011040924/tools/bin/../lib/gcc/arm-none-eabi/7.3.1/../../../../arm-none-eabi/lib/thumb/v7e-m/fpv4-sp/hard\libc_nano.a(lib_a-exit.o) (_global_impure_ptr)
c:/st/stm32cubeide_1.5.0/stm32cubeide/plugins/com.st.stm32cube.ide.mcu.externaltools.gnu-tools-for-stm32.7-2018-q2-update.win32_1.5.0.202011040924/tools/bin/../lib/gcc/arm-none-eabi/7.3.1/../../../../arm-none-eabi/lib/thumb/v7e-m/fpv4-sp/hard\libc_nano.a(lib_a-init.o)
                              c:/st/stm32cubeide_1.5.0/stm32cubeide/plugins/com.st.stm32cube.ide.mcu.externaltools.gnu-tools-for-stm32.7-2018-q2-update.win32_1.5.0.202011040924/tools/bin/../lib/gcc/arm-none-eabi/7.3.1/../../../../arm-none-eabi/lib/thumb/v7e-m/fpv4-sp/hard/crt0.o (__libc_init_array)
c:/st/stm32cubeide_1.5.0/stm32cubeide/plugins/com.st.stm32cube.ide.mcu.externaltools.gnu-tools-for-stm32.7-2018-q2-update.win32_1.5.0.202011040924/tools/bin/../lib/gcc/arm-none-eabi/7.3.1/../../../../arm-none-eabi/lib/thumb/v7e-m/fpv4-sp/hard\libc_nano.a(lib_a-memset.o)
                              c:/st/stm32cubeide_1.5.0/stm32cubeide/plugins/com.st.stm32cube.ide.mcu.externaltools.gnu-tools-for-stm32.7-2018-q2-update.win32_1.5.0.202011040924/tools/bin/../lib/gcc/arm-none-eabi/7.3.1/../../../../arm-none-eabi/lib/thumb/v7e-m/fpv4-sp/hard/crt0.o (memset)
c:/st/stm32cubeide_1.5.0/stm32cubeide/plugins/com.st.stm32cube.ide.mcu.externaltools.gnu-tools-for-stm32.7-2018-q2-update.win32_1.5.0.202011040924/tools/bin/../lib/gcc/arm-none-eabi/7.3.1/thumb/v7e-m/fpv4-sp/hard\libgcc.a(_aeabi_uldivmod.o)
                              Drivers/STM32F4xx_HAL_Driver/stm32f4xx_hal_rcc.o (__aeabi_uldivmod)
c:/st/stm32cubeide_1.5.0/stm32cubeide/plugins/com.st.stm32cube.ide.mcu.externaltools.gnu-tools-for-stm32.7-2018-q2-update.win32_1.5.0.202011040924/tools/bin/../lib/gcc/arm-none-eabi/7.3.1/thumb/v7e-m/fpv4-sp/hard\libgcc.a(_udivmoddi4.o)
                              c:/st/stm32cubeide_1.5.0/stm32cubeide/plugins/com.st.stm32cube.ide.mcu.externaltools.gnu-tools-for-stm32.7-2018-q2-update.win32_1.5.0.202011040924/tools/bin/../lib/gcc/arm-none-eabi/7.3.1/thumb/v7e-m/fpv4-sp/hard\libgcc.a(_aeabi_uldivmod.o) (__udivmoddi4)
c:/st/stm32cubeide_1.5.0/stm32cubeide/plugins/com.st.stm32cube.ide.mcu.externaltools.gnu-tools-for-stm32.7-2018-q2-update.win32_1.5.0.202011040924/tools/bin/../lib/gcc/arm-none-eabi/7.3.1/thumb/v7e-m/fpv4-sp/hard\libgcc.a(_dvmd_tls.o)
                              c:/st/stm32cubeide_1.5.0/stm32cubeide/plugins/com.st.stm32cube.ide.mcu.externaltools.gnu-tools-for-stm32.7-2018-q2-update.win32_1.5.0.202011040924/tools/bin/../lib/gcc/arm-none-eabi/7.3.1/thumb/v7e-m/fpv4-sp/hard\libgcc.a(_aeabi_uldivmod.o) (__aeabi_ldiv0)

Allocating common symbols
Common symbol       size              file

pOCPDisabling       0x4               Application/User/mc_tasks.o
pTemperatureSensor  0x4               Application/User/mc_tasks.o
pwmcHandle          0x4               Application/User/mc_tasks.o
pPIDSpeed           0x4               Application/User/mc_tasks.o
hadc2               0x48              Application/User/main.o
pPIDIq              0x4               Application/User/mc_tasks.o
oMCInterface        0x4               Application/User/mc_tasks.o
pR_Brake            0x4               Application/User/mc_tasks.o
[...]
Memory Configuration

Name             Origin             Length             Attributes
RAM              0x0000000020000000 0x0000000000020000 xrw
FLASH            0x0000000008000000 0x0000000000080000 xr
*default*        0x0000000000000000 0xffffffffffffffff

Linker script and memory map

LOAD c:/st/stm32cubeide_1.5.0/stm32cubeide/plugins/com.st.stm32cube.ide.mcu.externaltools.gnu-tools-for-stm32.7-2018-q2-update.win32_1.5.0.202011040924/tools/bin/../lib/gcc/arm-none-eabi/7.3.1/thumb/v7e-m/fpv4-sp/hard/crti.o
LOAD c:/st/stm32cubeide_1.5.0/stm32cubeide/plugins/com.st.stm32cube.ide.mcu.externaltools.gnu-tools-for-stm32.7-2018-q2-update.win32_1.5.0.202011040924/tools/bin/../lib/gcc/arm-none-eabi/7.3.1/thumb/v7e-m/fpv4-sp/hard/crtbegin.o
LOAD c:/st/stm32cubeide_1.5.0/stm32cubeide/plugins/com.st.stm32cube.ide.mcu.externaltools.gnu-tools-for-stm32.7-2018-q2-update.win32_1.5.0.202011040924/tools/bin/../lib/gcc/arm-none-eabi/7.3.1/../../../../arm-none-eabi/lib/thumb/v7e-m/fpv4-sp/hard/crt0.o
LOAD Application/Startup/startup_stm32f446retx.o
LOAD Application/User/main.o
LOAD Application/User/mc_api.o
LOAD Application/User/mc_config.o
LOAD Application/User/mc_interface.o
LOAD Application/User/mc_math.o
LOAD Application/User/mc_parameters.o
LOAD Application/User/mc_tasks.o
LOAD Application/User/motor_control_protocol.o
LOAD Application/User/motorcontrol.o
LOAD Application/User/regular_conversion_manager.o
LOAD Application/User/stm32f4xx_hal_msp.o
LOAD Application/User/stm32f4xx_it.o
LOAD Application/User/stm32f4xx_mc_it.o
LOAD Application/User/syscalls.o
LOAD Application/User/sysmem.o
LOAD Application/User/ui_task.o
LOAD Application/User/user_interface.o
LOAD Drivers/CMSIS/system_stm32f4xx.o
LOAD Drivers/STM32F4xx_HAL_Driver/stm32f4xx_hal.o
LOAD Drivers/STM32F4xx_HAL_Driver/stm32f4xx_hal_adc.o
LOAD Drivers/STM32F4xx_HAL_Driver/stm32f4xx_hal_adc_ex.o
LOAD Drivers/STM32F4xx_HAL_Driver/stm32f4xx_hal_cortex.o
LOAD Drivers/STM32F4xx_HAL_Driver/stm32f4xx_hal_dma.o
LOAD Drivers/STM32F4xx_HAL_Driver/stm32f4xx_hal_dma_ex.o
LOAD Drivers/STM32F4xx_HAL_Driver/stm32f4xx_hal_exti.o
LOAD Drivers/STM32F4xx_HAL_Driver/stm32f4xx_hal_flash.o
LOAD Drivers/STM32F4xx_HAL_Driver/stm32f4xx_hal_flash_ex.o
LOAD Drivers/STM32F4xx_HAL_Driver/stm32f4xx_hal_flash_ramfunc.o
LOAD Drivers/STM32F4xx_HAL_Driver/stm32f4xx_hal_gpio.o
LOAD Drivers/STM32F4xx_HAL_Driver/stm32f4xx_hal_pwr.o
LOAD Drivers/STM32F4xx_HAL_Driver/stm32f4xx_hal_pwr_ex.o
LOAD Drivers/STM32F4xx_HAL_Driver/stm32f4xx_hal_rcc.o
LOAD Drivers/STM32F4xx_HAL_Driver/stm32f4xx_hal_rcc_ex.o
LOAD Drivers/STM32F4xx_HAL_Driver/stm32f4xx_hal_tim.o
LOAD Drivers/STM32F4xx_HAL_Driver/stm32f4xx_hal_tim_ex.o
LOAD Drivers/STM32F4xx_HAL_Driver/stm32f4xx_hal_uart.o
LOAD Middlewares/MotorControl/bus_voltage_sensor.o
LOAD Middlewares/MotorControl/circle_limitation.o
LOAD Middlewares/MotorControl/digital_output.o
LOAD Middlewares/MotorControl/frame_communication_protocol.o
LOAD Middlewares/MotorControl/hall_speed_pos_fdbk.o
LOAD Middlewares/MotorControl/ics_f4xx_pwm_curr_fdbk.o
LOAD Middlewares/MotorControl/motor_power_measurement.o
LOAD Middlewares/MotorControl/ntc_temperature_sensor.o
LOAD Middlewares/MotorControl/open_loop.o
LOAD Middlewares/MotorControl/pid_regulator.o
LOAD Middlewares/MotorControl/pqd_motor_power_measurement.o
LOAD Middlewares/MotorControl/pwm_common.o
LOAD Middlewares/MotorControl/pwm_curr_fdbk.o
LOAD Middlewares/MotorControl/r_divider_bus_voltage_sensor.o
LOAD Middlewares/MotorControl/ramp_ext_mngr.o
LOAD Middlewares/MotorControl/speed_pos_fdbk.o
LOAD Middlewares/MotorControl/speed_torq_ctrl.o
LOAD Middlewares/MotorControl/state_machine.o
LOAD Middlewares/MotorControl/ui_irq_handler.o
LOAD Middlewares/MotorControl/usart_frame_communication_protocol.o
LOAD Middlewares/MotorControl/virtual_speed_sensor.o
LOAD ../../MCSDK_v5.4.4/MotorControl/lib\libmc-gcc_M4_NoCCMRAM.lib
START GROUP
LOAD c:/st/stm32cubeide_1.5.0/stm32cubeide/plugins/com.st.stm32cube.ide.mcu.externaltools.gnu-tools-for-stm32.7-2018-q2-update.win32_1.5.0.202011040924/tools/bin/../lib/gcc/arm-none-eabi/7.3.1/../../../../arm-none-eabi/lib/thumb/v7e-m/fpv4-sp/hard\libc_nano.a
LOAD c:/st/stm32cubeide_1.5.0/stm32cubeide/plugins/com.st.stm32cube.ide.mcu.externaltools.gnu-tools-for-stm32.7-2018-q2-update.win32_1.5.0.202011040924/tools/bin/../lib/gcc/arm-none-eabi/7.3.1/../../../../arm-none-eabi/lib/thumb/v7e-m/fpv4-sp/hard\libm.a
END GROUP
START GROUP
LOAD c:/st/stm32cubeide_1.5.0/stm32cubeide/plugins/com.st.stm32cube.ide.mcu.externaltools.gnu-tools-for-stm32.7-2018-q2-update.win32_1.5.0.202011040924/tools/bin/../lib/gcc/arm-none-eabi/7.3.1/thumb/v7e-m/fpv4-sp/hard\libgcc.a
LOAD c:/st/stm32cubeide_1.5.0/stm32cubeide/plugins/com.st.stm32cube.ide.mcu.externaltools.gnu-tools-for-stm32.7-2018-q2-update.win32_1.5.0.202011040924/tools/bin/../lib/gcc/arm-none-eabi/7.3.1/../../../../arm-none-eabi/lib/thumb/v7e-m/fpv4-sp/hard\libc_nano.a
END GROUP
START GROUP
LOAD c:/st/stm32cubeide_1.5.0/stm32cubeide/plugins/com.st.stm32cube.ide.mcu.externaltools.gnu-tools-for-stm32.7-2018-q2-update.win32_1.5.0.202011040924/tools/bin/../lib/gcc/arm-none-eabi/7.3.1/thumb/v7e-m/fpv4-sp/hard\libgcc.a
LOAD c:/st/stm32cubeide_1.5.0/stm32cubeide/plugins/com.st.stm32cube.ide.mcu.externaltools.gnu-tools-for-stm32.7-2018-q2-update.win32_1.5.0.202011040924/tools/bin/../lib/gcc/arm-none-eabi/7.3.1/../../../../arm-none-eabi/lib/thumb/v7e-m/fpv4-sp/hard\libc_nano.a
LOAD c:/st/stm32cubeide_1.5.0/stm32cubeide/plugins/com.st.stm32cube.ide.mcu.externaltools.gnu-tools-for-stm32.7-2018-q2-update.win32_1.5.0.202011040924/tools/bin/../lib/gcc/arm-none-eabi/7.3.1/../../../../arm-none-eabi/lib/thumb/v7e-m/fpv4-sp/hard\libnosys.a
END GROUP
START GROUP
LOAD c:/st/stm32cubeide_1.5.0/stm32cubeide/plugins/com.st.stm32cube.ide.mcu.externaltools.gnu-tools-for-stm32.7-2018-q2-update.win32_1.5.0.202011040924/tools/bin/../lib/gcc/arm-none-eabi/7.3.1/thumb/v7e-m/fpv4-sp/hard\libgcc.a
LOAD c:/st/stm32cubeide_1.5.0/stm32cubeide/plugins/com.st.stm32cube.ide.mcu.externaltools.gnu-tools-for-stm32.7-2018-q2-update.win32_1.5.0.202011040924/tools/bin/../lib/gcc/arm-none-eabi/7.3.1/../../../../arm-none-eabi/lib/thumb/v7e-m/fpv4-sp/hard\libc_nano.a
LOAD c:/st/stm32cubeide_1.5.0/stm32cubeide/plugins/com.st.stm32cube.ide.mcu.externaltools.gnu-tools-for-stm32.7-2018-q2-update.win32_1.5.0.202011040924/tools/bin/../lib/gcc/arm-none-eabi/7.3.1/../../../../arm-none-eabi/lib/thumb/v7e-m/fpv4-sp/hard\libnosys.a
END GROUP
LOAD c:/st/stm32cubeide_1.5.0/stm32cubeide/plugins/com.st.stm32cube.ide.mcu.externaltools.gnu-tools-for-stm32.7-2018-q2-update.win32_1.5.0.202011040924/tools/bin/../lib/gcc/arm-none-eabi/7.3.1/thumb/v7e-m/fpv4-sp/hard/crtend.o
LOAD c:/st/stm32cubeide_1.5.0/stm32cubeide/plugins/com.st.stm32cube.ide.mcu.externaltools.gnu-tools-for-stm32.7-2018-q2-update.win32_1.5.0.202011040924/tools/bin/../lib/gcc/arm-none-eabi/7.3.1/thumb/v7e-m/fpv4-sp/hard/crtn.o
                0x0000000020020000                _estack = (ORIGIN (RAM) + LENGTH (RAM))
                0x0000000000000200                _Min_Heap_Size = 0x200
                0x0000000000000400                _Min_Stack_Size = 0x400

.isr_vector     0x0000000008000000      0x1c4
                0x0000000008000000                . = ALIGN (0x4)
 *(.isr_vector)
 .isr_vector    0x0000000008000000      0x1c4 Application/Startup/startup_stm32f446retx.o
                0x0000000008000000                g_pfnVectors
                0x00000000080001c4                . = ALIGN (0x4)

.text           0x00000000080001c4     0xc374
                0x00000000080001c4                . = ALIGN (0x4)
 *(.text)
 .text          0x00000000080001c4       0x40 c:/st/stm32cubeide_1.5.0/stm32cubeide/plugins/com.st.stm32cube.ide.mcu.externaltools.gnu-tools-for-stm32.7-2018-q2-update.win32_1.5.0.202011040924/tools/bin/../lib/gcc/arm-none-eabi/7.3.1/thumb/v7e-m/fpv4-sp/hard/crtbegin.o
 .text          0x0000000008000204       0x30 c:/st/stm32cubeide_1.5.0/stm32cubeide/plugins/com.st.stm32cube.ide.mcu.externaltools.gnu-tools-for-stm32.7-2018-q2-update.win32_1.5.0.202011040924/tools/bin/../lib/gcc/arm-none-eabi/7.3.1/thumb/v7e-m/fpv4-sp/hard\libgcc.a(_aeabi_uldivmod.o)
                0x0000000008000204                __aeabi_uldivmod
 .text          0x0000000008000234      0x2cc c:/st/stm32cubeide_1.5.0/stm32cubeide/plugins/com.st.stm32cube.ide.mcu.externaltools.gnu-tools-for-stm32.7-2018-q2-update.win32_1.5.0.202011040924/tools/bin/../lib/gcc/arm-none-eabi/7.3.1/thumb/v7e-m/fpv4-sp/hard\libgcc.a(_udivmoddi4.o)
                0x0000000008000234                __udivmoddi4
 .text          0x0000000008000500        0x4 c:/st/stm32cubeide_1.5.0/stm32cubeide/plugins/com.st.stm32cube.ide.mcu.externaltools.gnu-tools-for-stm32.7-2018-q2-update.win32_1.5.0.202011040924/tools/bin/../lib/gcc/arm-none-eabi/7.3.1/thumb/v7e-m/fpv4-sp/hard\libgcc.a(_dvmd_tls.o)
                0x0000000008000500                __aeabi_idiv0
                0x0000000008000500                __aeabi_ldiv0
 *(.text*)
 .text.Reset_Handler
                0x0000000008000504       0x50 Application/Startup/startup_stm32f446retx.o
                0x0000000008000504                Reset_Handler
 .text.Default_Handler
                0x0000000008000554        0x2 Application/Startup/startup_stm32f446retx.o
                0x0000000008000554                RTC_Alarm_IRQHandler
                0x0000000008000554                EXTI2_IRQHandler
                0x0000000008000554                TIM8_CC_IRQHandler
                0x0000000008000554                DebugMon_Handler
                0x0000000008000554                FMPI2C1_EV_IRQHandler
                0x0000000008000554                SPI4_IRQHandler
                0x0000000008000554                TIM1_CC_IRQHandler
                0x0000000008000554                DMA2_Stream5_IRQHandler
                0x0000000008000554                DMA1_Stream5_IRQHandler
                0x0000000008000554                PVD_IRQHandler
                0x0000000008000554                SDIO_IRQHandler
                0x0000000008000554                TAMP_STAMP_IRQHandler
                0x0000000008000554                PendSV_Handler
                0x0000000008000554                NMI_Handler
                0x0000000008000554                CAN2_RX1_IRQHandler
                0x0000000008000554                EXTI3_IRQHandler
                0x0000000008000554                TIM8_TRG_COM_TIM14_IRQHandler
                0x0000000008000554                TIM8_UP_TIM13_IRQHandler
                0x0000000008000554                I2C3_ER_IRQHandler
                0x0000000008000554                EXTI0_IRQHandler
                0x0000000008000554                I2C2_EV_IRQHandler
                0x0000000008000554                DMA1_Stream2_IRQHandler
                0x0000000008000554                CAN1_RX0_IRQHandler
                0x0000000008000554                FPU_IRQHandler
                0x0000000008000554                OTG_HS_WKUP_IRQHandler
                0x0000000008000554                UsageFault_Handler
                0x0000000008000554                CAN2_SCE_IRQHandler
                0x0000000008000554                DMA2_Stream2_IRQHandler
                0x0000000008000554                SPI1_IRQHandler
                0x0000000008000554                TIM6_DAC_IRQHandler
                0x0000000008000554                DCMI_IRQHandler
                0x0000000008000554                CAN2_RX0_IRQHandler
                0x0000000008000554                DMA2_Stream3_IRQHandler
                0x0000000008000554                SAI2_IRQHandler
                0x0000000008000554                USART6_IRQHandler
                0x0000000008000554                USART3_IRQHandler
                0x0000000008000554                CAN1_RX1_IRQHandler
                0x0000000008000554                UART5_IRQHandler
                0x0000000008000554                DMA2_Stream0_IRQHandler
                0x0000000008000554                TIM4_IRQHandler
                0x0000000008000554                QUADSPI_IRQHandler
                0x0000000008000554                I2C1_EV_IRQHandler
                0x0000000008000554                DMA1_Stream6_IRQHandler
                0x0000000008000554                DMA1_Stream1_IRQHandler
                0x0000000008000554                UART4_IRQHandler
                0x0000000008000554                TIM3_IRQHandler
                0x0000000008000554                RCC_IRQHandler
                0x0000000008000554                TIM8_BRK_TIM12_IRQHandler
                0x0000000008000554                Default_Handler
                0x0000000008000554                CEC_IRQHandler
                0x0000000008000554                EXTI15_10_IRQHandler
                0x0000000008000554                DMA1_Stream7_IRQHandler
                0x0000000008000554                TIM7_IRQHandler
                0x0000000008000554                CAN2_TX_IRQHandler
                0x0000000008000554                TIM5_IRQHandler
                0x0000000008000554                DMA2_Stream7_IRQHandler
                0x0000000008000554                I2C3_EV_IRQHandler
                0x0000000008000554                EXTI9_5_IRQHandler
                0x0000000008000554                RTC_WKUP_IRQHandler
                0x0000000008000554                SPDIF_RX_IRQHandler
                0x0000000008000554                SPI2_IRQHandler
                0x0000000008000554                OTG_HS_EP1_IN_IRQHandler
                0x0000000008000554                MemManage_Handler
                0x0000000008000554                DMA1_Stream0_IRQHandler
                0x0000000008000554                CAN1_TX_IRQHandler
                0x0000000008000554                SVC_Handler
                0x0000000008000554                FMPI2C1_ER_IRQHandler
                0x0000000008000554                EXTI4_IRQHandler
                0x0000000008000554                OTG_HS_EP1_OUT_IRQHandler
                0x0000000008000554                WWDG_IRQHandler
                0x0000000008000554                OTG_FS_WKUP_IRQHandler
                0x0000000008000554                TIM1_TRG_COM_TIM11_IRQHandler
                0x0000000008000554                OTG_HS_IRQHandler
                0x0000000008000554                EXTI1_IRQHandler
                0x0000000008000554                I2C2_ER_IRQHandler
                0x0000000008000554                DMA2_Stream1_IRQHandler
                0x0000000008000554                CAN1_SCE_IRQHandler
                0x0000000008000554                FLASH_IRQHandler
                0x0000000008000554                DMA2_Stream4_IRQHandler
                0x0000000008000554                BusFault_Handler
                0x0000000008000554                USART1_IRQHandler
                0x0000000008000554                OTG_FS_IRQHandler
                0x0000000008000554                SPI3_IRQHandler
                0x0000000008000554                DMA1_Stream4_IRQHandler
                0x0000000008000554                I2C1_ER_IRQHandler
                0x0000000008000554                FMC_IRQHandler
                0x0000000008000554                DMA2_Stream6_IRQHandler
                0x0000000008000554                SAI1_IRQHandler
                0x0000000008000554                DMA1_Stream3_IRQHandler
 .text.main     0x0000000008000556       0x2e Application/User/main.o
                0x0000000008000556                main
 .text.SystemClock_Config
                0x0000000008000584       0xe4 Application/User/main.o
                0x0000000008000584                SystemClock_Config
 .text.MX_NVIC_Init
                0x0000000008000668       0x58 Application/User/main.o
 .text.MX_ADC1_Init
                0x00000000080006c0      0x118 Application/User/main.o
 .text.MX_ADC2_Init
                0x00000000080007d8       0xf4 Application/User/main.o
 .text.MX_TIM1_Init
                0x00000000080008cc      0x1a0 Application/User/main.o
 .text.MX_TIM2_Init
                0x0000000008000a6c       0xcc Application/User/main.o
 .text.MX_USART2_UART_Init
                0x0000000008000b38       0x54 Application/User/main.o
 .text.MX_GPIO_Init
                0x0000000008000b8c       0x88 Application/User/main.o
 .text.Error_Handler
                0x0000000008000c14        0x8 Application/User/main.o
                0x0000000008000c14                Error_Handler
 .text.MCI_Init
                0x0000000008000c1c       0x4a Application/User/mc_interface.o
                0x0000000008000c1c                MCI_Init
 .text.MCI_ExecSpeedRamp
                0x0000000008000c66       0x3a Application/User/mc_interface.o
                0x0000000008000c66                MCI_ExecSpeedRamp
 .text.MCI_ExecTorqueRamp
                0x0000000008000ca0       0x3a Application/User/mc_interface.o
                0x0000000008000ca0                MCI_ExecTorqueRamp
 .text.MCI_SetCurrentReferences
                0x0000000008000cda       0x38 Application/User/mc_interface.o
                0x0000000008000cda                MCI_SetCurrentReferences
 .text.MCI_StartMotor
                0x0000000008000d12       0x2e Application/User/mc_interface.o
                0x0000000008000d12                MCI_StartMotor
 .text.MCI_StopMotor
                0x0000000008000d40       0x1e Application/User/mc_interface.o
                0x0000000008000d40                MCI_StopMotor
 .text.MCI_FaultAcknowledged
                0x0000000008000d5e       0x1c Application/User/mc_interface.o
                0x0000000008000d5e                MCI_FaultAcknowledged
 .text.MCI_EncoderAlign
                0x0000000008000d7a       0x1e Application/User/mc_interface.o
                0x0000000008000d7a                MCI_EncoderAlign
 .text.MCI_ExecBufferedCommands
                0x0000000008000d98       0xc6 Application/User/mc_interface.o
                0x0000000008000d98                MCI_ExecBufferedCommands
 .text.MCI_GetSTMState
                0x0000000008000e5e       0x1c Application/User/mc_interface.o
                0x0000000008000e5e                MCI_GetSTMState
 .text.MCI_GetControlMode
                0x0000000008000e7a       0x18 Application/User/mc_interface.o
                0x0000000008000e7a                MCI_GetControlMode
 .text.MCI_GetImposedMotorDirection
                0x0000000008000e92       0x6e Application/User/mc_interface.o
                0x0000000008000e92                MCI_GetImposedMotorDirection
 .text.MCI_GetLastRampFinalSpeed
                0x0000000008000f00       0x2a Application/User/mc_interface.o
                0x0000000008000f00                MCI_GetLastRampFinalSpeed
 .text.MCI_StopRamp
                0x0000000008000f2a       0x1a Application/User/mc_interface.o
                0x0000000008000f2a                MCI_StopRamp
 .text.MCI_GetAvrgMecSpeedUnit
                0x0000000008000f44       0x24 Application/User/mc_interface.o
                0x0000000008000f44                MCI_GetAvrgMecSpeedUnit
 .text.MCI_GetMecSpeedRefUnit
                0x0000000008000f68       0x1c Application/User/mc_interface.o
                0x0000000008000f68                MCI_GetMecSpeedRefUnit
 .text.MCI_GetIab
                0x0000000008000f84       0x2e Application/User/mc_interface.o
                0x0000000008000f84                MCI_GetIab
 .text.MCI_GetIalphabeta
                0x0000000008000fb2       0x30 Application/User/mc_interface.o
                0x0000000008000fb2                MCI_GetIalphabeta
 .text.MCI_GetIqd
                0x0000000008000fe2       0x30 Application/User/mc_interface.o
                0x0000000008000fe2                MCI_GetIqd
 .text.MCI_GetIqdref
                0x0000000008001012       0x30 Application/User/mc_interface.o
                0x0000000008001012                MCI_GetIqdref
 .text.MCI_GetVqd
                0x0000000008001042       0x30 Application/User/mc_interface.o
                0x0000000008001042                MCI_GetVqd
 .text.MCI_GetValphabeta
                0x0000000008001072       0x30 Application/User/mc_interface.o
                0x0000000008001072                MCI_GetValphabeta
 .text.MCI_GetTeref
                0x00000000080010a2       0x1c Application/User/mc_interface.o
                0x00000000080010a2                MCI_GetTeref
 .text.MCI_SetIdref
                0x00000000080010be       0x28 Application/User/mc_interface.o
                0x00000000080010be                MCI_SetIdref
 .text.MCI_Clear_Iqdref
                0x00000000080010e6       0x2a Application/User/mc_interface.o
                0x00000000080010e6                MCI_Clear_Iqdref
 .text.MCM_Clarke
                0x0000000008001110       0x94 Application/User/mc_math.o
                0x0000000008001110                MCM_Clarke
 .text.MCM_Park
                0x00000000080011a4       0xf0 Application/User/mc_math.o
                0x00000000080011a4                MCM_Park
 .text.MCM_Rev_Park
                0x0000000008001294       0x84 Application/User/mc_math.o
                0x0000000008001294                MCM_Rev_Park
 .text.MCM_Trig_Functions
                0x0000000008001318      0x110 Application/User/mc_math.o
                0x0000000008001318                MCM_Trig_Functions
 .text.LL_GPIO_LockPin
                0x0000000008001428       0x38 Application/User/mc_tasks.o
 .text.MCboot   0x0000000008001460      0x268 Application/User/mc_tasks.o
                0x0000000008001460                MCboot
 .text.MC_RunMotorControlTasks
                0x00000000080016c8       0x20 Application/User/mc_tasks.o
                0x00000000080016c8                MC_RunMotorControlTasks
 .text.MC_Scheduler
                0x00000000080016e8       0x74 Application/User/mc_tasks.o
                0x00000000080016e8                MC_Scheduler
 .text.TSK_MediumFrequencyTaskM1
                0x000000000800175c      0x3ac Application/User/mc_tasks.o
                0x000000000800175c                TSK_MediumFrequencyTaskM1
 .text.FOC_Clear
                0x0000000008001b08      0x12c Application/User/mc_tasks.o
                0x0000000008001b08                FOC_Clear
 .text.FOC_InitAdditionalMethods
                0x0000000008001c34       0x16 Application/User/mc_tasks.o
                0x0000000008001c34                FOC_InitAdditionalMethods
 *fill*         0x0000000008001c4a        0x2 
 .text.FOC_CalcCurrRef
                0x0000000008001c4c       0x78 Application/User/mc_tasks.o
                0x0000000008001c4c                FOC_CalcCurrRef
 .text.TSK_SetChargeBootCapDelayM1
                0x0000000008001cc4       0x20 Application/User/mc_tasks.o
                0x0000000008001cc4                TSK_SetChargeBootCapDelayM1
 .text.TSK_ChargeBootCapDelayHasElapsedM1
                0x0000000008001ce4       0x2c Application/User/mc_tasks.o
                0x0000000008001ce4                TSK_ChargeBootCapDelayHasElapsedM1
 .text.TSK_SetStopPermanencyTimeM1
                0x0000000008001d10       0x20 Application/User/mc_tasks.o
                0x0000000008001d10                TSK_SetStopPermanencyTimeM1
 .text.TSK_StopPermanencyTimeHasElapsedM1
                0x0000000008001d30       0x2c Application/User/mc_tasks.o
                0x0000000008001d30                TSK_StopPermanencyTimeHasElapsedM1
 .text.TSK_HighFrequencyTask
                0x0000000008001d5c      0x104 Application/User/mc_tasks.o
                0x0000000008001d5c                TSK_HighFrequencyTask
 .text.FOC_CurrControllerM1
                0x0000000008001e60      0x138 Application/User/mc_tasks.o
 .text.TSK_SafetyTask
                0x0000000008001f98       0x20 Application/User/mc_tasks.o
                0x0000000008001f98                TSK_SafetyTask
 .text.TSK_SafetyTask_PWMOFF
                0x0000000008001fb8      0x118 Application/User/mc_tasks.o
                0x0000000008001fb8                TSK_SafetyTask_PWMOFF
 .text.TSK_HardwareFaultTask
                0x00000000080020d0       0x24 Application/User/mc_tasks.o
                0x00000000080020d0                TSK_HardwareFaultTask
 .text.mc_lock_pins
                0x00000000080020f4       0x8c Application/User/mc_tasks.o
                0x00000000080020f4                mc_lock_pins
 .text.MCP_Init
                0x0000000008002180       0x58 Application/User/motor_control_protocol.o
                0x0000000008002180                MCP_Init
 .text.MCP_OnTimeOut
                0x00000000080021d8       0x16 Application/User/motor_control_protocol.o
                0x00000000080021d8                MCP_OnTimeOut
 .text.MCP_WaitNextFrame
                0x00000000080021ee       0x30 Application/User/motor_control_protocol.o
                0x00000000080021ee                MCP_WaitNextFrame
 .text.MCP_SentFrame
                0x000000000800221e       0x22 Application/User/motor_control_protocol.o
                0x000000000800221e                MCP_SentFrame
 .text.MCP_ReceivedFrame
                0x0000000008002240      0xb40 Application/User/motor_control_protocol.o
                0x0000000008002240                MCP_ReceivedFrame
 .text.MX_MotorControl_Init
                0x0000000008002d80       0x50 Application/User/motorcontrol.o
                0x0000000008002d80                MX_MotorControl_Init
 .text.LL_ADC_REG_SetSequencerLength
                0x0000000008002dd0       0x26 Application/User/regular_conversion_manager.o
 .text.LL_ADC_REG_SetSequencerRanks
                0x0000000008002df6       0x66 Application/User/regular_conversion_manager.o
 .text.LL_ADC_SetChannelSamplingTime
                0x0000000008002e5c       0x92 Application/User/regular_conversion_manager.o
 .text.LL_ADC_Enable
                0x0000000008002eee       0x20 Application/User/regular_conversion_manager.o
 .text.LL_ADC_IsEnabled
                0x0000000008002f0e       0x26 Application/User/regular_conversion_manager.o
 .text.LL_ADC_REG_ReadConversionData12
                0x0000000008002f34       0x1a Application/User/regular_conversion_manager.o
 .text.LL_ADC_IsActiveFlag_EOCS
                0x0000000008002f4e       0x26 Application/User/regular_conversion_manager.o
 .text.LL_ADC_ClearFlag_EOCS
                0x0000000008002f74       0x1c Application/User/regular_conversion_manager.o
 .text.LL_ADC_ClearFlag_JEOS
                0x0000000008002f90       0x1c Application/User/regular_conversion_manager.o
 .text.LL_ADC_DisableIT_EOCS
                0x0000000008002fac       0x20 Application/User/regular_conversion_manager.o
 .text.LL_ADC_DisableIT_JEOS
                0x0000000008002fcc       0x20 Application/User/regular_conversion_manager.o
 .text.RCM_RegisterRegConv
                0x0000000008002fec      0x130 Application/User/regular_conversion_manager.o
                0x0000000008002fec                RCM_RegisterRegConv
 .text.RCM_ExecRegularConv
                0x000000000800311c       0xe0 Application/User/regular_conversion_manager.o
                0x000000000800311c                RCM_ExecRegularConv
 .text.RCM_ExecUserConv
                0x00000000080031fc       0x74 Application/User/regular_conversion_manager.o
                0x00000000080031fc                RCM_ExecUserConv
 .text.HAL_MspInit
                0x0000000008003270       0x50 Application/User/stm32f4xx_hal_msp.o
                0x0000000008003270                HAL_MspInit
 .text.HAL_ADC_MspInit
                0x00000000080032c0      0x120 Application/User/stm32f4xx_hal_msp.o
                0x00000000080032c0                HAL_ADC_MspInit
 .text.HAL_TIM_Base_MspInit
                0x00000000080033e0       0xfc Application/User/stm32f4xx_hal_msp.o
                0x00000000080033e0                HAL_TIM_Base_MspInit
 .text.HAL_TIM_MspPostInit
                0x00000000080034dc       0xb8 Application/User/stm32f4xx_hal_msp.o
                0x00000000080034dc                HAL_TIM_MspPostInit
 .text.HAL_UART_MspInit
                0x0000000008003594       0x90 Application/User/stm32f4xx_hal_msp.o
                0x0000000008003594                HAL_UART_MspInit
 .text.LL_ADC_IsActiveFlag_JEOS
                0x0000000008003624       0x26 Application/User/stm32f4xx_mc_it.o
 .text.LL_TIM_ClearFlag_UPDATE
                0x000000000800364a       0x1c Application/User/stm32f4xx_mc_it.o
 .text.LL_TIM_IsActiveFlag_UPDATE
                0x0000000008003666       0x26 Application/User/stm32f4xx_mc_it.o
 .text.LL_TIM_ClearFlag_CC1
                0x000000000800368c       0x1c Application/User/stm32f4xx_mc_it.o
 .text.LL_TIM_IsActiveFlag_CC1
                0x00000000080036a8       0x26 Application/User/stm32f4xx_mc_it.o
 .text.LL_TIM_ClearFlag_BRK
                0x00000000080036ce       0x1c Application/User/stm32f4xx_mc_it.o
 .text.LL_TIM_IsActiveFlag_BRK
                0x00000000080036ea       0x26 Application/User/stm32f4xx_mc_it.o
 .text.LL_USART_IsActiveFlag_ORE
                0x0000000008003710       0x26 Application/User/stm32f4xx_mc_it.o
 .text.LL_USART_IsActiveFlag_RXNE
                0x0000000008003736       0x26 Application/User/stm32f4xx_mc_it.o
 .text.LL_USART_IsActiveFlag_TXE
                0x000000000800375c       0x26 Application/User/stm32f4xx_mc_it.o
 .text.LL_USART_ClearFlag_ORE
                0x0000000008003782       0x24 Application/User/stm32f4xx_mc_it.o
 .text.LL_USART_ReceiveData8
                0x00000000080037a6       0x1a Application/User/stm32f4xx_mc_it.o
 .text.ADC_IRQHandler
                0x00000000080037c0       0x40 Application/User/stm32f4xx_mc_it.o
                0x00000000080037c0                ADC_IRQHandler
 .text.TIM1_UP_TIM10_IRQHandler
                0x0000000008003800       0x20 Application/User/stm32f4xx_mc_it.o
                0x0000000008003800                TIM1_UP_TIM10_IRQHandler
 .text.TIM1_BRK_TIM9_IRQHandler
                0x0000000008003820       0x34 Application/User/stm32f4xx_mc_it.o
                0x0000000008003820                TIM1_BRK_TIM9_IRQHandler
 .text.TIM2_IRQHandler
                0x0000000008003854       0x4c Application/User/stm32f4xx_mc_it.o
                0x0000000008003854                TIM2_IRQHandler
 .text.USART2_IRQHandler
                0x00000000080038a0       0x98 Application/User/stm32f4xx_mc_it.o
                0x00000000080038a0                USART2_IRQHandler
 .text.HardFault_Handler
                0x0000000008003938       0x94 Application/User/stm32f4xx_mc_it.o
                0x0000000008003938                HardFault_Handler
 .text.SysTick_Handler
                0x00000000080039cc       0x34 Application/User/stm32f4xx_mc_it.o
                0x00000000080039cc                SysTick_Handler
 .text.UI_TaskInit
                0x0000000008003a00       0x80 Application/User/ui_task.o
                0x0000000008003a00                UI_TaskInit
 .text.UI_Scheduler
                0x0000000008003a80       0x64 Application/User/ui_task.o
                0x0000000008003a80                UI_Scheduler
 .text.UI_SerialCommunicationTimeOutStop
                0x0000000008003ae4       0x18 Application/User/ui_task.o
                0x0000000008003ae4                UI_SerialCommunicationTimeOutStop
 .text.UI_SerialCommunicationTimeOutStart
                0x0000000008003afc       0x18 Application/User/ui_task.o
                0x0000000008003afc                UI_SerialCommunicationTimeOutStart
 .text.UI_Init  0x0000000008003b14       0x3a Application/User/user_interface.o
                0x0000000008003b14                UI_Init
 .text.UI_SelectMC
                0x0000000008003b4e       0x34 Application/User/user_interface.o
                0x0000000008003b4e                UI_SelectMC
 .text.UI_GetSelectedMC
                0x0000000008003b82       0x18 Application/User/user_interface.o
                0x0000000008003b82                UI_GetSelectedMC
 *fill*         0x0000000008003b9a        0x2 
 .text.UI_SetReg
                0x0000000008003b9c      0x4a8 Application/User/user_interface.o
                0x0000000008003b9c                UI_SetReg
 .text.UI_GetReg
                0x0000000008004044      0xc34 Application/User/user_interface.o
                0x0000000008004044                UI_GetReg
 .text.UI_ExecCmd
                0x0000000008004c78       0xd8 Application/User/user_interface.o
                0x0000000008004c78                UI_ExecCmd
 .text.UI_ExecSpeedRamp
                0x0000000008004d50       0x50 Application/User/user_interface.o
                0x0000000008004d50                UI_ExecSpeedRamp
 .text.UI_ExecTorqueRamp
                0x0000000008004da0       0x38 Application/User/user_interface.o
                0x0000000008004da0                UI_ExecTorqueRamp
 .text.UI_GetRevupData
                0x0000000008004dd8       0x72 Application/User/user_interface.o
                0x0000000008004dd8                UI_GetRevupData
 .text.UI_SetRevupData
                0x0000000008004e4a       0x5e Application/User/user_interface.o
                0x0000000008004e4a                UI_SetRevupData
 .text.UI_SetCurrentReferences
                0x0000000008004ea8       0x38 Application/User/user_interface.o
                0x0000000008004ea8                UI_SetCurrentReferences
 .text.UI_GetMPInfo
                0x0000000008004ee0       0x18 Application/User/user_interface.o
                0x0000000008004ee0                UI_GetMPInfo
 .text.SystemInit
                0x0000000008004ef8       0x2c Drivers/CMSIS/system_stm32f4xx.o
                0x0000000008004ef8                SystemInit
 .text.HAL_Init
                0x0000000008004f24       0x44 Drivers/STM32F4xx_HAL_Driver/stm32f4xx_hal.o
                0x0000000008004f24                HAL_Init
 .text.HAL_InitTick
                0x0000000008004f68       0x60 Drivers/STM32F4xx_HAL_Driver/stm32f4xx_hal.o
                0x0000000008004f68                HAL_InitTick
 .text.HAL_IncTick
                0x0000000008004fc8       0x28 Drivers/STM32F4xx_HAL_Driver/stm32f4xx_hal.o
                0x0000000008004fc8                HAL_IncTick
 .text.HAL_GetTick
                0x0000000008004ff0       0x18 Drivers/STM32F4xx_HAL_Driver/stm32f4xx_hal.o
                0x0000000008004ff0                HAL_GetTick
 .text.HAL_ADC_Init
                0x0000000008005008       0x86 Drivers/STM32F4xx_HAL_Driver/stm32f4xx_hal_adc.o
                0x0000000008005008                HAL_ADC_Init
 *fill*         0x000000000800508e        0x2 
 .text.HAL_ADC_ConfigChannel
                0x0000000008005090      0x264 Drivers/STM32F4xx_HAL_Driver/stm32f4xx_hal_adc.o
                0x0000000008005090                HAL_ADC_ConfigChannel
 .text.ADC_Init
                0x00000000080052f4      0x1f8 Drivers/STM32F4xx_HAL_Driver/stm32f4xx_hal_adc.o
 .text.HAL_ADCEx_InjectedConfigChannel
                0x00000000080054ec      0x32c Drivers/STM32F4xx_HAL_Driver/stm32f4xx_hal_adc_ex.o
                0x00000000080054ec                HAL_ADCEx_InjectedConfigChannel
 .text.__NVIC_SetPriorityGrouping
                0x0000000008005818       0x48 Drivers/STM32F4xx_HAL_Driver/stm32f4xx_hal_cortex.o
 .text.__NVIC_GetPriorityGrouping
                0x0000000008005860       0x1c Drivers/STM32F4xx_HAL_Driver/stm32f4xx_hal_cortex.o
 .text.__NVIC_EnableIRQ
                0x000000000800587c       0x3c Drivers/STM32F4xx_HAL_Driver/stm32f4xx_hal_cortex.o
 .text.__NVIC_SetPriority
                0x00000000080058b8       0x54 Drivers/STM32F4xx_HAL_Driver/stm32f4xx_hal_cortex.o
 .text.NVIC_EncodePriority
                0x000000000800590c       0x66 Drivers/STM32F4xx_HAL_Driver/stm32f4xx_hal_cortex.o
 *fill*         0x0000000008005972        0x2 
 .text.SysTick_Config
                0x0000000008005974       0x44 Drivers/STM32F4xx_HAL_Driver/stm32f4xx_hal_cortex.o
 .text.HAL_NVIC_SetPriorityGrouping
                0x00000000080059b8       0x16 Drivers/STM32F4xx_HAL_Driver/stm32f4xx_hal_cortex.o
                0x00000000080059b8                HAL_NVIC_SetPriorityGrouping
 .text.HAL_NVIC_SetPriority
                0x00000000080059ce       0x38 Drivers/STM32F4xx_HAL_Driver/stm32f4xx_hal_cortex.o
                0x00000000080059ce                HAL_NVIC_SetPriority
 .text.HAL_NVIC_EnableIRQ
                0x0000000008005a06       0x1c Drivers/STM32F4xx_HAL_Driver/stm32f4xx_hal_cortex.o
                0x0000000008005a06                HAL_NVIC_EnableIRQ
 .text.HAL_SYSTICK_Config
                0x0000000008005a22       0x18 Drivers/STM32F4xx_HAL_Driver/stm32f4xx_hal_cortex.o
                0x0000000008005a22                HAL_SYSTICK_Config
 .text.HAL_SYSTICK_IRQHandler
                0x0000000008005a3a        0xc Drivers/STM32F4xx_HAL_Driver/stm32f4xx_hal_cortex.o
                0x0000000008005a3a                HAL_SYSTICK_IRQHandler
 .text.HAL_SYSTICK_Callback
                0x0000000008005a46        0xe Drivers/STM32F4xx_HAL_Driver/stm32f4xx_hal_cortex.o
                0x0000000008005a46                HAL_SYSTICK_Callback
 .text.HAL_GPIO_Init
                0x0000000008005a54      0x324 Drivers/STM32F4xx_HAL_Driver/stm32f4xx_hal_gpio.o
                0x0000000008005a54                HAL_GPIO_Init
 .text.HAL_PWREx_EnableOverDrive
                0x0000000008005d78       0xa0 Drivers/STM32F4xx_HAL_Driver/stm32f4xx_hal_pwr_ex.o
                0x0000000008005d78                HAL_PWREx_EnableOverDrive
 .text.HAL_RCC_ClockConfig
                0x0000000008005e18      0x1cc Drivers/STM32F4xx_HAL_Driver/stm32f4xx_hal_rcc.o
                0x0000000008005e18                HAL_RCC_ClockConfig
 .text.HAL_RCC_GetHCLKFreq
                0x0000000008005fe4       0x18 Drivers/STM32F4xx_HAL_Driver/stm32f4xx_hal_rcc.o
                0x0000000008005fe4                HAL_RCC_GetHCLKFreq
 .text.HAL_RCC_GetPCLK1Freq
                0x0000000008005ffc       0x28 Drivers/STM32F4xx_HAL_Driver/stm32f4xx_hal_rcc.o
                0x0000000008005ffc                HAL_RCC_GetPCLK1Freq
 .text.HAL_RCC_GetPCLK2Freq
                0x0000000008006024       0x28 Drivers/STM32F4xx_HAL_Driver/stm32f4xx_hal_rcc.o
                0x0000000008006024                HAL_RCC_GetPCLK2Freq
 .text.HAL_RCC_GetSysClockFreq
                0x000000000800604c      0x340 Drivers/STM32F4xx_HAL_Driver/stm32f4xx_hal_rcc_ex.o
                0x000000000800604c                HAL_RCC_GetSysClockFreq
 .text.HAL_RCC_OscConfig
                0x000000000800638c      0x4b4 Drivers/STM32F4xx_HAL_Driver/stm32f4xx_hal_rcc_ex.o
                0x000000000800638c                HAL_RCC_OscConfig
 .text.HAL_TIM_Base_Init
                0x0000000008006840       0x56 Drivers/STM32F4xx_HAL_Driver/stm32f4xx_hal_tim.o
                0x0000000008006840                HAL_TIM_Base_Init
 .text.HAL_TIM_PWM_Init
                0x0000000008006896       0x56 Drivers/STM32F4xx_HAL_Driver/stm32f4xx_hal_tim.o
                0x0000000008006896                HAL_TIM_PWM_Init
 .text.HAL_TIM_PWM_MspInit
                0x00000000080068ec       0x14 Drivers/STM32F4xx_HAL_Driver/stm32f4xx_hal_tim.o
                0x00000000080068ec                HAL_TIM_PWM_MspInit
 .text.HAL_TIM_PWM_ConfigChannel
                0x0000000008006900      0x18c Drivers/STM32F4xx_HAL_Driver/stm32f4xx_hal_tim.o
                0x0000000008006900                HAL_TIM_PWM_ConfigChannel
 .text.HAL_TIM_ConfigClockSource
                0x0000000008006a8c      0x16e Drivers/STM32F4xx_HAL_Driver/stm32f4xx_hal_tim.o
                0x0000000008006a8c                HAL_TIM_ConfigClockSource
 .text.HAL_TIM_SlaveConfigSynchro
                0x0000000008006bfa       0x84 Drivers/STM32F4xx_HAL_Driver/stm32f4xx_hal_tim.o
                0x0000000008006bfa                HAL_TIM_SlaveConfigSynchro
 *fill*         0x0000000008006c7e        0x2 
 .text.TIM_Base_SetConfig
                0x0000000008006c80      0x140 Drivers/STM32F4xx_HAL_Driver/stm32f4xx_hal_tim.o
                0x0000000008006c80                TIM_Base_SetConfig
 .text.TIM_OC1_SetConfig
                0x0000000008006dc0       0xe0 Drivers/STM32F4xx_HAL_Driver/stm32f4xx_hal_tim.o
 .text.TIM_OC2_SetConfig
                0x0000000008006ea0       0xec Drivers/STM32F4xx_HAL_Driver/stm32f4xx_hal_tim.o
                0x0000000008006ea0                TIM_OC2_SetConfig
 .text.TIM_OC3_SetConfig
                0x0000000008006f8c       0xe8 Drivers/STM32F4xx_HAL_Driver/stm32f4xx_hal_tim.o
 .text.TIM_OC4_SetConfig
                0x0000000008007074       0xac Drivers/STM32F4xx_HAL_Driver/stm32f4xx_hal_tim.o
 .text.TIM_SlaveTimer_SetConfig
                0x0000000008007120      0x10c Drivers/STM32F4xx_HAL_Driver/stm32f4xx_hal_tim.o
 .text.TIM_TI1_SetConfig
                0x000000000800722c       0xe8 Drivers/STM32F4xx_HAL_Driver/stm32f4xx_hal_tim.o
                0x000000000800722c                TIM_TI1_SetConfig
 .text.TIM_TI1_ConfigInputStage
                0x0000000008007314       0x5e Drivers/STM32F4xx_HAL_Driver/stm32f4xx_hal_tim.o
 .text.TIM_TI2_ConfigInputStage
                0x0000000008007372       0x60 Drivers/STM32F4xx_HAL_Driver/stm32f4xx_hal_tim.o
 .text.TIM_ITRx_SetConfig
                0x00000000080073d2       0x36 Drivers/STM32F4xx_HAL_Driver/stm32f4xx_hal_tim.o
 .text.TIM_ETR_SetConfig
                0x0000000008007408       0x40 Drivers/STM32F4xx_HAL_Driver/stm32f4xx_hal_tim.o
                0x0000000008007408                TIM_ETR_SetConfig
 .text.HAL_TIMEx_HallSensor_Init
                0x0000000008007448      0x12a Drivers/STM32F4xx_HAL_Driver/stm32f4xx_hal_tim_ex.o
                0x0000000008007448                HAL_TIMEx_HallSensor_Init
 .text.HAL_TIMEx_HallSensor_MspInit
                0x0000000008007572       0x14 Drivers/STM32F4xx_HAL_Driver/stm32f4xx_hal_tim_ex.o
                0x0000000008007572                HAL_TIMEx_HallSensor_MspInit
 *fill*         0x0000000008007586        0x2 
 .text.HAL_TIMEx_MasterConfigSynchronization
                0x0000000008007588       0xf8 Drivers/STM32F4xx_HAL_Driver/stm32f4xx_hal_tim_ex.o
                0x0000000008007588                HAL_TIMEx_MasterConfigSynchronization
 .text.HAL_TIMEx_ConfigBreakDeadTime
                0x0000000008007680       0xa4 Drivers/STM32F4xx_HAL_Driver/stm32f4xx_hal_tim_ex.o
                0x0000000008007680                HAL_TIMEx_ConfigBreakDeadTime
 .text.HAL_UART_Init
                0x0000000008007724       0x9a Drivers/STM32F4xx_HAL_Driver/stm32f4xx_hal_uart.o
                0x0000000008007724                HAL_UART_Init
 *fill*         0x00000000080077be        0x2 
 .text.UART_SetConfig
                0x00000000080077c0      0x6f8 Drivers/STM32F4xx_HAL_Driver/stm32f4xx_hal_uart.o
 .text.VBS_GetAvBusVoltage_d
                0x0000000008007eb8       0x18 Middlewares/MotorControl/bus_voltage_sensor.o
                0x0000000008007eb8                VBS_GetAvBusVoltage_d
 .text.VBS_GetAvBusVoltage_V
                0x0000000008007ed0       0x32 Middlewares/MotorControl/bus_voltage_sensor.o
                0x0000000008007ed0                VBS_GetAvBusVoltage_V
 .text.Circle_Limitation
                0x0000000008007f02       0xc2 Middlewares/MotorControl/circle_limitation.o
                0x0000000008007f02                Circle_Limitation
 .text.FCP_Init
                0x0000000008007fc4       0x66 Middlewares/MotorControl/frame_communication_protocol.o
                0x0000000008007fc4                FCP_Init
 .text.FCP_SetClient
                0x000000000800802a       0x38 Middlewares/MotorControl/frame_communication_protocol.o
                0x000000000800802a                FCP_SetClient
 .text.FCP_CalcCRC
                0x0000000008008062       0x74 Middlewares/MotorControl/frame_communication_protocol.o
                0x0000000008008062                FCP_CalcCRC
 .text.LL_TIM_EnableCounter
                0x00000000080080d6       0x20 Middlewares/MotorControl/hall_speed_pos_fdbk.o
 .text.LL_TIM_SetUpdateSource
                0x00000000080080f6       0x26 Middlewares/MotorControl/hall_speed_pos_fdbk.o
 .text.LL_TIM_SetCounter
                0x000000000800811c       0x1c Middlewares/MotorControl/hall_speed_pos_fdbk.o
 .text.LL_TIM_SetPrescaler
                0x0000000008008138       0x1c Middlewares/MotorControl/hall_speed_pos_fdbk.o
 .text.LL_TIM_GetPrescaler
                0x0000000008008154       0x18 Middlewares/MotorControl/hall_speed_pos_fdbk.o
 .text.LL_TIM_CC_EnableChannel
                0x000000000800816c       0x22 Middlewares/MotorControl/hall_speed_pos_fdbk.o
 *fill*         0x000000000800818e        0x2 
 .text.LL_TIM_IC_SetFilter
                0x0000000008008190       0x94 Middlewares/MotorControl/hall_speed_pos_fdbk.o
 .text.LL_TIM_IC_GetCaptureCH1
                0x0000000008008224       0x18 Middlewares/MotorControl/hall_speed_pos_fdbk.o
 .text.LL_TIM_EnableIT_UPDATE
                0x000000000800823c       0x20 Middlewares/MotorControl/hall_speed_pos_fdbk.o
 .text.LL_TIM_EnableIT_CC1
                0x000000000800825c       0x20 Middlewares/MotorControl/hall_speed_pos_fdbk.o
 .text.LL_TIM_DisableIT_CC1
                0x000000000800827c       0x20 Middlewares/MotorControl/hall_speed_pos_fdbk.o
 .text.LL_TIM_GenerateEvent_UPDATE
                0x000000000800829c       0x20 Middlewares/MotorControl/hall_speed_pos_fdbk.o
 .text.LL_GPIO_IsInputPinSet
                0x00000000080082bc       0x2a Middlewares/MotorControl/hall_speed_pos_fdbk.o
 *fill*         0x00000000080082e6        0x2 
 .text.HALL_Init
                0x00000000080082e8      0x1b4 Middlewares/MotorControl/hall_speed_pos_fdbk.o
                0x00000000080082e8                HALL_Init
 .text.HALL_Clear
                0x000000000800849c       0x98 Middlewares/MotorControl/hall_speed_pos_fdbk.o
                0x000000000800849c                HALL_Clear
 .text.HALL_CalcElAngle
                0x0000000008008534       0x92 Middlewares/MotorControl/hall_speed_pos_fdbk.o
                0x0000000008008534                HALL_CalcElAngle
 .text.HALL_CalcAvrgMecSpeedUnit
                0x00000000080085c6      0x12a Middlewares/MotorControl/hall_speed_pos_fdbk.o
                0x00000000080085c6                HALL_CalcAvrgMecSpeedUnit
 .text.HALL_TIMx_CC_IRQHandler
                0x00000000080086f0      0x5c4 Middlewares/MotorControl/hall_speed_pos_fdbk.o
                0x00000000080086f0                HALL_TIMx_CC_IRQHandler
 .text.HALL_TIMx_UP_IRQHandler
                0x0000000008008cb4       0xe8 Middlewares/MotorControl/hall_speed_pos_fdbk.o
                0x0000000008008cb4                HALL_TIMx_UP_IRQHandler
 .text.HALL_Init_Electrical_Angle
                0x0000000008008d9c      0x198 Middlewares/MotorControl/hall_speed_pos_fdbk.o
 .text.LL_DBGMCU_APB2_GRP1_FreezePeriph
                0x0000000008008f34       0x24 Middlewares/MotorControl/ics_f4xx_pwm_curr_fdbk.o
 .text.LL_ADC_REG_SetSequencerLength
                0x0000000008008f58       0x26 Middlewares/MotorControl/ics_f4xx_pwm_curr_fdbk.o
 .text.LL_ADC_INJ_SetTriggerSource
                0x0000000008008f7e       0x2a Middlewares/MotorControl/ics_f4xx_pwm_curr_fdbk.o
 .text.LL_ADC_Enable
                0x0000000008008fa8       0x20 Middlewares/MotorControl/ics_f4xx_pwm_curr_fdbk.o
 .text.LL_ADC_ClearFlag_JEOS
                0x0000000008008fc8       0x1c Middlewares/MotorControl/ics_f4xx_pwm_curr_fdbk.o
 .text.LL_ADC_EnableIT_JEOS
                0x0000000008008fe4       0x20 Middlewares/MotorControl/ics_f4xx_pwm_curr_fdbk.o
 .text.LL_TIM_DisableCounter
                0x0000000008009004       0x20 Middlewares/MotorControl/ics_f4xx_pwm_curr_fdbk.o
 .text.LL_TIM_SetCounter
                0x0000000008009024       0x1c Middlewares/MotorControl/ics_f4xx_pwm_curr_fdbk.o
 .text.LL_TIM_SetRepetitionCounter
                0x0000000008009040       0x1c Middlewares/MotorControl/ics_f4xx_pwm_curr_fdbk.o
 .text.LL_TIM_CC_EnableChannel
                0x000000000800905c       0x22 Middlewares/MotorControl/ics_f4xx_pwm_curr_fdbk.o
 .text.LL_TIM_CC_DisableChannel
                0x000000000800907e       0x24 Middlewares/MotorControl/ics_f4xx_pwm_curr_fdbk.o
 .text.LL_TIM_CC_IsEnabledChannel
                0x00000000080090a2       0x2a Middlewares/MotorControl/ics_f4xx_pwm_curr_fdbk.o
 .text.LL_TIM_OC_EnablePreload
                0x00000000080090cc       0x84 Middlewares/MotorControl/ics_f4xx_pwm_curr_fdbk.o
 .text.LL_TIM_OC_DisablePreload
                0x0000000008009150       0x84 Middlewares/MotorControl/ics_f4xx_pwm_curr_fdbk.o
 .text.LL_TIM_OC_SetCompareCH1
                0x00000000080091d4       0x1c Middlewares/MotorControl/ics_f4xx_pwm_curr_fdbk.o
 .text.LL_TIM_OC_SetCompareCH2
                0x00000000080091f0       0x1c Middlewares/MotorControl/ics_f4xx_pwm_curr_fdbk.o
 .text.LL_TIM_OC_SetCompareCH3
                0x000000000800920c       0x1c Middlewares/MotorControl/ics_f4xx_pwm_curr_fdbk.o
 .text.LL_TIM_OC_SetCompareCH4
                0x0000000008009228       0x1c Middlewares/MotorControl/ics_f4xx_pwm_curr_fdbk.o
 .text.LL_TIM_EnableAllOutputs
                0x0000000008009244       0x20 Middlewares/MotorControl/ics_f4xx_pwm_curr_fdbk.o
 .text.LL_TIM_DisableAllOutputs
                0x0000000008009264       0x20 Middlewares/MotorControl/ics_f4xx_pwm_curr_fdbk.o
 .text.LL_TIM_ClearFlag_UPDATE
                0x0000000008009284       0x1c Middlewares/MotorControl/ics_f4xx_pwm_curr_fdbk.o
 .text.LL_TIM_IsActiveFlag_UPDATE
                0x00000000080092a0       0x26 Middlewares/MotorControl/ics_f4xx_pwm_curr_fdbk.o
 .text.LL_TIM_ClearFlag_BRK
                0x00000000080092c6       0x1c Middlewares/MotorControl/ics_f4xx_pwm_curr_fdbk.o
 .text.LL_TIM_EnableIT_UPDATE
                0x00000000080092e2       0x20 Middlewares/MotorControl/ics_f4xx_pwm_curr_fdbk.o
 .text.LL_TIM_DisableIT_UPDATE
                0x0000000008009302       0x20 Middlewares/MotorControl/ics_f4xx_pwm_curr_fdbk.o
 .text.LL_TIM_EnableIT_BRK
                0x0000000008009322       0x20 Middlewares/MotorControl/ics_f4xx_pwm_curr_fdbk.o
 .text.LL_TIM_GenerateEvent_UPDATE
                0x0000000008009342       0x20 Middlewares/MotorControl/ics_f4xx_pwm_curr_fdbk.o
 .text.LL_GPIO_SetOutputPin
                0x0000000008009362       0x1c Middlewares/MotorControl/ics_f4xx_pwm_curr_fdbk.o
 .text.LL_GPIO_ResetOutputPin
                0x000000000800937e       0x1e Middlewares/MotorControl/ics_f4xx_pwm_curr_fdbk.o
 .text.ICS_Init
                0x000000000800939c      0x118 Middlewares/MotorControl/ics_f4xx_pwm_curr_fdbk.o
                0x000000000800939c                ICS_Init
 .text.ICS_CurrentReadingCalibration
                0x00000000080094b4       0xf0 Middlewares/MotorControl/ics_f4xx_pwm_curr_fdbk.o
                0x00000000080094b4                ICS_CurrentReadingCalibration
 .text.ICS_GetPhaseCurrents
                0x00000000080095a4       0xe8 Middlewares/MotorControl/ics_f4xx_pwm_curr_fdbk.o
                0x00000000080095a4                ICS_GetPhaseCurrents
 .text.ICS_HFCurrentsCalibration
                0x000000000800968c       0x74 Middlewares/MotorControl/ics_f4xx_pwm_curr_fdbk.o
                0x000000000800968c                ICS_HFCurrentsCalibration
 .text.ICS_TurnOnLowSides
                0x0000000008009700       0x9c Middlewares/MotorControl/ics_f4xx_pwm_curr_fdbk.o
                0x0000000008009700                ICS_TurnOnLowSides
 .text.ICS_SwitchOnPWM
                0x000000000800979c      0x12a Middlewares/MotorControl/ics_f4xx_pwm_curr_fdbk.o
                0x000000000800979c                ICS_SwitchOnPWM
 .text.ICS_SwitchOffPWM
                0x00000000080098c6       0x90 Middlewares/MotorControl/ics_f4xx_pwm_curr_fdbk.o
                0x00000000080098c6                ICS_SwitchOffPWM
 .text.ICS_WriteTIMRegisters
                0x0000000008009956       0x5c Middlewares/MotorControl/ics_f4xx_pwm_curr_fdbk.o
                0x0000000008009956                ICS_WriteTIMRegisters
 *fill*         0x00000000080099b2        0x2 
 .text.ICS_TIMx_UP_IRQHandler
                0x00000000080099b4       0xb8 Middlewares/MotorControl/ics_f4xx_pwm_curr_fdbk.o
                0x00000000080099b4                ICS_TIMx_UP_IRQHandler
 .text.ICS_BRK_IRQHandler
                0x0000000008009a6c       0x62 Middlewares/MotorControl/ics_f4xx_pwm_curr_fdbk.o
                0x0000000008009a6c                ICS_BRK_IRQHandler
 .text.ICS_IsOverCurrentOccurred
                0x0000000008009ace       0x34 Middlewares/MotorControl/ics_f4xx_pwm_curr_fdbk.o
                0x0000000008009ace                ICS_IsOverCurrentOccurred
 .text.MPM_Clear
                0x0000000008009b02       0x40 Middlewares/MotorControl/motor_power_measurement.o
                0x0000000008009b02                MPM_Clear
 .text.MPM_CalcElMotorPower
                0x0000000008009b42       0x96 Middlewares/MotorControl/motor_power_measurement.o
                0x0000000008009b42                MPM_CalcElMotorPower
 .text.MPM_GetAvrgElMotorPowerW
                0x0000000008009bd8       0x1a Middlewares/MotorControl/motor_power_measurement.o
                0x0000000008009bd8                MPM_GetAvrgElMotorPowerW
 .text.NTC_SetFaultState
                0x0000000008009bf2       0x40 Middlewares/MotorControl/ntc_temperature_sensor.o
                0x0000000008009bf2                NTC_SetFaultState
 .text.NTC_Init
                0x0000000008009c32       0x42 Middlewares/MotorControl/ntc_temperature_sensor.o
                0x0000000008009c32                NTC_Init
 .text.NTC_Clear
                0x0000000008009c74       0x1a Middlewares/MotorControl/ntc_temperature_sensor.o
                0x0000000008009c74                NTC_Clear
 .text.NTC_CalcAvTemp
                0x0000000008009c8e       0x80 Middlewares/MotorControl/ntc_temperature_sensor.o
                0x0000000008009c8e                NTC_CalcAvTemp
 .text.NTC_GetAvTemp_C
                0x0000000008009d0e       0x62 Middlewares/MotorControl/ntc_temperature_sensor.o
                0x0000000008009d0e                NTC_GetAvTemp_C
 .text.PID_HandleInit
                0x0000000008009d70       0x3e Middlewares/MotorControl/pid_regulator.o
                0x0000000008009d70                PID_HandleInit
 .text.PID_SetKP
                0x0000000008009dae       0x1e Middlewares/MotorControl/pid_regulator.o
                0x0000000008009dae                PID_SetKP
 .text.PID_SetKI
                0x0000000008009dcc       0x1e Middlewares/MotorControl/pid_regulator.o
                0x0000000008009dcc                PID_SetKI
 .text.PID_GetKP
                0x0000000008009dea       0x1a Middlewares/MotorControl/pid_regulator.o
                0x0000000008009dea                PID_GetKP
 .text.PID_GetKI
                0x0000000008009e04       0x1a Middlewares/MotorControl/pid_regulator.o
                0x0000000008009e04                PID_GetKI
 .text.PID_SetIntegralTerm
                0x0000000008009e1e       0x1c Middlewares/MotorControl/pid_regulator.o
                0x0000000008009e1e                PID_SetIntegralTerm
 .text.PID_GetKPDivisor
                0x0000000008009e3a       0x18 Middlewares/MotorControl/pid_regulator.o
                0x0000000008009e3a                PID_GetKPDivisor
 .text.PID_GetKIDivisor
                0x0000000008009e52       0x18 Middlewares/MotorControl/pid_regulator.o
                0x0000000008009e52                PID_GetKIDivisor
 .text.PID_SetKD
                0x0000000008009e6a       0x1e Middlewares/MotorControl/pid_regulator.o
                0x0000000008009e6a                PID_SetKD
 .text.PID_GetKD
                0x0000000008009e88       0x1a Middlewares/MotorControl/pid_regulator.o
                0x0000000008009e88                PID_GetKD
 *fill*         0x0000000008009ea2        0x2 
 .text.PI_Controller
                0x0000000008009ea4      0x124 Middlewares/MotorControl/pid_regulator.o
                0x0000000008009ea4                PI_Controller
 .text.PQD_CalcElMotorPower
                0x0000000008009fc8       0xd4 Middlewares/MotorControl/pqd_motor_power_measurement.o
                0x0000000008009fc8                PQD_CalcElMotorPower
 .text.LL_TIM_GetCounterMode
                0x000000000800a09c       0x1c Middlewares/MotorControl/pwm_common.o
 .text.LL_TIM_SetTriggerOutput
                0x000000000800a0b8       0x26 Middlewares/MotorControl/pwm_common.o
 .text.LL_TIM_ClearFlag_CC1
                0x000000000800a0de       0x1c Middlewares/MotorControl/pwm_common.o
 .text.LL_TIM_IsActiveFlag_CC1
                0x000000000800a0fa       0x26 Middlewares/MotorControl/pwm_common.o
 .text.LL_TIM_GenerateEvent_UPDATE
                0x000000000800a120       0x20 Middlewares/MotorControl/pwm_common.o
 .text.LL_APB1_GRP1_EnableClock
                0x000000000800a140       0x30 Middlewares/MotorControl/pwm_common.o
 .text.LL_APB1_GRP1_IsEnabledClock
                0x000000000800a170       0x2c Middlewares/MotorControl/pwm_common.o
 .text.LL_APB1_GRP1_DisableClock
                0x000000000800a19c       0x28 Middlewares/MotorControl/pwm_common.o
 .text.startTimers
                0x000000000800a1c4       0x5a Middlewares/MotorControl/pwm_common.o
                0x000000000800a1c4                startTimers
 .text.waitForPolarizationEnd
                0x000000000800a21e       0x84 Middlewares/MotorControl/pwm_common.o
                0x000000000800a21e                waitForPolarizationEnd
 .text.PWMC_GetPhaseCurrents
                0x000000000800a2a2       0x1c Middlewares/MotorControl/pwm_curr_fdbk.o
                0x000000000800a2a2                PWMC_GetPhaseCurrents
 .text.PWMC_SetPhaseVoltage
                0x000000000800a2be      0x412 Middlewares/MotorControl/pwm_curr_fdbk.o
                0x000000000800a2be                PWMC_SetPhaseVoltage
 .text.PWMC_SwitchOffPWM
                0x000000000800a6d0       0x18 Middlewares/MotorControl/pwm_curr_fdbk.o
                0x000000000800a6d0                PWMC_SwitchOffPWM
 .text.PWMC_CurrentReadingCalibr
                0x000000000800a6e8       0x86 Middlewares/MotorControl/pwm_curr_fdbk.o
                0x000000000800a6e8                PWMC_CurrentReadingCalibr
 .text.PWMC_CheckOverCurrent
                0x000000000800a76e       0x1a Middlewares/MotorControl/pwm_curr_fdbk.o
                0x000000000800a76e                PWMC_CheckOverCurrent
 .text.RVBS_Init
                0x000000000800a788       0x2a Middlewares/MotorControl/r_divider_bus_voltage_sensor.o
                0x000000000800a788                RVBS_Init
 .text.RVBS_Clear
                0x000000000800a7b2       0x5c Middlewares/MotorControl/r_divider_bus_voltage_sensor.o
                0x000000000800a7b2                RVBS_Clear
 .text.RVBS_CalcAvVbus
                0x000000000800a80e       0xc6 Middlewares/MotorControl/r_divider_bus_voltage_sensor.o
                0x000000000800a80e                RVBS_CalcAvVbus
 .text.RVBS_CheckFaultState
                0x000000000800a8d4       0x3e Middlewares/MotorControl/r_divider_bus_voltage_sensor.o
                0x000000000800a8d4                RVBS_CheckFaultState
 .text.REMNG_Init
                0x000000000800a912       0x32 Middlewares/MotorControl/ramp_ext_mngr.o
                0x000000000800a912                REMNG_Init
 .text.REMNG_Calc
                0x000000000800a944       0x6a Middlewares/MotorControl/ramp_ext_mngr.o
                0x000000000800a944                REMNG_Calc
 *fill*         0x000000000800a9ae        0x2 
 .text.REMNG_ExecRamp
                0x000000000800a9b0      0x114 Middlewares/MotorControl/ramp_ext_mngr.o
                0x000000000800a9b0                REMNG_ExecRamp
 .text.REMNG_RampCompleted
                0x000000000800aac4       0x26 Middlewares/MotorControl/ramp_ext_mngr.o
                0x000000000800aac4                REMNG_RampCompleted
 .text.getScalingFactor
                0x000000000800aaea       0x60 Middlewares/MotorControl/ramp_ext_mngr.o
                0x000000000800aaea                getScalingFactor
 .text.SPD_GetElAngle
                0x000000000800ab4a       0x1a Middlewares/MotorControl/speed_pos_fdbk.o
                0x000000000800ab4a                SPD_GetElAngle
 .text.SPD_GetAvrgMecSpeedUnit
                0x000000000800ab64       0x1a Middlewares/MotorControl/speed_pos_fdbk.o
                0x000000000800ab64                SPD_GetAvrgMecSpeedUnit
 .text.SPD_GetInstElSpeedDpp
                0x000000000800ab7e       0x1a Middlewares/MotorControl/speed_pos_fdbk.o
                0x000000000800ab7e                SPD_GetInstElSpeedDpp
 .text.SPD_IsMecSpeedReliable
                0x000000000800ab98       0xd6 Middlewares/MotorControl/speed_pos_fdbk.o
                0x000000000800ab98                SPD_IsMecSpeedReliable
 .text.SPD_GetS16Speed
                0x000000000800ac6e       0x3a Middlewares/MotorControl/speed_pos_fdbk.o
                0x000000000800ac6e                SPD_GetS16Speed
 .text.STC_Init
                0x000000000800aca8       0x58 Middlewares/MotorControl/speed_torq_ctrl.o
                0x000000000800aca8                STC_Init
 .text.STC_SetSpeedSensor
                0x000000000800ad00       0x1c Middlewares/MotorControl/speed_torq_ctrl.o
                0x000000000800ad00                STC_SetSpeedSensor
 .text.STC_GetSpeedSensor
                0x000000000800ad1c       0x18 Middlewares/MotorControl/speed_torq_ctrl.o
                0x000000000800ad1c                STC_GetSpeedSensor
 .text.STC_Clear
                0x000000000800ad34       0x24 Middlewares/MotorControl/speed_torq_ctrl.o
                0x000000000800ad34                STC_Clear
 .text.STC_GetMecSpeedRefUnit
                0x000000000800ad58       0x26 Middlewares/MotorControl/speed_torq_ctrl.o
                0x000000000800ad58                STC_GetMecSpeedRefUnit
 .text.STC_GetTorqueRef
                0x000000000800ad7e       0x26 Middlewares/MotorControl/speed_torq_ctrl.o
                0x000000000800ad7e                STC_GetTorqueRef
 .text.STC_SetControlMode
                0x000000000800ada4       0x24 Middlewares/MotorControl/speed_torq_ctrl.o
                0x000000000800ada4                STC_SetControlMode
 .text.STC_ExecRamp
                0x000000000800adc8      0x138 Middlewares/MotorControl/speed_torq_ctrl.o
                0x000000000800adc8                STC_ExecRamp
 .text.STC_StopRamp
                0x000000000800af00       0x20 Middlewares/MotorControl/speed_torq_ctrl.o
                0x000000000800af00                STC_StopRamp
 .text.STC_CalcTorqueReference
                0x000000000800af20       0xd0 Middlewares/MotorControl/speed_torq_ctrl.o
                0x000000000800af20                STC_CalcTorqueReference
 .text.STC_GetMecSpeedRefUnitDefault
                0x000000000800aff0       0x1a Middlewares/MotorControl/speed_torq_ctrl.o
                0x000000000800aff0                STC_GetMecSpeedRefUnitDefault
 .text.STC_GetMaxAppPositiveMecSpeedUnit
                0x000000000800b00a       0x18 Middlewares/MotorControl/speed_torq_ctrl.o
                0x000000000800b00a                STC_GetMaxAppPositiveMecSpeedUnit
 .text.STC_GetMinAppNegativeMecSpeedUnit
                0x000000000800b022       0x1a Middlewares/MotorControl/speed_torq_ctrl.o
                0x000000000800b022                STC_GetMinAppNegativeMecSpeedUnit
 .text.STC_GetDefaultIqdref
                0x000000000800b03c       0x36 Middlewares/MotorControl/speed_torq_ctrl.o
                0x000000000800b03c                STC_GetDefaultIqdref
 .text.STC_ForceSpeedReferenceToCurrentSpeed
                0x000000000800b072       0x22 Middlewares/MotorControl/speed_torq_ctrl.o
                0x000000000800b072                STC_ForceSpeedReferenceToCurrentSpeed
 .text.STM_Init
                0x000000000800b094       0x26 Middlewares/MotorControl/state_machine.o
                0x000000000800b094                STM_Init
 *fill*         0x000000000800b0ba        0x2 
 .text.STM_NextState
                0x000000000800b0bc      0x2c4 Middlewares/MotorControl/state_machine.o
                0x000000000800b0bc                STM_NextState
 .text.STM_FaultProcessing
                0x000000000800b380       0x7c Middlewares/MotorControl/state_machine.o
                0x000000000800b380                STM_FaultProcessing
 .text.STM_GetState
                0x000000000800b3fc       0x18 Middlewares/MotorControl/state_machine.o
                0x000000000800b3fc                STM_GetState
 .text.STM_FaultAcknowledged
                0x000000000800b414       0x32 Middlewares/MotorControl/state_machine.o
                0x000000000800b414                STM_FaultAcknowledged
 .text.STM_GetFaultState
                0x000000000800b446       0x28 Middlewares/MotorControl/state_machine.o
                0x000000000800b446                STM_GetFaultState
 .text.LL_USART_EnableIT_RXNE
                0x000000000800b46e       0x20 Middlewares/MotorControl/usart_frame_communication_protocol.o
 .text.LL_USART_EnableIT_TXE
                0x000000000800b48e       0x20 Middlewares/MotorControl/usart_frame_communication_protocol.o
 .text.LL_USART_DisableIT_RXNE
                0x000000000800b4ae       0x20 Middlewares/MotorControl/usart_frame_communication_protocol.o
 .text.LL_USART_DisableIT_TXE
                0x000000000800b4ce       0x20 Middlewares/MotorControl/usart_frame_communication_protocol.o
 .text.LL_USART_TransmitData8
                0x000000000800b4ee       0x1e Middlewares/MotorControl/usart_frame_communication_protocol.o
 .text.UFCP_Init
                0x000000000800b50c       0x18 Middlewares/MotorControl/usart_frame_communication_protocol.o
                0x000000000800b50c                UFCP_Init
 .text.UFCP_RX_IRQ_Handler
                0x000000000800b524      0x148 Middlewares/MotorControl/usart_frame_communication_protocol.o
                0x000000000800b524                UFCP_RX_IRQ_Handler
 .text.UFCP_TX_IRQ_Handler
                0x000000000800b66c       0xc0 Middlewares/MotorControl/usart_frame_communication_protocol.o
                0x000000000800b66c                UFCP_TX_IRQ_Handler
 .text.UFCP_OVR_IRQ_Handler
                0x000000000800b72c       0x26 Middlewares/MotorControl/usart_frame_communication_protocol.o
                0x000000000800b72c                UFCP_OVR_IRQ_Handler
 .text.UFCP_Receive
                0x000000000800b752       0x46 Middlewares/MotorControl/usart_frame_communication_protocol.o
                0x000000000800b752                UFCP_Receive
 .text.UFCP_Send
                0x000000000800b798       0x94 Middlewares/MotorControl/usart_frame_communication_protocol.o
                0x000000000800b798                UFCP_Send
 .text.UFCP_AbortReceive
                0x000000000800b82c       0x1c Middlewares/MotorControl/usart_frame_communication_protocol.o
                0x000000000800b82c                UFCP_AbortReceive
 .text.VSS_Init
                0x000000000800b848       0x16 Middlewares/MotorControl/virtual_speed_sensor.o
                0x000000000800b848                VSS_Init
 .text.VSS_Clear
                0x000000000800b85e       0x80 Middlewares/MotorControl/virtual_speed_sensor.o
                0x000000000800b85e                VSS_Clear
 .text.VSS_CalcElAngle
                0x000000000800b8de      0x16c Middlewares/MotorControl/virtual_speed_sensor.o
                0x000000000800b8de                VSS_CalcElAngle
 .text.VSS_CalcAvrgMecSpeedUnit
                0x000000000800ba4a      0x12a Middlewares/MotorControl/virtual_speed_sensor.o
                0x000000000800ba4a                VSS_CalcAvrgMecSpeedUnit
 .text.VSS_SetMecAngle
                0x000000000800bb74       0x3a Middlewares/MotorControl/virtual_speed_sensor.o
                0x000000000800bb74                VSS_SetMecAngle
 *fill*         0x000000000800bbae        0x2 
 .text.VSS_SetMecAcceleration
                0x000000000800bbb0      0x110 Middlewares/MotorControl/virtual_speed_sensor.o
                0x000000000800bbb0                VSS_SetMecAcceleration
 .text.VSS_SetStartTransition
                0x000000000800bcc0       0x48 Middlewares/MotorControl/virtual_speed_sensor.o
                0x000000000800bcc0                VSS_SetStartTransition
 .text.VSS_TransitionEnded
                0x000000000800bd08       0x1a Middlewares/MotorControl/virtual_speed_sensor.o
                0x000000000800bd08                VSS_TransitionEnded
 *fill*         0x000000000800bd22        0x2 
 .text.RUC_Init
                0x000000000800bd24       0x7c ../../MCSDK_v5.4.4/MotorControl/lib\libmc-gcc_M4_NoCCMRAM.lib(revup_ctrl.o)
                0x000000000800bd24                RUC_Init
 .text.RUC_Clear
                0x000000000800bda0       0x90 ../../MCSDK_v5.4.4/MotorControl/lib\libmc-gcc_M4_NoCCMRAM.lib(revup_ctrl.o)
                0x000000000800bda0                RUC_Clear
 .text.RUC_Exec
                0x000000000800be30       0x74 ../../MCSDK_v5.4.4/MotorControl/lib\libmc-gcc_M4_NoCCMRAM.lib(revup_ctrl.o)
                0x000000000800be30                RUC_Exec
 .text.RUC_FirstAccelerationStageReached
                0x000000000800bea4       0x14 ../../MCSDK_v5.4.4/MotorControl/lib\libmc-gcc_M4_NoCCMRAM.lib(revup_ctrl.o)
                0x000000000800bea4                RUC_FirstAccelerationStageReached
 .text.RUC_SetPhaseDurationms
                0x000000000800beb8        0xc ../../MCSDK_v5.4.4/MotorControl/lib\libmc-gcc_M4_NoCCMRAM.lib(revup_ctrl.o)
                0x000000000800beb8                RUC_SetPhaseDurationms
 .text.RUC_SetPhaseFinalMecSpeedUnit
                0x000000000800bec4        0xc ../../MCSDK_v5.4.4/MotorControl/lib\libmc-gcc_M4_NoCCMRAM.lib(revup_ctrl.o)
                0x000000000800bec4                RUC_SetPhaseFinalMecSpeedUnit
 .text.RUC_SetPhaseFinalTorque
                0x000000000800bed0        0xc ../../MCSDK_v5.4.4/MotorControl/lib\libmc-gcc_M4_NoCCMRAM.lib(revup_ctrl.o)
                0x000000000800bed0                RUC_SetPhaseFinalTorque
 .text.RUC_GetPhaseDurationms
                0x000000000800bedc        0xc ../../MCSDK_v5.4.4/MotorControl/lib\libmc-gcc_M4_NoCCMRAM.lib(revup_ctrl.o)
                0x000000000800bedc                RUC_GetPhaseDurationms
 .text.RUC_GetPhaseFinalMecSpeedUnit
                0x000000000800bee8       0x10 ../../MCSDK_v5.4.4/MotorControl/lib\libmc-gcc_M4_NoCCMRAM.lib(revup_ctrl.o)
                0x000000000800bee8                RUC_GetPhaseFinalMecSpeedUnit
 .text.RUC_GetPhaseFinalTorque
                0x000000000800bef8       0x10 ../../MCSDK_v5.4.4/MotorControl/lib\libmc-gcc_M4_NoCCMRAM.lib(revup_ctrl.o)
                0x000000000800bef8                RUC_GetPhaseFinalTorque
 .text.RUC_GetNumberOfPhases
                0x000000000800bf08        0x8 ../../MCSDK_v5.4.4/MotorControl/lib\libmc-gcc_M4_NoCCMRAM.lib(revup_ctrl.o)
                0x000000000800bf08                RUC_GetNumberOfPhases
 .text.STO_PLL_CalcElAngle
                0x000000000800bf10      0x1d4 ../../MCSDK_v5.4.4/MotorControl/lib\libmc-gcc_M4_NoCCMRAM.lib(sto_pll_speed_pos_fdbk.o)
                0x000000000800bf10                STO_PLL_CalcElAngle
 .text.STO_PLL_CalcAvrgMecSpeedUnit
                0x000000000800c0e4      0x140 ../../MCSDK_v5.4.4/MotorControl/lib\libmc-gcc_M4_NoCCMRAM.lib(sto_pll_speed_pos_fdbk.o)
                0x000000000800c0e4                STO_PLL_CalcAvrgMecSpeedUnit
 .text.STO_PLL_CalcAvrgElSpeedDpp
                0x000000000800c224       0x54 ../../MCSDK_v5.4.4/MotorControl/lib\libmc-gcc_M4_NoCCMRAM.lib(sto_pll_speed_pos_fdbk.o)
                0x000000000800c224                STO_PLL_CalcAvrgElSpeedDpp
 .text.STO_PLL_Clear
                0x000000000800c278       0x5c ../../MCSDK_v5.4.4/MotorControl/lib\libmc-gcc_M4_NoCCMRAM.lib(sto_pll_speed_pos_fdbk.o)
                0x000000000800c278                STO_PLL_Clear
 .text.STO_PLL_Init
                0x000000000800c2d4       0x74 ../../MCSDK_v5.4.4/MotorControl/lib\libmc-gcc_M4_NoCCMRAM.lib(sto_pll_speed_pos_fdbk.o)
                0x000000000800c2d4                STO_PLL_Init
 .text.STO_PLL_IsObserverConverged
                0x000000000800c348       0xac ../../MCSDK_v5.4.4/MotorControl/lib\libmc-gcc_M4_NoCCMRAM.lib(sto_pll_speed_pos_fdbk.o)
                0x000000000800c348                STO_PLL_IsObserverConverged
 .text.STO_PLL_GetEstimatedBemf
                0x000000000800c3f4       0x18 ../../MCSDK_v5.4.4/MotorControl/lib\libmc-gcc_M4_NoCCMRAM.lib(sto_pll_speed_pos_fdbk.o)
                0x000000000800c3f4                STO_PLL_GetEstimatedBemf
 .text.STO_PLL_GetEstimatedCurrent
                0x000000000800c40c       0x28 ../../MCSDK_v5.4.4/MotorControl/lib\libmc-gcc_M4_NoCCMRAM.lib(sto_pll_speed_pos_fdbk.o)
                0x000000000800c40c                STO_PLL_GetEstimatedCurrent
 .text.STO_PLL_GetObserverGains
                0x000000000800c434       0x10 ../../MCSDK_v5.4.4/MotorControl/lib\libmc-gcc_M4_NoCCMRAM.lib(sto_pll_speed_pos_fdbk.o)
                0x000000000800c434                STO_PLL_GetObserverGains
 .text.STO_PLL_SetObserverGains
                0x000000000800c444        0x8 ../../MCSDK_v5.4.4/MotorControl/lib\libmc-gcc_M4_NoCCMRAM.lib(sto_pll_speed_pos_fdbk.o)
                0x000000000800c444                STO_PLL_SetObserverGains
 .text.STO_GetPLLGains
                0x000000000800c44c       0x1c ../../MCSDK_v5.4.4/MotorControl/lib\libmc-gcc_M4_NoCCMRAM.lib(sto_pll_speed_pos_fdbk.o)
                0x000000000800c44c                STO_GetPLLGains
 .text.STO_SetPLLGains
                0x000000000800c468       0x1c ../../MCSDK_v5.4.4/MotorControl/lib\libmc-gcc_M4_NoCCMRAM.lib(sto_pll_speed_pos_fdbk.o)
                0x000000000800c468                STO_SetPLLGains
 .text.STO_OTF_ResetPLL
                0x000000000800c484        0xc ../../MCSDK_v5.4.4/MotorControl/lib\libmc-gcc_M4_NoCCMRAM.lib(sto_pll_speed_pos_fdbk.o)
                0x000000000800c484                STO_OTF_ResetPLL
 .text.STO_ResetPLL
                0x000000000800c490        0x8 ../../MCSDK_v5.4.4/MotorControl/lib\libmc-gcc_M4_NoCCMRAM.lib(sto_pll_speed_pos_fdbk.o)
                0x000000000800c490                STO_ResetPLL
 .text.STO_PLL_GetEstimatedBemfLevel
                0x000000000800c498        0x8 ../../MCSDK_v5.4.4/MotorControl/lib\libmc-gcc_M4_NoCCMRAM.lib(sto_pll_speed_pos_fdbk.o)
                0x000000000800c498                STO_PLL_GetEstimatedBemfLevel
 .text.STO_PLL_GetObservedBemfLevel
                0x000000000800c4a0        0x8 ../../MCSDK_v5.4.4/MotorControl/lib\libmc-gcc_M4_NoCCMRAM.lib(sto_pll_speed_pos_fdbk.o)
                0x000000000800c4a0                STO_PLL_GetObservedBemfLevel
 .text.STO_PLL_IsVarianceTight
                0x000000000800c4a8        0x8 ../../MCSDK_v5.4.4/MotorControl/lib\libmc-gcc_M4_NoCCMRAM.lib(sto_pll_speed_pos_fdbk.o)
                0x000000000800c4a8                STO_PLL_IsVarianceTight
 .text.STO_PLL_ForceConvergency1
                0x000000000800c4b0        0xc ../../MCSDK_v5.4.4/MotorControl/lib\libmc-gcc_M4_NoCCMRAM.lib(sto_pll_speed_pos_fdbk.o)
                0x000000000800c4b0                STO_PLL_ForceConvergency1
 .text.STO_PLL_ForceConvergency2
                0x000000000800c4bc        0xc ../../MCSDK_v5.4.4/MotorControl/lib\libmc-gcc_M4_NoCCMRAM.lib(sto_pll_speed_pos_fdbk.o)
                0x000000000800c4bc                STO_PLL_ForceConvergency2
 .text.__libc_init_array
                0x000000000800c4c8       0x48 c:/st/stm32cubeide_1.5.0/stm32cubeide/plugins/com.st.stm32cube.ide.mcu.externaltools.gnu-tools-for-stm32.7-2018-q2-update.win32_1.5.0.202011040924/tools/bin/../lib/gcc/arm-none-eabi/7.3.1/../../../../arm-none-eabi/lib/thumb/v7e-m/fpv4-sp/hard\libc_nano.a(lib_a-init.o)
                0x000000000800c4c8                __libc_init_array
 .text.memset   0x000000000800c510       0x10 c:/st/stm32cubeide_1.5.0/stm32cubeide/plugins/com.st.stm32cube.ide.mcu.externaltools.gnu-tools-for-stm32.7-2018-q2-update.win32_1.5.0.202011040924/tools/bin/../lib/gcc/arm-none-eabi/7.3.1/../../../../arm-none-eabi/lib/thumb/v7e-m/fpv4-sp/hard\libc_nano.a(lib_a-memset.o)
                0x000000000800c510                memset
 *(.glue_7)
 .glue_7        0x000000000800c520        0x0 linker stubs
 *(.glue_7t)
 .glue_7t       0x000000000800c520        0x0 linker stubs
 *(.eh_frame)
 .eh_frame      0x000000000800c520        0x0 c:/st/stm32cubeide_1.5.0/stm32cubeide/plugins/com.st.stm32cube.ide.mcu.externaltools.gnu-tools-for-stm32.7-2018-q2-update.win32_1.5.0.202011040924/tools/bin/../lib/gcc/arm-none-eabi/7.3.1/thumb/v7e-m/fpv4-sp/hard/crtbegin.o
 *(.init)
 .init          0x000000000800c520        0x4 c:/st/stm32cubeide_1.5.0/stm32cubeide/plugins/com.st.stm32cube.ide.mcu.externaltools.gnu-tools-for-stm32.7-2018-q2-update.win32_1.5.0.202011040924/tools/bin/../lib/gcc/arm-none-eabi/7.3.1/thumb/v7e-m/fpv4-sp/hard/crti.o
                0x000000000800c520                _init
 .init          0x000000000800c524        0x8 c:/st/stm32cubeide_1.5.0/stm32cubeide/plugins/com.st.stm32cube.ide.mcu.externaltools.gnu-tools-for-stm32.7-2018-q2-update.win32_1.5.0.202011040924/tools/bin/../lib/gcc/arm-none-eabi/7.3.1/thumb/v7e-m/fpv4-sp/hard/crtn.o
 *(.fini)
 .fini          0x000000000800c52c        0x4 c:/st/stm32cubeide_1.5.0/stm32cubeide/plugins/com.st.stm32cube.ide.mcu.externaltools.gnu-tools-for-stm32.7-2018-q2-update.win32_1.5.0.202011040924/tools/bin/../lib/gcc/arm-none-eabi/7.3.1/thumb/v7e-m/fpv4-sp/hard/crti.o
                0x000000000800c52c                _fini
 .fini          0x000000000800c530        0x8 c:/st/stm32cubeide_1.5.0/stm32cubeide/plugins/com.st.stm32cube.ide.mcu.externaltools.gnu-tools-for-stm32.7-2018-q2-update.win32_1.5.0.202011040924/tools/bin/../lib/gcc/arm-none-eabi/7.3.1/thumb/v7e-m/fpv4-sp/hard/crtn.o
                0x000000000800c538                . = ALIGN (0x4)
                0x000000000800c538                _etext = .

.vfp11_veneer   0x000000000800c538        0x0
 .vfp11_veneer  0x000000000800c538        0x0 linker stubs

.v4_bx          0x000000000800c538        0x0
 .v4_bx         0x000000000800c538        0x0 linker stubs

.iplt           0x000000000800c538        0x0
 .iplt          0x000000000800c538        0x0 c:/st/stm32cubeide_1.5.0/stm32cubeide/plugins/com.st.stm32cube.ide.mcu.externaltools.gnu-tools-for-stm32.7-2018-q2-update.win32_1.5.0.202011040924/tools/bin/../lib/gcc/arm-none-eabi/7.3.1/thumb/v7e-m/fpv4-sp/hard/crtbegin.o

.rodata         0x000000000800c538      0x290
                0x000000000800c538                . = ALIGN (0x4)
 *(.rodata)
 *(.rodata*)
 .rodata.hSin_Cos_Table
                0x000000000800c538      0x200 Application/User/mc_math.o
                0x000000000800c538                hSin_Cos_Table
 .rodata.ICS_ParamsM1
                0x000000000800c738       0x30 Application/User/mc_parameters.o
                0x000000000800c738                ICS_ParamsM1
 .rodata.s_fwVer
                0x000000000800c768       0x20 Application/User/motorcontrol.o
                0x000000000800c768                s_fwVer
 .rodata.AHBPrescTable
                0x000000000800c788       0x10 Drivers/CMSIS/system_stm32f4xx.o
                0x000000000800c788                AHBPrescTable
 .rodata.APBPrescTable
                0x000000000800c798        0x8 Drivers/CMSIS/system_stm32f4xx.o
                0x000000000800c798                APBPrescTable
 .rodata.OFFSET_TAB_CCMRx
                0x000000000800c7a0        0x7 Middlewares/MotorControl/hall_speed_pos_fdbk.o
 *fill*         0x000000000800c7a7        0x1 
 .rodata.SHIFT_TAB_ICxx
                0x000000000800c7a8        0x7 Middlewares/MotorControl/hall_speed_pos_fdbk.o
 *fill*         0x000000000800c7af        0x1 
 .rodata.OFFSET_TAB_CCMRx
                0x000000000800c7b0        0x7 Middlewares/MotorControl/ics_f4xx_pwm_curr_fdbk.o
 *fill*         0x000000000800c7b7        0x1 
 .rodata.SHIFT_TAB_OCxx
                0x000000000800c7b8        0x7 Middlewares/MotorControl/ics_f4xx_pwm_curr_fdbk.o
 *fill*         0x000000000800c7bf        0x1 
 .rodata.UFCP_Usart_Timeout_none
                0x000000000800c7c0        0x2 Middlewares/MotorControl/usart_frame_communication_protocol.o
 .rodata.UFCP_Usart_Timeout_start
                0x000000000800c7c2        0x2 Middlewares/MotorControl/usart_frame_communication_protocol.o
 .rodata.UFCP_Usart_Timeout_stop
                0x000000000800c7c4        0x2 Middlewares/MotorControl/usart_frame_communication_protocol.o
                0x000000000800c7c8                . = ALIGN (0x4)
 *fill*         0x000000000800c7c6        0x2 

.ARM.extab      0x000000000800c7c8        0x0
                0x000000000800c7c8                . = ALIGN (0x4)
 *(.ARM.extab* .gnu.linkonce.armextab.*)
                0x000000000800c7c8                . = ALIGN (0x4)

.ARM            0x000000000800c7c8        0x8
                0x000000000800c7c8                . = ALIGN (0x4)
                0x000000000800c7c8                __exidx_start = .
 *(.ARM.exidx*)
 .ARM.exidx     0x000000000800c7c8        0x8 c:/st/stm32cubeide_1.5.0/stm32cubeide/plugins/com.st.stm32cube.ide.mcu.externaltools.gnu-tools-for-stm32.7-2018-q2-update.win32_1.5.0.202011040924/tools/bin/../lib/gcc/arm-none-eabi/7.3.1/thumb/v7e-m/fpv4-sp/hard\libgcc.a(_udivmoddi4.o)
                0x000000000800c7d0                __exidx_end = .
                0x000000000800c7d0                . = ALIGN (0x4)

.rel.dyn        0x000000000800c7d0        0x0
 .rel.iplt      0x000000000800c7d0        0x0 c:/st/stm32cubeide_1.5.0/stm32cubeide/plugins/com.st.stm32cube.ide.mcu.externaltools.gnu-tools-for-stm32.7-2018-q2-update.win32_1.5.0.202011040924/tools/bin/../lib/gcc/arm-none-eabi/7.3.1/thumb/v7e-m/fpv4-sp/hard/crtbegin.o

.preinit_array  0x000000000800c7d0        0x0
                0x000000000800c7d0                . = ALIGN (0x4)
                0x000000000800c7d0                PROVIDE (__preinit_array_start = .)
 *(.preinit_array*)
                0x000000000800c7d0                PROVIDE (__preinit_array_end = .)
                0x000000000800c7d0                . = ALIGN (0x4)

.init_array     0x000000000800c7d0        0x4
                0x000000000800c7d0                . = ALIGN (0x4)
                0x000000000800c7d0                PROVIDE (__init_array_start = .)
 *(SORT_BY_NAME(.init_array.*))
 *(.init_array*)
 .init_array    0x000000000800c7d0        0x4 c:/st/stm32cubeide_1.5.0/stm32cubeide/plugins/com.st.stm32cube.ide.mcu.externaltools.gnu-tools-for-stm32.7-2018-q2-update.win32_1.5.0.202011040924/tools/bin/../lib/gcc/arm-none-eabi/7.3.1/thumb/v7e-m/fpv4-sp/hard/crtbegin.o
                0x000000000800c7d4                PROVIDE (__init_array_end = .)
                0x000000000800c7d4                . = ALIGN (0x4)

.fini_array     0x000000000800c7d4        0x4
                0x000000000800c7d4                . = ALIGN (0x4)
                [!provide]                        PROVIDE (__fini_array_start = .)
 *(SORT_BY_NAME(.fini_array.*))
 *(.fini_array*)
 .fini_array    0x000000000800c7d4        0x4 c:/st/stm32cubeide_1.5.0/stm32cubeide/plugins/com.st.stm32cube.ide.mcu.externaltools.gnu-tools-for-stm32.7-2018-q2-update.win32_1.5.0.202011040924/tools/bin/../lib/gcc/arm-none-eabi/7.3.1/thumb/v7e-m/fpv4-sp/hard/crtbegin.o
                [!provide]                        PROVIDE (__fini_array_end = .)
                0x000000000800c7d8                . = ALIGN (0x4)
                0x000000000800c7d8                _sidata = LOADADDR (.data)

.data           0x0000000020000000      0x760 load address 0x000000000800c7d8
                0x0000000020000000                . = ALIGN (0x4)
                0x0000000020000000                _sdata = .
 *(.data)
 *(.data*)
 .data.PQD_MotorPowMeasM1
                0x0000000020000000      0x114 Application/User/mc_config.o
                0x0000000020000000                PQD_MotorPowMeasM1
 .data.PIDSpeedHandle_M1
                0x0000000020000114       0x2c Application/User/mc_config.o
                0x0000000020000114                PIDSpeedHandle_M1
 .data.PIDIqHandle_M1
                0x0000000020000140       0x2c Application/User/mc_config.o
                0x0000000020000140                PIDIqHandle_M1
 .data.PIDIdHandle_M1
                0x000000002000016c       0x2c Application/User/mc_config.o
                0x000000002000016c                PIDIdHandle_M1
 .data.SpeednTorqCtrlM1
                0x0000000020000198       0x34 Application/User/mc_config.o
                0x0000000020000198                SpeednTorqCtrlM1
 .data.RevUpControlM1
                0x00000000200001cc       0x78 Application/User/mc_config.o
                0x00000000200001cc                RevUpControlM1
 .data.PWM_Handle_M1
                0x0000000020000244       0x74 Application/User/mc_config.o
                0x0000000020000244                PWM_Handle_M1
 .data.VirtualSpeedSensorM1
                0x00000000200002b8       0x38 Application/User/mc_config.o
                0x00000000200002b8                VirtualSpeedSensorM1
 .data.STO_PLL_M1
                0x00000000200002f0      0x128 Application/User/mc_config.o
                0x00000000200002f0                STO_PLL_M1
 .data.STO_M1   0x0000000020000418       0x14 Application/User/mc_config.o
                0x0000000020000418                STO_M1
 .data.HALL_M1  0x000000002000042c       0xc8 Application/User/mc_config.o
                0x000000002000042c                HALL_M1
 .data.TempSensorParamsM1
                0x00000000200004f4       0x28 Application/User/mc_config.o
                0x00000000200004f4                TempSensorParamsM1
 .data.RealBusVoltageSensorParamsM1
                0x000000002000051c       0x28 Application/User/mc_config.o
                0x000000002000051c                RealBusVoltageSensorParamsM1
 .data.RampExtMngrHFParamsM1
                0x0000000020000544       0x18 Application/User/mc_config.o
                0x0000000020000544                RampExtMngrHFParamsM1
 .data.CircleLimitationM1
                0x000000002000055c       0xb4 Application/User/mc_config.o
                0x000000002000055c                CircleLimitationM1
 .data.pUSART   0x0000000020000610      0x13c Application/User/mc_config.o
                0x0000000020000610                pUSART
 .data.wConfig  0x000000002000074c        0x4 Application/User/motorcontrol.o
                0x000000002000074c                wConfig
 .data.SystickDividerCounter.13325
                0x0000000020000750        0x1 Application/User/stm32f4xx_mc_it.o
 *fill*         0x0000000020000751        0x1 
 .data.bCOMATRTimeCounter
                0x0000000020000752        0x2 Application/User/ui_task.o
 .data.SystemCoreClock
                0x0000000020000754        0x4 Drivers/CMSIS/system_stm32f4xx.o
                0x0000000020000754                SystemCoreClock
 .data.uwTickPrio
                0x0000000020000758        0x4 Drivers/STM32F4xx_HAL_Driver/stm32f4xx_hal.o
                0x0000000020000758                uwTickPrio
 .data.uwTickFreq
                0x000000002000075c        0x1 Drivers/STM32F4xx_HAL_Driver/stm32f4xx_hal.o
                0x000000002000075c                uwTickFreq
                0x0000000020000760                . = ALIGN (0x4)
 *fill*         0x000000002000075d        0x3 
                0x0000000020000760                _edata = .

.igot.plt       0x0000000020000760        0x0 load address 0x000000000800cf38
 .igot.plt      0x0000000020000760        0x0 c:/st/stm32cubeide_1.5.0/stm32cubeide/plugins/com.st.stm32cube.ide.mcu.externaltools.gnu-tools-for-stm32.7-2018-q2-update.win32_1.5.0.202011040924/tools/bin/../lib/gcc/arm-none-eabi/7.3.1/thumb/v7e-m/fpv4-sp/hard/crtbegin.o
                0x0000000020000760                . = ALIGN (0x4)

.bss            0x0000000020000760      0x37c load address 0x000000000800cf38
                0x0000000020000760                _sbss = .
                0x0000000020000760                __bss_start__ = _sbss
 *(.bss)
 .bss           0x0000000020000760       0x1c c:/st/stm32cubeide_1.5.0/stm32cubeide/plugins/com.st.stm32cube.ide.mcu.externaltools.gnu-tools-for-stm32.7-2018-q2-update.win32_1.5.0.202011040924/tools/bin/../lib/gcc/arm-none-eabi/7.3.1/thumb/v7e-m/fpv4-sp/hard/crtbegin.o
 *(.bss*)
 .bss.UI_Params
                0x000000002000077c       0x18 Application/User/mc_config.o
                0x000000002000077c                UI_Params
 .bss.hMFTaskCounterM1
                0x0000000020000794        0x2 Application/User/mc_tasks.o
 .bss.hBootCapDelayCounterM1
                0x0000000020000796        0x2 Application/User/mc_tasks.o
 .bss.hStopPermanencyCounterM1
                0x0000000020000798        0x2 Application/User/mc_tasks.o
 .bss.bMCBootCompleted
                0x000000002000079a        0x1 Application/User/mc_tasks.o
                0x000000002000079a                bMCBootCompleted
 *fill*         0x000000002000079b        0x1 
 .bss.MPInfo    0x000000002000079c        0x8 Application/User/motor_control_protocol.o
                0x000000002000079c                MPInfo
 .bss.pMCP      0x00000000200007a4        0x4 Application/User/ui_task.o
                0x00000000200007a4                pMCP
 .bss.bUITaskCounter
                0x00000000200007a8        0x2 Application/User/ui_task.o
 .bss.bCOMTimeoutCounter
                0x00000000200007aa        0x2 Application/User/ui_task.o
 *(COMMON)
 COMMON         0x00000000200007ac      0x150 Application/User/main.o
                0x00000000200007ac                hadc2
                0x00000000200007f4                hadc1
                0x000000002000083c                htim1
                0x000000002000087c                htim2
                0x00000000200008bc                huart2
 COMMON         0x00000000200008fc       0x14 Application/User/mc_config.o
                0x00000000200008fc                RealBusVoltageSensorFilterBufferM1
 COMMON         0x0000000020000910       0xd4 Application/User/mc_tasks.o
                0x0000000020000910                pOCPDisabling
                0x0000000020000914                pTemperatureSensor
                0x0000000020000918                pwmcHandle
                0x000000002000091c                pPIDSpeed
                0x0000000020000920                pPIDIq
                0x0000000020000924                oMCInterface
                0x0000000020000928                pR_Brake
                0x000000002000092c                FOCVars
                0x0000000020000954                MCT
                0x00000000200009a8                pCLM
                0x00000000200009ac                pBusSensorM1
                0x00000000200009b0                Mci
                0x00000000200009cc                STM
                0x00000000200009d4                pREMNG
                0x00000000200009d8                pMPM
                0x00000000200009dc                pPIDId
                0x00000000200009e0                pSTC
 COMMON         0x00000000200009e4        0x8 Application/User/motorcontrol.o
                0x00000000200009e4                pMCI
                0x00000000200009e8                pMCT
 COMMON         0x00000000200009ec       0x3a Application/User/regular_conversion_manager.o
                0x00000000200009ec                RCM_UserConvHandle
                0x00000000200009f0                RCM_CB_array
                0x0000000020000a10                RCM_UserConvState
                0x0000000020000a14                RCM_handle_array
                0x0000000020000a24                RCM_UserConvValue
 *fill*         0x0000000020000a26        0x2 
 COMMON         0x0000000020000a28       0xb0 Application/User/ui_task.o
                0x0000000020000a28                MCP_UI_Params
 COMMON         0x0000000020000ad8        0x4 Drivers/STM32F4xx_HAL_Driver/stm32f4xx_hal.o
                0x0000000020000ad8                uwTick
                0x0000000020000adc                . = ALIGN (0x4)
                0x0000000020000adc                _ebss = .
                0x0000000020000adc                __bss_end__ = _ebss

._user_heap_stack
                0x0000000020000adc      0x604 load address 0x000000000800cf38
                0x0000000020000ae0                . = ALIGN (0x8)
 *fill*         0x0000000020000adc        0x4 
                [!provide]                        PROVIDE (end = .)
                0x0000000020000ae0                PROVIDE (_end = .)
                0x0000000020000ce0                . = (. + _Min_Heap_Size)
 *fill*         0x0000000020000ae0      0x200 
                0x00000000200010e0                . = (. + _Min_Stack_Size)
 *fill*         0x0000000020000ce0      0x400 
                0x00000000200010e0                . = ALIGN (0x8)

/DISCARD/
 libc.a(*)
 libm.a(*)
 libgcc.a(*)

.ARM.attributes
                0x0000000000000000       0x30
 *(.ARM.attributes)
 .ARM.attributes
                0x0000000000000000       0x22 c:/st/stm32cubeide_1.5.0/stm32cubeide/plugins/com.st.stm32cube.ide.mcu.externaltools.gnu-tools-for-stm32.7-2018-q2-update.win32_1.5.0.202011040924/tools/bin/../lib/gcc/arm-none-eabi/7.3.1/thumb/v7e-m/fpv4-sp/hard/crti.o
 .ARM.attributes
                0x0000000000000022       0x34 c:/st/stm32cubeide_1.5.0/stm32cubeide/plugins/com.st.stm32cube.ide.mcu.externaltools.gnu-tools-for-stm32.7-2018-q2-update.win32_1.5.0.202011040924/tools/bin/../lib/gcc/arm-none-eabi/7.3.1/thumb/v7e-m/fpv4-sp/hard/crtbegin.o
 .ARM.attributes
                0x0000000000000056       0x21 Application/Startup/startup_stm32f446retx.o
 .ARM.attributes
                0x0000000000000077       0x39 Application/User/main.o
 .ARM.attributes
                0x00000000000000b0       0x39 Application/User/mc_config.o
 .ARM.attributes
                0x00000000000000e9       0x39 Application/User/mc_interface.o
 .ARM.attributes
                0x0000000000000122       0x39 Application/User/mc_math.o
 .ARM.attributes
                0x000000000000015b       0x39 Application/User/mc_parameters.o
 .ARM.attributes
                0x0000000000000194       0x39 Application/User/mc_tasks.o
 .ARM.attributes
                0x00000000000001cd       0x39 Application/User/motor_control_protocol.o
 .ARM.attributes
                0x0000000000000206       0x39 Application/User/motorcontrol.o
 .ARM.attributes
                0x000000000000023f       0x39 Application/User/regular_conversion_manager.o
 .ARM.attributes
                0x0000000000000278       0x39 Application/User/stm32f4xx_hal_msp.o
 .ARM.attributes