Archive member included to satisfy reference by file (symbol)

../../MCSDK_v5.4.5/MotorControl/lib\libmc-gcc_M4_NoCCMRAM.lib(revup_ctrl.o)
                              Application/User/user_interface.o (RUC_SetPhaseDurationms)
../../MCSDK_v5.4.5/MotorControl/lib\libmc-gcc_M4_NoCCMRAM.lib(sto_pll_speed_pos_fdbk.o)
                              Application/User/mc_tasks.o (STO_PLL_CalcElAngle)
c:/st/stm32cubeide_1.5.0/stm32cubeide/plugins/com.st.stm32cube.ide.mcu.externaltools.gnu-tools-for-stm32.7-2018-q2-update.win32_1.5.0.202011040924/tools/bin/../lib/gcc/arm-none-eabi/7.3.1/../../../../arm-none-eabi/lib/thumb/v7e-m/fpv4-sp/hard\libc_nano.a(lib_a-errno.o)
                              Application/User/syscalls.o (__errno)
c:/st/stm32cubeide_1.5.0/stm32cubeide/plugins/com.st.stm32cube.ide.mcu.externaltools.gnu-tools-for-stm32.7-2018-q2-update.win32_1.5.0.202011040924/tools/bin/../lib/gcc/arm-none-eabi/7.3.1/../../../../arm-none-eabi/lib/thumb/v7e-m/fpv4-sp/hard\libc_nano.a(lib_a-exit.o)
                              c:/st/stm32cubeide_1.5.0/stm32cubeide/plugins/com.st.stm32cube.ide.mcu.externaltools.gnu-tools-for-stm32.7-2018-q2-update.win32_1.5.0.202011040924/tools/bin/../lib/gcc/arm-none-eabi/7.3.1/../../../../arm-none-eabi/lib/thumb/v7e-m/fpv4-sp/hard/crt0.o (exit)
c:/st/stm32cubeide_1.5.0/stm32cubeide/plugins/com.st.stm32cube.ide.mcu.externaltools.gnu-tools-for-stm32.7-2018-q2-update.win32_1.5.0.202011040924/tools/bin/../lib/gcc/arm-none-eabi/7.3.1/../../../../arm-none-eabi/lib/thumb/v7e-m/fpv4-sp/hard\libc_nano.a(lib_a-impure.o)
                              c:/st/stm32cubeide_1.5.0/stm32cubeide/plugins/com.st.stm32cube.ide.mcu.externaltools.gnu-tools-for-stm32.7-2018-q2-update.win32_1.5.0.202011040924/tools/bin/../lib/gcc/arm-none-eabi/7.3.1/../../../../arm-none-eabi/lib/thumb/v7e-m/fpv4-sp/hard\libc_nano.a(lib_a-exit.o) (_global_impure_ptr)
c:/st/stm32cubeide_1.5.0/stm32cubeide/plugins/com.st.stm32cube.ide.mcu.externaltools.gnu-tools-for-stm32.7-2018-q2-update.win32_1.5.0.202011040924/tools/bin/../lib/gcc/arm-none-eabi/7.3.1/../../../../arm-none-eabi/lib/thumb/v7e-m/fpv4-sp/hard\libc_nano.a(lib_a-init.o)
                              c:/st/stm32cubeide_1.5.0/stm32cubeide/plugins/com.st.stm32cube.ide.mcu.externaltools.gnu-tools-for-stm32.7-2018-q2-update.win32_1.5.0.202011040924/tools/bin/../lib/gcc/arm-none-eabi/7.3.1/../../../../arm-none-eabi/lib/thumb/v7e-m/fpv4-sp/hard/crt0.o (__libc_init_array)
c:/st/stm32cubeide_1.5.0/stm32cubeide/plugins/com.st.stm32cube.ide.mcu.externaltools.gnu-tools-for-stm32.7-2018-q2-update.win32_1.5.0.202011040924/tools/bin/../lib/gcc/arm-none-eabi/7.3.1/../../../../arm-none-eabi/lib/thumb/v7e-m/fpv4-sp/hard\libc_nano.a(lib_a-memset.o)
                              c:/st/stm32cubeide_1.5.0/stm32cubeide/plugins/com.st.stm32cube.ide.mcu.externaltools.gnu-tools-for-stm32.7-2018-q2-update.win32_1.5.0.202011040924/tools/bin/../lib/gcc/arm-none-eabi/7.3.1/../../../../arm-none-eabi/lib/thumb/v7e-m/fpv4-sp/hard/crt0.o (memset)
c:/st/stm32cubeide_1.5.0/stm32cubeide/plugins/com.st.stm32cube.ide.mcu.externaltools.gnu-tools-for-stm32.7-2018-q2-update.win32_1.5.0.202011040924/tools/bin/../lib/gcc/arm-none-eabi/7.3.1/../../../../arm-none-eabi/lib/thumb/v7e-m/fpv4-sp/hard\libc_nano.a(lib_a-sprintf.o)
                              Application/User/main.o (sprintf)
c:/st/stm32cubeide_1.5.0/stm32cubeide/plugins/com.st.stm32cube.ide.mcu.externaltools.gnu-tools-for-stm32.7-2018-q2-update.win32_1.5.0.202011040924/tools/bin/../lib/gcc/arm-none-eabi/7.3.1/../../../../arm-none-eabi/lib/thumb/v7e-m/fpv4-sp/hard\libc_nano.a(lib_a-strlen.o)
                              Application/User/main.o (strlen)
c:/st/stm32cubeide_1.5.0/stm32cubeide/plugins/com.st.stm32cube.ide.mcu.externaltools.gnu-tools-for-stm32.7-2018-q2-update.win32_1.5.0.202011040924/tools/bin/../lib/gcc/arm-none-eabi/7.3.1/../../../../arm-none-eabi/lib/thumb/v7e-m/fpv4-sp/hard\libc_nano.a(lib_a-nano-svfprintf.o)
                              c:/st/stm32cubeide_1.5.0/stm32cubeide/plugins/com.st.stm32cube.ide.mcu.externaltools.gnu-tools-for-stm32.7-2018-q2-update.win32_1.5.0.202011040924/tools/bin/../lib/gcc/arm-none-eabi/7.3.1/../../../../arm-none-eabi/lib/thumb/v7e-m/fpv4-sp/hard\libc_nano.a(lib_a-sprintf.o) (_svfprintf_r)
c:/st/stm32cubeide_1.5.0/stm32cubeide/plugins/com.st.stm32cube.ide.mcu.externaltools.gnu-tools-for-stm32.7-2018-q2-update.win32_1.5.0.202011040924/tools/bin/../lib/gcc/arm-none-eabi/7.3.1/../../../../arm-none-eabi/lib/thumb/v7e-m/fpv4-sp/hard\libc_nano.a(lib_a-nano-vfprintf_i.o)
                              c:/st/stm32cubeide_1.5.0/stm32cubeide/plugins/com.st.stm32cube.ide.mcu.externaltools.gnu-tools-for-stm32.7-2018-q2-update.win32_1.5.0.202011040924/tools/bin/../lib/gcc/arm-none-eabi/7.3.1/../../../../arm-none-eabi/lib/thumb/v7e-m/fpv4-sp/hard\libc_nano.a(lib_a-nano-svfprintf.o) (_printf_i)
[...]
Memory Configuration

Name             Origin             Length             Attributes
RAM              0x0000000020000000 0x0000000000020000 xrw
FLASH            0x0000000008000000 0x0000000000080000 xr
*default*        0x0000000000000000 0xffffffffffffffff

Linker script and memory map

LOAD c:/st/stm32cubeide_1.5.0/stm32cubeide/plugins/com.st.stm32cube.ide.mcu.externaltools.gnu-tools-for-stm32.7-2018-q2-update.win32_1.5.0.202011040924/tools/bin/../lib/gcc/arm-none-eabi/7.3.1/thumb/v7e-m/fpv4-sp/hard/crti.o
LOAD c:/st/stm32cubeide_1.5.0/stm32cubeide/plugins/com.st.stm32cube.ide.mcu.externaltools.gnu-tools-for-stm32.7-2018-q2-update.win32_1.5.0.202011040924/tools/bin/../lib/gcc/arm-none-eabi/7.3.1/thumb/v7e-m/fpv4-sp/hard/crtbegin.o
LOAD c:/st/stm32cubeide_1.5.0/stm32cubeide/plugins/com.st.stm32cube.ide.mcu.externaltools.gnu-tools-for-stm32.7-2018-q2-update.win32_1.5.0.202011040924/tools/bin/../lib/gcc/arm-none-eabi/7.3.1/../../../../arm-none-eabi/lib/thumb/v7e-m/fpv4-sp/hard/crt0.o
LOAD Application/Startup/startup_stm32f446retx.o
LOAD Application/User/dac_ui.o
LOAD Application/User/main.o
LOAD Application/User/mc_api.o
LOAD Application/User/mc_config.o
LOAD Application/User/mc_interface.o
LOAD Application/User/mc_math.o
LOAD Application/User/mc_parameters.o
LOAD Application/User/mc_tasks.o
LOAD Application/User/motor_control_protocol.o
LOAD Application/User/motorcontrol.o
LOAD Application/User/regular_conversion_manager.o
LOAD Application/User/stm32f4xx_hal_msp.o
LOAD Application/User/stm32f4xx_it.o
LOAD Application/User/stm32f4xx_mc_it.o
LOAD Application/User/syscalls.o
LOAD Application/User/sysmem.o
LOAD Application/User/ui_task.o
LOAD Application/User/user_interface.o
LOAD Drivers/CMSIS/system_stm32f4xx.o
LOAD Drivers/STM32F4xx_HAL_Driver/stm32f4xx_hal.o
LOAD Drivers/STM32F4xx_HAL_Driver/stm32f4xx_hal_adc.o
LOAD Drivers/STM32F4xx_HAL_Driver/stm32f4xx_hal_adc_ex.o
LOAD Drivers/STM32F4xx_HAL_Driver/stm32f4xx_hal_cortex.o
LOAD Drivers/STM32F4xx_HAL_Driver/stm32f4xx_hal_dac.o
LOAD Drivers/STM32F4xx_HAL_Driver/stm32f4xx_hal_dac_ex.o
LOAD Drivers/STM32F4xx_HAL_Driver/stm32f4xx_hal_dma.o
LOAD Drivers/STM32F4xx_HAL_Driver/stm32f4xx_hal_dma_ex.o
LOAD Drivers/STM32F4xx_HAL_Driver/stm32f4xx_hal_exti.o
LOAD Drivers/STM32F4xx_HAL_Driver/stm32f4xx_hal_flash.o
LOAD Drivers/STM32F4xx_HAL_Driver/stm32f4xx_hal_flash_ex.o
LOAD Drivers/STM32F4xx_HAL_Driver/stm32f4xx_hal_flash_ramfunc.o
LOAD Drivers/STM32F4xx_HAL_Driver/stm32f4xx_hal_gpio.o
LOAD Drivers/STM32F4xx_HAL_Driver/stm32f4xx_hal_pwr.o
LOAD Drivers/STM32F4xx_HAL_Driver/stm32f4xx_hal_pwr_ex.o
LOAD Drivers/STM32F4xx_HAL_Driver/stm32f4xx_hal_rcc.o
LOAD Drivers/STM32F4xx_HAL_Driver/stm32f4xx_hal_rcc_ex.o
LOAD Drivers/STM32F4xx_HAL_Driver/stm32f4xx_hal_tim.o
LOAD Drivers/STM32F4xx_HAL_Driver/stm32f4xx_hal_tim_ex.o
LOAD Drivers/STM32F4xx_HAL_Driver/stm32f4xx_hal_uart.o
LOAD Middlewares/MotorControl/bus_voltage_sensor.o
LOAD Middlewares/MotorControl/circle_limitation.o
LOAD Middlewares/MotorControl/dac_common_ui.o
LOAD Middlewares/MotorControl/digital_output.o
LOAD Middlewares/MotorControl/frame_communication_protocol.o
LOAD Middlewares/MotorControl/hall_speed_pos_fdbk.o
LOAD Middlewares/MotorControl/ics_f4xx_pwm_curr_fdbk.o
LOAD Middlewares/MotorControl/motor_power_measurement.o
LOAD Middlewares/MotorControl/ntc_temperature_sensor.o
LOAD Middlewares/MotorControl/open_loop.o
LOAD Middlewares/MotorControl/pid_regulator.o
LOAD Middlewares/MotorControl/pqd_motor_power_measurement.o
LOAD Middlewares/MotorControl/pwm_common.o
LOAD Middlewares/MotorControl/pwm_curr_fdbk.o
LOAD Middlewares/MotorControl/r_divider_bus_voltage_sensor.o
LOAD Middlewares/MotorControl/ramp_ext_mngr.o
LOAD Middlewares/MotorControl/speed_pos_fdbk.o
LOAD Middlewares/MotorControl/speed_torq_ctrl.o
LOAD Middlewares/MotorControl/state_machine.o
LOAD Middlewares/MotorControl/ui_irq_handler.o
LOAD Middlewares/MotorControl/usart_frame_communication_protocol.o
LOAD Middlewares/MotorControl/virtual_speed_sensor.o
LOAD ../../MCSDK_v5.4.5/MotorControl/lib\libmc-gcc_M4_NoCCMRAM.lib
START GROUP
LOAD c:/st/stm32cubeide_1.5.0/stm32cubeide/plugins/com.st.stm32cube.ide.mcu.externaltools.gnu-tools-for-stm32.7-2018-q2-update.win32_1.5.0.202011040924/tools/bin/../lib/gcc/arm-none-eabi/7.3.1/../../../../arm-none-eabi/lib/thumb/v7e-m/fpv4-sp/hard\libc_nano.a
LOAD c:/st/stm32cubeide_1.5.0/stm32cubeide/plugins/com.st.stm32cube.ide.mcu.externaltools.gnu-tools-for-stm32.7-2018-q2-update.win32_1.5.0.202011040924/tools/bin/../lib/gcc/arm-none-eabi/7.3.1/../../../../arm-none-eabi/lib/thumb/v7e-m/fpv4-sp/hard\libm.a
END GROUP
START GROUP
LOAD c:/st/stm32cubeide_1.5.0/stm32cubeide/plugins/com.st.stm32cube.ide.mcu.externaltools.gnu-tools-for-stm32.7-2018-q2-update.win32_1.5.0.202011040924/tools/bin/../lib/gcc/arm-none-eabi/7.3.1/thumb/v7e-m/fpv4-sp/hard\libgcc.a
LOAD c:/st/stm32cubeide_1.5.0/stm32cubeide/plugins/com.st.stm32cube.ide.mcu.externaltools.gnu-tools-for-stm32.7-2018-q2-update.win32_1.5.0.202011040924/tools/bin/../lib/gcc/arm-none-eabi/7.3.1/../../../../arm-none-eabi/lib/thumb/v7e-m/fpv4-sp/hard\libc_nano.a
END GROUP
START GROUP
LOAD c:/st/stm32cubeide_1.5.0/stm32cubeide/plugins/com.st.stm32cube.ide.mcu.externaltools.gnu-tools-for-stm32.7-2018-q2-update.win32_1.5.0.202011040924/tools/bin/../lib/gcc/arm-none-eabi/7.3.1/thumb/v7e-m/fpv4-sp/hard\libgcc.a
LOAD c:/st/stm32cubeide_1.5.0/stm32cubeide/plugins/com.st.stm32cube.ide.mcu.externaltools.gnu-tools-for-stm32.7-2018-q2-update.win32_1.5.0.202011040924/tools/bin/../lib/gcc/arm-none-eabi/7.3.1/../../../../arm-none-eabi/lib/thumb/v7e-m/fpv4-sp/hard\libc_nano.a
LOAD c:/st/stm32cubeide_1.5.0/stm32cubeide/plugins/com.st.stm32cube.ide.mcu.externaltools.gnu-tools-for-stm32.7-2018-q2-update.win32_1.5.0.202011040924/tools/bin/../lib/gcc/arm-none-eabi/7.3.1/../../../../arm-none-eabi/lib/thumb/v7e-m/fpv4-sp/hard\libnosys.a
END GROUP
START GROUP
LOAD c:/st/stm32cubeide_1.5.0/stm32cubeide/plugins/com.st.stm32cube.ide.mcu.externaltools.gnu-tools-for-stm32.7-2018-q2-update.win32_1.5.0.202011040924/tools/bin/../lib/gcc/arm-none-eabi/7.3.1/thumb/v7e-m/fpv4-sp/hard\libgcc.a
LOAD c:/st/stm32cubeide_1.5.0/stm32cubeide/plugins/com.st.stm32cube.ide.mcu.externaltools.gnu-tools-for-stm32.7-2018-q2-update.win32_1.5.0.202011040924/tools/bin/../lib/gcc/arm-none-eabi/7.3.1/../../../../arm-none-eabi/lib/thumb/v7e-m/fpv4-sp/hard\libc_nano.a
LOAD c:/st/stm32cubeide_1.5.0/stm32cubeide/plugins/com.st.stm32cube.ide.mcu.externaltools.gnu-tools-for-stm32.7-2018-q2-update.win32_1.5.0.202011040924/tools/bin/../lib/gcc/arm-none-eabi/7.3.1/../../../../arm-none-eabi/lib/thumb/v7e-m/fpv4-sp/hard\libnosys.a
END GROUP
LOAD c:/st/stm32cubeide_1.5.0/stm32cubeide/plugins/com.st.stm32cube.ide.mcu.externaltools.gnu-tools-for-stm32.7-2018-q2-update.win32_1.5.0.202011040924/tools/bin/../lib/gcc/arm-none-eabi/7.3.1/thumb/v7e-m/fpv4-sp/hard/crtend.o
LOAD c:/st/stm32cubeide_1.5.0/stm32cubeide/plugins/com.st.stm32cube.ide.mcu.externaltools.gnu-tools-for-stm32.7-2018-q2-update.win32_1.5.0.202011040924/tools/bin/../lib/gcc/arm-none-eabi/7.3.1/thumb/v7e-m/fpv4-sp/hard/crtn.o
                0x0000000020020000                _estack = (ORIGIN (RAM) + LENGTH (RAM))
                0x0000000000000200                _Min_Heap_Size = 0x200
                0x0000000000000400                _Min_Stack_Size = 0x400

.isr_vector     0x0000000008000000      0x1c4
                0x0000000008000000                . = ALIGN (0x4)
 *(.isr_vector)
 .isr_vector    0x0000000008000000      0x1c4 Application/Startup/startup_stm32f446retx.o
                0x0000000008000000                g_pfnVectors
                0x00000000080001c4                . = ALIGN (0x4)

.text           0x00000000080001d0     0x7414
                0x00000000080001d0                . = ALIGN (0x4)
 *(.text)
 .text          0x00000000080001d0       0x40 c:/st/stm32cubeide_1.5.0/stm32cubeide/plugins/com.st.stm32cube.ide.mcu.externaltools.gnu-tools-for-stm32.7-2018-q2-update.win32_1.5.0.202011040924/tools/bin/../lib/gcc/arm-none-eabi/7.3.1/thumb/v7e-m/fpv4-sp/hard/crtbegin.o
 .text          0x0000000008000210       0x10 c:/st/stm32cubeide_1.5.0/stm32cubeide/plugins/com.st.stm32cube.ide.mcu.externaltools.gnu-tools-for-stm32.7-2018-q2-update.win32_1.5.0.202011040924/tools/bin/../lib/gcc/arm-none-eabi/7.3.1/../../../../arm-none-eabi/lib/thumb/v7e-m/fpv4-sp/hard\libc_nano.a(lib_a-strlen.o)
                0x0000000008000210                strlen
 .text          0x0000000008000220       0xa0 c:/st/stm32cubeide_1.5.0/stm32cubeide/plugins/com.st.stm32cube.ide.mcu.externaltools.gnu-tools-for-stm32.7-2018-q2-update.win32_1.5.0.202011040924/tools/bin/../lib/gcc/arm-none-eabi/7.3.1/../../../../arm-none-eabi/lib/thumb/v7e-m/fpv4-sp/hard\libc_nano.a(lib_a-memchr.o)
                0x0000000008000220                memchr
 .text          0x00000000080002c0       0x30 c:/st/stm32cubeide_1.5.0/stm32cubeide/plugins/com.st.stm32cube.ide.mcu.externaltools.gnu-tools-for-stm32.7-2018-q2-update.win32_1.5.0.202011040924/tools/bin/../lib/gcc/arm-none-eabi/7.3.1/thumb/v7e-m/fpv4-sp/hard\libgcc.a(_aeabi_uldivmod.o)
                0x00000000080002c0                __aeabi_uldivmod
 .text          0x00000000080002f0      0x2cc c:/st/stm32cubeide_1.5.0/stm32cubeide/plugins/com.st.stm32cube.ide.mcu.externaltools.gnu-tools-for-stm32.7-2018-q2-update.win32_1.5.0.202011040924/tools/bin/../lib/gcc/arm-none-eabi/7.3.1/thumb/v7e-m/fpv4-sp/hard\libgcc.a(_udivmoddi4.o)
                0x00000000080002f0                __udivmoddi4
 .text          0x00000000080005bc        0x4 c:/st/stm32cubeide_1.5.0/stm32cubeide/plugins/com.st.stm32cube.ide.mcu.externaltools.gnu-tools-for-stm32.7-2018-q2-update.win32_1.5.0.202011040924/tools/bin/../lib/gcc/arm-none-eabi/7.3.1/thumb/v7e-m/fpv4-sp/hard\libgcc.a(_dvmd_tls.o)
                0x00000000080005bc                __aeabi_idiv0
                0x00000000080005bc                __aeabi_ldiv0
 *(.text*)
 .text.Reset_Handler
                0x00000000080005c0       0x50 Application/Startup/startup_stm32f446retx.o
                0x00000000080005c0                Reset_Handler
 .text.Default_Handler
                0x0000000008000610        0x2 Application/Startup/startup_stm32f446retx.o
                0x0000000008000610                RTC_Alarm_IRQHandler
                0x0000000008000610                EXTI2_IRQHandler
                0x0000000008000610                TIM8_CC_IRQHandler
                0x0000000008000610                DebugMon_Handler
                0x0000000008000610                FMPI2C1_EV_IRQHandler
                0x0000000008000610                SPI4_IRQHandler
                0x0000000008000610                TIM1_CC_IRQHandler
                0x0000000008000610                DMA2_Stream5_IRQHandler
                0x0000000008000610                DMA1_Stream5_IRQHandler
                0x0000000008000610                PVD_IRQHandler
                0x0000000008000610                SDIO_IRQHandler
                0x0000000008000610                TAMP_STAMP_IRQHandler
                0x0000000008000610                PendSV_Handler
                0x0000000008000610                NMI_Handler
                0x0000000008000610                CAN2_RX1_IRQHandler
                0x0000000008000610                EXTI3_IRQHandler
                0x0000000008000610                TIM8_TRG_COM_TIM14_IRQHandler
                0x0000000008000610                TIM8_UP_TIM13_IRQHandler
                0x0000000008000610                I2C3_ER_IRQHandler
                0x0000000008000610                EXTI0_IRQHandler
                0x0000000008000610                I2C2_EV_IRQHandler
                0x0000000008000610                DMA1_Stream2_IRQHandler
                0x0000000008000610                CAN1_RX0_IRQHandler
                0x0000000008000610                FPU_IRQHandler
                0x0000000008000610                OTG_HS_WKUP_IRQHandler
                0x0000000008000610                UsageFault_Handler
                0x0000000008000610                CAN2_SCE_IRQHandler
                0x0000000008000610                DMA2_Stream2_IRQHandler
                0x0000000008000610                SPI1_IRQHandler
                0x0000000008000610                TIM6_DAC_IRQHandler
                0x0000000008000610                DCMI_IRQHandler
                0x0000000008000610                CAN2_RX0_IRQHandler
                0x0000000008000610                DMA2_Stream3_IRQHandler
                0x0000000008000610                SAI2_IRQHandler
                0x0000000008000610                USART6_IRQHandler
                0x0000000008000610                USART3_IRQHandler
                0x0000000008000610                CAN1_RX1_IRQHandler
                0x0000000008000610                UART5_IRQHandler
                0x0000000008000610                DMA2_Stream0_IRQHandler
                0x0000000008000610                TIM4_IRQHandler
                0x0000000008000610                QUADSPI_IRQHandler
                0x0000000008000610                I2C1_EV_IRQHandler
                0x0000000008000610                DMA1_Stream6_IRQHandler
                0x0000000008000610                DMA1_Stream1_IRQHandler
                0x0000000008000610                UART4_IRQHandler
                0x0000000008000610                TIM3_IRQHandler
                0x0000000008000610                RCC_IRQHandler
                0x0000000008000610                TIM8_BRK_TIM12_IRQHandler
                0x0000000008000610                Default_Handler
                0x0000000008000610                CEC_IRQHandler
                0x0000000008000610                EXTI15_10_IRQHandler
                0x0000000008000610                DMA1_Stream7_IRQHandler
                0x0000000008000610                TIM7_IRQHandler
                0x0000000008000610                CAN2_TX_IRQHandler
                0x0000000008000610                TIM5_IRQHandler
                0x0000000008000610                DMA2_Stream7_IRQHandler
                0x0000000008000610                I2C3_EV_IRQHandler
                0x0000000008000610                EXTI9_5_IRQHandler
                0x0000000008000610                RTC_WKUP_IRQHandler
                0x0000000008000610                SPDIF_RX_IRQHandler
                0x0000000008000610                SPI2_IRQHandler
                0x0000000008000610                OTG_HS_EP1_IN_IRQHandler
                0x0000000008000610                MemManage_Handler
                0x0000000008000610                DMA1_Stream0_IRQHandler
                0x0000000008000610                CAN1_TX_IRQHandler
                0x0000000008000610                SVC_Handler
                0x0000000008000610                FMPI2C1_ER_IRQHandler
                0x0000000008000610                EXTI4_IRQHandler
                0x0000000008000610                OTG_HS_EP1_OUT_IRQHandler
                0x0000000008000610                WWDG_IRQHandler
                0x0000000008000610                OTG_FS_WKUP_IRQHandler
                0x0000000008000610                TIM1_TRG_COM_TIM11_IRQHandler
                0x0000000008000610                OTG_HS_IRQHandler
                0x0000000008000610                EXTI1_IRQHandler
                0x0000000008000610                I2C2_ER_IRQHandler
                0x0000000008000610                DMA2_Stream1_IRQHandler
                0x0000000008000610                CAN1_SCE_IRQHandler
                0x0000000008000610                FLASH_IRQHandler
                0x0000000008000610                DMA2_Stream4_IRQHandler
                0x0000000008000610                BusFault_Handler
                0x0000000008000610                USART1_IRQHandler
                0x0000000008000610                OTG_FS_IRQHandler
                0x0000000008000610                SPI3_IRQHandler
                0x0000000008000610                DMA1_Stream4_IRQHandler
                0x0000000008000610                I2C1_ER_IRQHandler
                0x0000000008000610                FMC_IRQHandler
                0x0000000008000610                DMA2_Stream6_IRQHandler
                0x0000000008000610                SAI1_IRQHandler
                0x0000000008000610                DMA1_Stream3_IRQHandler
 *fill*         0x0000000008000612        0x2 
 .text.DAC_Init
                0x0000000008000614       0x10 Application/User/dac_ui.o
                0x0000000008000614                DAC_Init
 .text.DAC_Exec
                0x0000000008000624       0x4c Application/User/dac_ui.o
                0x0000000008000624                DAC_Exec
 .text.SystemClock_Config
                0x0000000008000670       0xac Application/User/main.o
                0x0000000008000670                SystemClock_Config
 .text.startup.main
                0x000000000800071c      0x450 Application/User/main.o
                0x000000000800071c                main
 .text.MCI_Init
                0x0000000008000b6c       0x1c Application/User/mc_interface.o
                0x0000000008000b6c                MCI_Init
 .text.MCI_ExecSpeedRamp
                0x0000000008000b88       0x10 Application/User/mc_interface.o
                0x0000000008000b88                MCI_ExecSpeedRamp
 .text.MCI_ExecTorqueRamp
                0x0000000008000b98       0x18 Application/User/mc_interface.o
                0x0000000008000b98                MCI_ExecTorqueRamp
 .text.MCI_SetCurrentReferences
                0x0000000008000bb0       0x1c Application/User/mc_interface.o
                0x0000000008000bb0                MCI_SetCurrentReferences
 .text.MCI_StartMotor
                0x0000000008000bcc       0x14 Application/User/mc_interface.o
                0x0000000008000bcc                MCI_StartMotor
 .text.MCI_StopMotor
                0x0000000008000be0        0x8 Application/User/mc_interface.o
                0x0000000008000be0                MCI_StopMotor
 .text.MCI_FaultAcknowledged
                0x0000000008000be8        0x8 Application/User/mc_interface.o
                0x0000000008000be8                MCI_FaultAcknowledged
 .text.MCI_EncoderAlign
                0x0000000008000bf0        0x8 Application/User/mc_interface.o
                0x0000000008000bf0                MCI_EncoderAlign
 .text.MCI_ExecBufferedCommands
                0x0000000008000bf8       0x74 Application/User/mc_interface.o
                0x0000000008000bf8                MCI_ExecBufferedCommands
 .text.MCI_GetSTMState
                0x0000000008000c6c        0x8 Application/User/mc_interface.o
                0x0000000008000c6c                MCI_GetSTMState
 .text.MCI_GetControlMode
                0x0000000008000c74        0x4 Application/User/mc_interface.o
                0x0000000008000c74                MCI_GetControlMode
 .text.MCI_GetLastRampFinalSpeed
                0x0000000008000c78       0x10 Application/User/mc_interface.o
                0x0000000008000c78                MCI_GetLastRampFinalSpeed
 .text.MCI_StopRamp
                0x0000000008000c88        0x8 Application/User/mc_interface.o
                0x0000000008000c88                MCI_StopRamp
 .text.MCI_GetAvrgMecSpeedUnit
                0x0000000008000c90       0x10 Application/User/mc_interface.o
                0x0000000008000c90                MCI_GetAvrgMecSpeedUnit
 .text.MCI_GetMecSpeedRefUnit
                0x0000000008000ca0        0x8 Application/User/mc_interface.o
                0x0000000008000ca0                MCI_GetMecSpeedRefUnit
 .text.MCI_GetIab
                0x0000000008000ca8       0x10 Application/User/mc_interface.o
                0x0000000008000ca8                MCI_GetIab
 .text.MCI_GetIalphabeta
                0x0000000008000cb8       0x10 Application/User/mc_interface.o
                0x0000000008000cb8                MCI_GetIalphabeta
 .text.MCI_GetIqd
                0x0000000008000cc8       0x10 Application/User/mc_interface.o
                0x0000000008000cc8                MCI_GetIqd
 .text.MCI_GetIqdref
                0x0000000008000cd8       0x10 Application/User/mc_interface.o
                0x0000000008000cd8                MCI_GetIqdref
 .text.MCI_GetVqd
                0x0000000008000ce8       0x14 Application/User/mc_interface.o
                0x0000000008000ce8                MCI_GetVqd
 .text.MCI_GetValphabeta
                0x0000000008000cfc       0x14 Application/User/mc_interface.o
                0x0000000008000cfc                MCI_GetValphabeta
 .text.MCI_GetTeref
                0x0000000008000d10        0x8 Application/User/mc_interface.o
                0x0000000008000d10                MCI_GetTeref
 .text.MCI_SetIdref
                0x0000000008000d18        0x8 Application/User/mc_interface.o
                0x0000000008000d18                MCI_SetIdref
 .text.MCI_Clear_Iqdref
                0x0000000008000d20       0x14 Application/User/mc_interface.o
                0x0000000008000d20                MCI_Clear_Iqdref
 .text.MCM_Clarke
                0x0000000008000d34       0x4c Application/User/mc_math.o
                0x0000000008000d34                MCM_Clarke
 .text.MCM_Trig_Functions
                0x0000000008000d80       0x94 Application/User/mc_math.o
                0x0000000008000d80                MCM_Trig_Functions
 .text.MCM_Park
                0x0000000008000e14       0x74 Application/User/mc_math.o
                0x0000000008000e14                MCM_Park
 .text.MCM_Rev_Park
                0x0000000008000e88       0x3c Application/User/mc_math.o
                0x0000000008000e88                MCM_Rev_Park
 .text.FOC_Clear
                0x0000000008000ec4       0x7c Application/User/mc_tasks.o
                0x0000000008000ec4                FOC_Clear
 .text.MCboot   0x0000000008000f40      0x1ec Application/User/mc_tasks.o
                0x0000000008000f40                MCboot
 .text.FOC_InitAdditionalMethods
                0x000000000800112c        0x4 Application/User/mc_tasks.o
                0x000000000800112c                FOC_InitAdditionalMethods
 .text.FOC_CalcCurrRef
                0x0000000008001130       0x2c Application/User/mc_tasks.o
                0x0000000008001130                FOC_CalcCurrRef
 .text.TSK_SetChargeBootCapDelayM1
                0x000000000800115c        0xc Application/User/mc_tasks.o
                0x000000000800115c                TSK_SetChargeBootCapDelayM1
 .text.TSK_ChargeBootCapDelayHasElapsedM1
                0x0000000008001168       0x14 Application/User/mc_tasks.o
                0x0000000008001168                TSK_ChargeBootCapDelayHasElapsedM1
 .text.TSK_SetStopPermanencyTimeM1
                0x000000000800117c        0xc Application/User/mc_tasks.o
                0x000000000800117c                TSK_SetStopPermanencyTimeM1
 .text.TSK_StopPermanencyTimeHasElapsedM1
                0x0000000008001188       0x14 Application/User/mc_tasks.o
                0x0000000008001188                TSK_StopPermanencyTimeHasElapsedM1
 .text.TSK_MediumFrequencyTaskM1
                0x000000000800119c      0x168 Application/User/mc_tasks.o
                0x000000000800119c                TSK_MediumFrequencyTaskM1
 .text.MC_Scheduler
                0x0000000008001304       0x5c Application/User/mc_tasks.o
                0x0000000008001304                MC_Scheduler
 .text.TSK_HighFrequencyTask
                0x0000000008001360      0x11c Application/User/mc_tasks.o
                0x0000000008001360                TSK_HighFrequencyTask
 .text.TSK_SafetyTask_PWMOFF
                0x000000000800147c       0x98 Application/User/mc_tasks.o
                0x000000000800147c                TSK_SafetyTask_PWMOFF
 .text.TSK_SafetyTask
                0x0000000008001514       0x20 Application/User/mc_tasks.o
                0x0000000008001514                TSK_SafetyTask
 .text.MC_RunMotorControlTasks
                0x0000000008001534       0x20 Application/User/mc_tasks.o
                0x0000000008001534                MC_RunMotorControlTasks
 .text.TSK_HardwareFaultTask
                0x0000000008001554       0x20 Application/User/mc_tasks.o
                0x0000000008001554                TSK_HardwareFaultTask
 .text.mc_lock_pins
                0x0000000008001574      0x118 Application/User/mc_tasks.o
                0x0000000008001574                mc_lock_pins
 .text.MCP_ReceivedFrame
                0x000000000800168c      0x668 Application/User/motor_control_protocol.o
                0x000000000800168c                MCP_ReceivedFrame
 .text.MCP_WaitNextFrame
                0x0000000008001cf4       0x1c Application/User/motor_control_protocol.o
                0x0000000008001cf4                MCP_WaitNextFrame
 .text.MCP_Init
                0x0000000008001d10       0x48 Application/User/motor_control_protocol.o
                0x0000000008001d10                MCP_Init
 .text.MCP_OnTimeOut
                0x0000000008001d58        0x8 Application/User/motor_control_protocol.o
                0x0000000008001d58                MCP_OnTimeOut
 .text.MCP_SentFrame
                0x0000000008001d60        0x8 Application/User/motor_control_protocol.o
                0x0000000008001d60                MCP_SentFrame
 .text.MX_MotorControl_Init
                0x0000000008001d68       0x4c Application/User/motorcontrol.o
                0x0000000008001d68                MX_MotorControl_Init
 .text.RCM_RegisterRegConv
                0x0000000008001db4      0x178 Application/User/regular_conversion_manager.o
                0x0000000008001db4                RCM_RegisterRegConv
 .text.RCM_ExecRegularConv
                0x0000000008001f2c       0x68 Application/User/regular_conversion_manager.o
                0x0000000008001f2c                RCM_ExecRegularConv
 .text.RCM_ExecUserConv
                0x0000000008001f94       0xa4 Application/User/regular_conversion_manager.o
                0x0000000008001f94                RCM_ExecUserConv
 .text.HAL_MspInit
                0x0000000008002038       0x3c Application/User/stm32f4xx_hal_msp.o
                0x0000000008002038                HAL_MspInit
 .text.HAL_ADC_MspInit
                0x0000000008002074      0x100 Application/User/stm32f4xx_hal_msp.o
                0x0000000008002074                HAL_ADC_MspInit
 .text.HAL_DAC_MspInit
                0x0000000008002174       0x64 Application/User/stm32f4xx_hal_msp.o
                0x0000000008002174                HAL_DAC_MspInit
 .text.HAL_TIM_Base_MspInit
                0x00000000080021d8       0xe8 Application/User/stm32f4xx_hal_msp.o
                0x00000000080021d8                HAL_TIM_Base_MspInit
 .text.HAL_TIM_MspPostInit
                0x00000000080022c0       0x88 Application/User/stm32f4xx_hal_msp.o
                0x00000000080022c0                HAL_TIM_MspPostInit
 .text.HAL_UART_MspInit
                0x0000000008002348       0x68 Application/User/stm32f4xx_hal_msp.o
                0x0000000008002348                HAL_UART_MspInit
 .text.ADC_IRQHandler
                0x00000000080023b0       0x3c Application/User/stm32f4xx_mc_it.o
                0x00000000080023b0                ADC_IRQHandler
 .text.TIM1_UP_TIM10_IRQHandler
                0x00000000080023ec       0x14 Application/User/stm32f4xx_mc_it.o
                0x00000000080023ec                TIM1_UP_TIM10_IRQHandler
 .text.TIM1_BRK_TIM9_IRQHandler
                0x0000000008002400       0x24 Application/User/stm32f4xx_mc_it.o
                0x0000000008002400                TIM1_BRK_TIM9_IRQHandler
 .text.TIM2_IRQHandler
                0x0000000008002424       0x38 Application/User/stm32f4xx_mc_it.o
                0x0000000008002424                TIM2_IRQHandler
 .text.USART2_IRQHandler
                0x000000000800245c       0x7c Application/User/stm32f4xx_mc_it.o
                0x000000000800245c                USART2_IRQHandler
 .text.HardFault_Handler
                0x00000000080024d8       0x7c Application/User/stm32f4xx_mc_it.o
                0x00000000080024d8                HardFault_Handler
 .text.SysTick_Handler
                0x0000000008002554       0x30 Application/User/stm32f4xx_mc_it.o
                0x0000000008002554                SysTick_Handler
 .text._sbrk    0x0000000008002584       0x44 Application/User/sysmem.o
                0x0000000008002584                _sbrk
 .text.UI_TaskInit
                0x00000000080025c8       0xe0 Application/User/ui_task.o
                0x00000000080025c8                UI_TaskInit
 .text.UI_Scheduler
                0x00000000080026a8       0x40 Application/User/ui_task.o
                0x00000000080026a8                UI_Scheduler
 .text.UI_DACUpdate
                0x00000000080026e8       0x20 Application/User/ui_task.o
                0x00000000080026e8                UI_DACUpdate
 .text.UI_SerialCommunicationTimeOutStop
                0x0000000008002708        0xc Application/User/ui_task.o
                0x0000000008002708                UI_SerialCommunicationTimeOutStop
 .text.UI_SerialCommunicationTimeOutStart
                0x0000000008002714        0xc Application/User/ui_task.o
                0x0000000008002714                UI_SerialCommunicationTimeOutStart
 .text.UI_Init  0x0000000008002720       0x18 Application/User/user_interface.o
                0x0000000008002720                UI_Init
 .text.UI_SelectMC
                0x0000000008002738       0x10 Application/User/user_interface.o
                0x0000000008002738                UI_SelectMC
 .text.UI_GetSelectedMC
                0x0000000008002748        0x8 Application/User/user_interface.o
                0x0000000008002748                UI_GetSelectedMC
 .text.UI_SetReg
                0x0000000008002750      0x2e0 Application/User/user_interface.o
                0x0000000008002750                UI_SetReg
 .text.UI_ExecCmd
                0x0000000008002a30       0x7c Application/User/user_interface.o
                0x0000000008002a30                UI_ExecCmd
 .text.UI_ExecSpeedRamp
                0x0000000008002aac       0x24 Application/User/user_interface.o
                0x0000000008002aac                UI_ExecSpeedRamp
 .text.UI_ExecTorqueRamp
                0x0000000008002ad0       0x14 Application/User/user_interface.o
                0x0000000008002ad0                UI_ExecTorqueRamp
 .text.UI_GetRevupData
                0x0000000008002ae4       0x3c Application/User/user_interface.o
                0x0000000008002ae4                UI_GetRevupData
 .text.UI_SetRevupData
                0x0000000008002b20       0x34 Application/User/user_interface.o
                0x0000000008002b20                UI_SetRevupData
 .text.UI_SetCurrentReferences
                0x0000000008002b54       0x1c Application/User/user_interface.o
                0x0000000008002b54                UI_SetCurrentReferences
 .text.UI_GetMPInfo
                0x0000000008002b70        0x4 Application/User/user_interface.o
                0x0000000008002b70                UI_GetMPInfo
 .text.UI_DACInit
                0x0000000008002b74        0x8 Application/User/user_interface.o
                0x0000000008002b74                UI_DACInit
 .text.UI_DACExec
                0x0000000008002b7c        0x8 Application/User/user_interface.o
                0x0000000008002b7c                UI_DACExec
 .text.UI_SetDAC
                0x0000000008002b84        0x8 Application/User/user_interface.o
                0x0000000008002b84                UI_SetDAC
 .text.UI_GetDAC
                0x0000000008002b8c        0xc Application/User/user_interface.o
                0x0000000008002b8c                UI_GetDAC
 .text.UI_GetReg
                0x0000000008002b98      0x658 Application/User/user_interface.o
                0x0000000008002b98                UI_GetReg
 .text.SystemInit
                0x00000000080031f0       0x1c Drivers/CMSIS/system_stm32f4xx.o
                0x00000000080031f0                SystemInit
 .text.HAL_InitTick
                0x000000000800320c       0x48 Drivers/STM32F4xx_HAL_Driver/stm32f4xx_hal.o
                0x000000000800320c                HAL_InitTick
 .text.HAL_Init
                0x0000000008003254       0x34 Drivers/STM32F4xx_HAL_Driver/stm32f4xx_hal.o
                0x0000000008003254                HAL_Init
 .text.HAL_IncTick
                0x0000000008003288       0x18 Drivers/STM32F4xx_HAL_Driver/stm32f4xx_hal.o
                0x0000000008003288                HAL_IncTick
 .text.HAL_GetTick
                0x00000000080032a0        0xc Drivers/STM32F4xx_HAL_Driver/stm32f4xx_hal.o
                0x00000000080032a0                HAL_GetTick
 .text.HAL_ADC_Init
                0x00000000080032ac      0x164 Drivers/STM32F4xx_HAL_Driver/stm32f4xx_hal_adc.o
                0x00000000080032ac                HAL_ADC_Init
 .text.HAL_ADC_Start
                0x0000000008003410       0xfc Drivers/STM32F4xx_HAL_Driver/stm32f4xx_hal_adc.o
                0x0000000008003410                HAL_ADC_Start
 .text.HAL_ADC_PollForConversion
                0x000000000800350c       0xa4 Drivers/STM32F4xx_HAL_Driver/stm32f4xx_hal_adc.o
                0x000000000800350c                HAL_ADC_PollForConversion
 .text.HAL_ADC_GetValue
                0x00000000080035b0        0x8 Drivers/STM32F4xx_HAL_Driver/stm32f4xx_hal_adc.o
                0x00000000080035b0                HAL_ADC_GetValue
 .text.HAL_ADC_ConfigChannel
                0x00000000080035b8      0x170 Drivers/STM32F4xx_HAL_Driver/stm32f4xx_hal_adc.o
                0x00000000080035b8                HAL_ADC_ConfigChannel
 .text.HAL_ADCEx_InjectedConfigChannel
                0x0000000008003728      0x1c8 Drivers/STM32F4xx_HAL_Driver/stm32f4xx_hal_adc_ex.o
                0x0000000008003728                HAL_ADCEx_InjectedConfigChannel
 .text.HAL_NVIC_SetPriorityGrouping
                0x00000000080038f0       0x24 Drivers/STM32F4xx_HAL_Driver/stm32f4xx_hal_cortex.o
                0x00000000080038f0                HAL_NVIC_SetPriorityGrouping
 .text.HAL_NVIC_SetPriority
                0x0000000008003914       0x6c Drivers/STM32F4xx_HAL_Driver/stm32f4xx_hal_cortex.o
                0x0000000008003914                HAL_NVIC_SetPriority
 .text.HAL_NVIC_EnableIRQ
                0x0000000008003980       0x1c Drivers/STM32F4xx_HAL_Driver/stm32f4xx_hal_cortex.o
                0x0000000008003980                HAL_NVIC_EnableIRQ
 .text.HAL_SYSTICK_Config
                0x000000000800399c       0x34 Drivers/STM32F4xx_HAL_Driver/stm32f4xx_hal_cortex.o
                0x000000000800399c                HAL_SYSTICK_Config
 .text.HAL_SYSTICK_Callback
                0x00000000080039d0        0x4 Drivers/STM32F4xx_HAL_Driver/stm32f4xx_hal_cortex.o
                0x00000000080039d0                HAL_SYSTICK_Callback
 .text.HAL_SYSTICK_IRQHandler
                0x00000000080039d4        0x8 Drivers/STM32F4xx_HAL_Driver/stm32f4xx_hal_cortex.o
                0x00000000080039d4                HAL_SYSTICK_IRQHandler
 .text.HAL_DAC_Init
                0x00000000080039dc       0x2c Drivers/STM32F4xx_HAL_Driver/stm32f4xx_hal_dac.o
                0x00000000080039dc                HAL_DAC_Init
 .text.HAL_DAC_ConfigChannel
                0x0000000008003a08       0x48 Drivers/STM32F4xx_HAL_Driver/stm32f4xx_hal_dac.o
                0x0000000008003a08                HAL_DAC_ConfigChannel
 .text.HAL_GPIO_Init
                0x0000000008003a50      0x1ec Drivers/STM32F4xx_HAL_Driver/stm32f4xx_hal_gpio.o
                0x0000000008003a50                HAL_GPIO_Init
 .text.HAL_PWREx_EnableOverDrive
                0x0000000008003c3c       0x7c Drivers/STM32F4xx_HAL_Driver/stm32f4xx_hal_pwr_ex.o
                0x0000000008003c3c                HAL_PWREx_EnableOverDrive
 .text.HAL_RCC_ClockConfig
                0x0000000008003cb8      0x13c Drivers/STM32F4xx_HAL_Driver/stm32f4xx_hal_rcc.o
                0x0000000008003cb8                HAL_RCC_ClockConfig
 .text.HAL_RCC_GetHCLKFreq
                0x0000000008003df4        0xc Drivers/STM32F4xx_HAL_Driver/stm32f4xx_hal_rcc.o
                0x0000000008003df4                HAL_RCC_GetHCLKFreq
 .text.HAL_RCC_GetPCLK1Freq
                0x0000000008003e00       0x20 Drivers/STM32F4xx_HAL_Driver/stm32f4xx_hal_rcc.o
                0x0000000008003e00                HAL_RCC_GetPCLK1Freq
 .text.HAL_RCC_GetPCLK2Freq
                0x0000000008003e20       0x20 Drivers/STM32F4xx_HAL_Driver/stm32f4xx_hal_rcc.o
                0x0000000008003e20                HAL_RCC_GetPCLK2Freq
 .text.HAL_RCC_GetSysClockFreq
                0x0000000008003e40       0xb0 Drivers/STM32F4xx_HAL_Driver/stm32f4xx_hal_rcc_ex.o
                0x0000000008003e40                HAL_RCC_GetSysClockFreq
 .text.HAL_RCC_OscConfig
                0x0000000008003ef0      0x3a8 Drivers/STM32F4xx_HAL_Driver/stm32f4xx_hal_rcc_ex.o
                0x0000000008003ef0                HAL_RCC_OscConfig
 .text.HAL_TIM_Base_Init
                0x0000000008004298      0x108 Drivers/STM32F4xx_HAL_Driver/stm32f4xx_hal_tim.o
                0x0000000008004298                HAL_TIM_Base_Init
 .text.HAL_TIM_PWM_MspInit
                0x00000000080043a0        0x4 Drivers/STM32F4xx_HAL_Driver/stm32f4xx_hal_tim.o
                0x00000000080043a0                HAL_TIM_PWM_MspInit
 .text.HAL_TIM_PWM_Init
                0x00000000080043a4      0x108 Drivers/STM32F4xx_HAL_Driver/stm32f4xx_hal_tim.o
                0x00000000080043a4                HAL_TIM_PWM_Init
 .text.HAL_TIM_PWM_ConfigChannel
                0x00000000080044ac      0x214 Drivers/STM32F4xx_HAL_Driver/stm32f4xx_hal_tim.o
                0x00000000080044ac                HAL_TIM_PWM_ConfigChannel
 .text.HAL_TIM_ConfigClockSource
                0x00000000080046c0      0x14c Drivers/STM32F4xx_HAL_Driver/stm32f4xx_hal_tim.o
                0x00000000080046c0                HAL_TIM_ConfigClockSource
 .text.HAL_TIM_SlaveConfigSynchro
                0x000000000800480c       0xf4 Drivers/STM32F4xx_HAL_Driver/stm32f4xx_hal_tim.o
                0x000000000800480c                HAL_TIM_SlaveConfigSynchro
 .text.TIM_Base_SetConfig
                0x0000000008004900       0xe4 Drivers/STM32F4xx_HAL_Driver/stm32f4xx_hal_tim.o
                0x0000000008004900                TIM_Base_SetConfig
 .text.TIM_OC2_SetConfig
                0x00000000080049e4       0x64 Drivers/STM32F4xx_HAL_Driver/stm32f4xx_hal_tim.o
                0x00000000080049e4                TIM_OC2_SetConfig
 .text.TIM_TI1_SetConfig
                0x0000000008004a48       0x78 Drivers/STM32F4xx_HAL_Driver/stm32f4xx_hal_tim.o
                0x0000000008004a48                TIM_TI1_SetConfig
 .text.HAL_TIMEx_HallSensor_MspInit
                0x0000000008004ac0        0x4 Drivers/STM32F4xx_HAL_Driver/stm32f4xx_hal_tim_ex.o
                0x0000000008004ac0                HAL_TIMEx_HallSensor_MspInit
 .text.HAL_TIMEx_HallSensor_Init
                0x0000000008004ac4       0xb4 Drivers/STM32F4xx_HAL_Driver/stm32f4xx_hal_tim_ex.o
                0x0000000008004ac4                HAL_TIMEx_HallSensor_Init
 .text.HAL_TIMEx_MasterConfigSynchronization
                0x0000000008004b78       0x8c Drivers/STM32F4xx_HAL_Driver/stm32f4xx_hal_tim_ex.o
                0x0000000008004b78                HAL_TIMEx_MasterConfigSynchronization
 .text.HAL_TIMEx_ConfigBreakDeadTime
                0x0000000008004c04       0x54 Drivers/STM32F4xx_HAL_Driver/stm32f4xx_hal_tim_ex.o
                0x0000000008004c04                HAL_TIMEx_ConfigBreakDeadTime
 .text.HAL_UART_Init
                0x0000000008004c58      0x144 Drivers/STM32F4xx_HAL_Driver/stm32f4xx_hal_uart.o
                0x0000000008004c58                HAL_UART_Init
 .text.HAL_UART_Transmit
                0x0000000008004d9c      0x11c Drivers/STM32F4xx_HAL_Driver/stm32f4xx_hal_uart.o
                0x0000000008004d9c                HAL_UART_Transmit
 .text.VBS_GetAvBusVoltage_d
                0x0000000008004eb8        0x4 Middlewares/MotorControl/bus_voltage_sensor.o
                0x0000000008004eb8                VBS_GetAvBusVoltage_d
 .text.VBS_GetAvBusVoltage_V
                0x0000000008004ebc        0xc Middlewares/MotorControl/bus_voltage_sensor.o
                0x0000000008004ebc                VBS_GetAvBusVoltage_V
 .text.Circle_Limitation
                0x0000000008004ec8       0x64 Middlewares/MotorControl/circle_limitation.o
                0x0000000008004ec8                Circle_Limitation
 .text.DAC_SetChannelConfig
                0x0000000008004f2c        0x8 Middlewares/MotorControl/dac_common_ui.o
                0x0000000008004f2c                DAC_SetChannelConfig
 .text.DAC_GetChannelConfig
                0x0000000008004f34        0x8 Middlewares/MotorControl/dac_common_ui.o
                0x0000000008004f34                DAC_GetChannelConfig
 .text.DAC_SetUserChannelValue
                0x0000000008004f3c        0x8 Middlewares/MotorControl/dac_common_ui.o
                0x0000000008004f3c                DAC_SetUserChannelValue
 .text.DAC_GetUserChannelValue
                0x0000000008004f44        0xc Middlewares/MotorControl/dac_common_ui.o
                0x0000000008004f44                DAC_GetUserChannelValue
 .text.FCP_Init
                0x0000000008004f50       0x1c Middlewares/MotorControl/frame_communication_protocol.o
                0x0000000008004f50                FCP_Init
 .text.FCP_SetClient
                0x0000000008004f6c       0x10 Middlewares/MotorControl/frame_communication_protocol.o
                0x0000000008004f6c                FCP_SetClient
 .text.FCP_CalcCRC
                0x0000000008004f7c       0x2c Middlewares/MotorControl/frame_communication_protocol.o
                0x0000000008004f7c                FCP_CalcCRC
 .text.HALL_Init
                0x0000000008004fa8      0x108 Middlewares/MotorControl/hall_speed_pos_fdbk.o
                0x0000000008004fa8                HALL_Init
 .text.HALL_Clear
                0x00000000080050b0      0x150 Middlewares/MotorControl/hall_speed_pos_fdbk.o
                0x00000000080050b0                HALL_Clear
 .text.HALL_CalcElAngle
                0x0000000008005200       0x40 Middlewares/MotorControl/hall_speed_pos_fdbk.o
                0x0000000008005200                HALL_CalcElAngle
 .text.HALL_CalcAvrgMecSpeedUnit
                0x0000000008005240       0x94 Middlewares/MotorControl/hall_speed_pos_fdbk.o
                0x0000000008005240                HALL_CalcAvrgMecSpeedUnit
 .text.HALL_TIMx_CC_IRQHandler
                0x00000000080052d4      0x348 Middlewares/MotorControl/hall_speed_pos_fdbk.o
                0x00000000080052d4                HALL_TIMx_CC_IRQHandler
 .text.HALL_TIMx_UP_IRQHandler
                0x000000000800561c      0x160 Middlewares/MotorControl/hall_speed_pos_fdbk.o
                0x000000000800561c                HALL_TIMx_UP_IRQHandler
 .text.ICS_GetPhaseCurrents
                0x000000000800577c       0x94 Middlewares/MotorControl/ics_f4xx_pwm_curr_fdbk.o
                0x000000000800577c                ICS_GetPhaseCurrents
 .text.ICS_HFCurrentsCalibration
                0x0000000008005810       0x4c Middlewares/MotorControl/ics_f4xx_pwm_curr_fdbk.o
                0x0000000008005810                ICS_HFCurrentsCalibration
 .text.ICS_Init
                0x000000000800585c       0xd0 Middlewares/MotorControl/ics_f4xx_pwm_curr_fdbk.o
                0x000000000800585c                ICS_Init
 .text.ICS_TurnOnLowSides
                0x000000000800592c       0x48 Middlewares/MotorControl/ics_f4xx_pwm_curr_fdbk.o
                0x000000000800592c                ICS_TurnOnLowSides
 .text.ICS_SwitchOnPWM
                0x0000000008005974       0x74 Middlewares/MotorControl/ics_f4xx_pwm_curr_fdbk.o
                0x0000000008005974                ICS_SwitchOnPWM
 .text.ICS_SwitchOffPWM
                0x00000000080059e8       0x50 Middlewares/MotorControl/ics_f4xx_pwm_curr_fdbk.o
                0x00000000080059e8                ICS_SwitchOffPWM
 .text.ICS_CurrentReadingCalibration
                0x0000000008005a38       0xa0 Middlewares/MotorControl/ics_f4xx_pwm_curr_fdbk.o
                0x0000000008005a38                ICS_CurrentReadingCalibration
 .text.ICS_WriteTIMRegisters
                0x0000000008005ad8       0x20 Middlewares/MotorControl/ics_f4xx_pwm_curr_fdbk.o
                0x0000000008005ad8                ICS_WriteTIMRegisters
 .text.ICS_TIMx_UP_IRQHandler
                0x0000000008005af8       0x94 Middlewares/MotorControl/ics_f4xx_pwm_curr_fdbk.o
                0x0000000008005af8                ICS_TIMx_UP_IRQHandler
 .text.ICS_BRK_IRQHandler
                0x0000000008005b8c       0x38 Middlewares/MotorControl/ics_f4xx_pwm_curr_fdbk.o
                0x0000000008005b8c                ICS_BRK_IRQHandler
 .text.ICS_IsOverCurrentOccurred
                0x0000000008005bc4       0x14 Middlewares/MotorControl/ics_f4xx_pwm_curr_fdbk.o
                0x0000000008005bc4                ICS_IsOverCurrentOccurred
 .text.MPM_Clear
                0x0000000008005bd8       0x14 Middlewares/MotorControl/motor_power_measurement.o
                0x0000000008005bd8                MPM_Clear
 .text.MPM_CalcElMotorPower
                0x0000000008005bec       0x40 Middlewares/MotorControl/motor_power_measurement.o
                0x0000000008005bec                MPM_CalcElMotorPower
 .text.MPM_GetAvrgElMotorPowerW
                0x0000000008005c2c        0x8 Middlewares/MotorControl/motor_power_measurement.o
                0x0000000008005c2c                MPM_GetAvrgElMotorPowerW
 .text.NTC_SetFaultState
                0x0000000008005c34       0x1c Middlewares/MotorControl/ntc_temperature_sensor.o
                0x0000000008005c34                NTC_SetFaultState
 .text.NTC_Clear
                0x0000000008005c50        0x8 Middlewares/MotorControl/ntc_temperature_sensor.o
                0x0000000008005c50                NTC_Clear
 .text.NTC_Init
                0x0000000008005c58       0x24 Middlewares/MotorControl/ntc_temperature_sensor.o
                0x0000000008005c58                NTC_Init
 .text.NTC_CalcAvTemp
                0x0000000008005c7c       0x3c Middlewares/MotorControl/ntc_temperature_sensor.o
                0x0000000008005c7c                NTC_CalcAvTemp
 .text.NTC_GetAvTemp_C
                0x0000000008005cb8       0x2c Middlewares/MotorControl/ntc_temperature_sensor.o
                0x0000000008005cb8                NTC_GetAvTemp_C
 .text.PID_HandleInit
                0x0000000008005ce4       0x10 Middlewares/MotorControl/pid_regulator.o
                0x0000000008005ce4                PID_HandleInit
 .text.PID_SetKP
                0x0000000008005cf4        0x4 Middlewares/MotorControl/pid_regulator.o
                0x0000000008005cf4                PID_SetKP
 .text.PID_SetKI
                0x0000000008005cf8        0x4 Middlewares/MotorControl/pid_regulator.o
                0x0000000008005cf8                PID_SetKI
 .text.PID_GetKP
                0x0000000008005cfc        0x8 Middlewares/MotorControl/pid_regulator.o
                0x0000000008005cfc                PID_GetKP
 .text.PID_GetKI
                0x0000000008005d04        0x8 Middlewares/MotorControl/pid_regulator.o
                0x0000000008005d04                PID_GetKI
 .text.PID_SetIntegralTerm
                0x0000000008005d0c        0x4 Middlewares/MotorControl/pid_regulator.o
                0x0000000008005d0c                PID_SetIntegralTerm
 .text.PID_GetKPDivisor
                0x0000000008005d10        0x4 Middlewares/MotorControl/pid_regulator.o
                0x0000000008005d10                PID_GetKPDivisor
 .text.PID_GetKIDivisor
                0x0000000008005d14        0x4 Middlewares/MotorControl/pid_regulator.o
                0x0000000008005d14                PID_GetKIDivisor
 .text.PID_SetKD
                0x0000000008005d18        0x4 Middlewares/MotorControl/pid_regulator.o
                0x0000000008005d18                PID_SetKD
 .text.PID_GetKD
                0x0000000008005d1c        0x8 Middlewares/MotorControl/pid_regulator.o
                0x0000000008005d1c                PID_GetKD
 .text.PI_Controller
                0x0000000008005d24       0x88 Middlewares/MotorControl/pid_regulator.o
                0x0000000008005d24                PI_Controller
 .text.PQD_CalcElMotorPower
                0x0000000008005dac       0x6c Middlewares/MotorControl/pqd_motor_power_measurement.o
                0x0000000008005dac                PQD_CalcElMotorPower
 .text.startTimers
                0x0000000008005e18       0x64 Middlewares/MotorControl/pwm_common.o
                0x0000000008005e18                startTimers
 .text.waitForPolarizationEnd
                0x0000000008005e7c       0x44 Middlewares/MotorControl/pwm_common.o
                0x0000000008005e7c                waitForPolarizationEnd
 .text.PWMC_GetPhaseCurrents
                0x0000000008005ec0        0x4 Middlewares/MotorControl/pwm_curr_fdbk.o
                0x0000000008005ec0                PWMC_GetPhaseCurrents
 .text.PWMC_SetPhaseVoltage
                0x0000000008005ec4      0x218 Middlewares/MotorControl/pwm_curr_fdbk.o
                0x0000000008005ec4                PWMC_SetPhaseVoltage
 .text.PWMC_SwitchOffPWM
                0x00000000080060dc        0x4 Middlewares/MotorControl/pwm_curr_fdbk.o
                0x00000000080060dc                PWMC_SwitchOffPWM
 .text.PWMC_CurrentReadingCalibr
                0x00000000080060e0       0x54 Middlewares/MotorControl/pwm_curr_fdbk.o
                0x00000000080060e0                PWMC_CurrentReadingCalibr
 .text.PWMC_CheckOverCurrent
                0x0000000008006134        0x4 Middlewares/MotorControl/pwm_curr_fdbk.o
                0x0000000008006134                PWMC_CheckOverCurrent
 .text.RVBS_Clear
                0x0000000008006138       0x3c Middlewares/MotorControl/r_divider_bus_voltage_sensor.o
                0x0000000008006138                RVBS_Clear
 .text.RVBS_Init
                0x0000000008006174       0x18 Middlewares/MotorControl/r_divider_bus_voltage_sensor.o
                0x0000000008006174                RVBS_Init
 .text.RVBS_CheckFaultState
                0x000000000800618c       0x18 Middlewares/MotorControl/r_divider_bus_voltage_sensor.o
                0x000000000800618c                RVBS_CheckFaultState
 .text.RVBS_CalcAvVbus
                0x00000000080061a4       0x6c Middlewares/MotorControl/r_divider_bus_voltage_sensor.o
                0x00000000080061a4                RVBS_CalcAvVbus
 .text.REMNG_Init
                0x0000000008006210       0x10 Middlewares/MotorControl/ramp_ext_mngr.o
                0x0000000008006210                REMNG_Init
 .text.SPD_GetElAngle
                0x0000000008006220        0x8 Middlewares/MotorControl/speed_pos_fdbk.o
                0x0000000008006220                SPD_GetElAngle
 .text.SPD_GetAvrgMecSpeedUnit
                0x0000000008006228        0x8 Middlewares/MotorControl/speed_pos_fdbk.o
                0x0000000008006228                SPD_GetAvrgMecSpeedUnit
 .text.SPD_GetInstElSpeedDpp
                0x0000000008006230        0x8 Middlewares/MotorControl/speed_pos_fdbk.o
                0x0000000008006230                SPD_GetInstElSpeedDpp
 .text.SPD_IsMecSpeedReliable
                0x0000000008006238       0x60 Middlewares/MotorControl/speed_pos_fdbk.o
                0x0000000008006238                SPD_IsMecSpeedReliable
 .text.SPD_GetS16Speed
                0x0000000008006298       0x14 Middlewares/MotorControl/speed_pos_fdbk.o
                0x0000000008006298                SPD_GetS16Speed
 .text.STC_Init
                0x00000000080062ac       0x28 Middlewares/MotorControl/speed_torq_ctrl.o
                0x00000000080062ac                STC_Init
 .text.STC_GetSpeedSensor
                0x00000000080062d4        0x4 Middlewares/MotorControl/speed_torq_ctrl.o
                0x00000000080062d4                STC_GetSpeedSensor
 .text.STC_Clear
                0x00000000080062d8       0x10 Middlewares/MotorControl/speed_torq_ctrl.o
                0x00000000080062d8                STC_Clear
 .text.STC_GetMecSpeedRefUnit
                0x00000000080062e8       0x10 Middlewares/MotorControl/speed_torq_ctrl.o
                0x00000000080062e8                STC_GetMecSpeedRefUnit
 .text.STC_GetTorqueRef
                0x00000000080062f8       0x10 Middlewares/MotorControl/speed_torq_ctrl.o
                0x00000000080062f8                STC_GetTorqueRef
 .text.STC_SetControlMode
                0x0000000008006308        0x8 Middlewares/MotorControl/speed_torq_ctrl.o
                0x0000000008006308                STC_SetControlMode
 .text.STC_ExecRamp
                0x0000000008006310       0x94 Middlewares/MotorControl/speed_torq_ctrl.o
                0x0000000008006310                STC_ExecRamp
 .text.STC_StopRamp
                0x00000000080063a4        0x8 Middlewares/MotorControl/speed_torq_ctrl.o
                0x00000000080063a4                STC_StopRamp
 .text.STC_CalcTorqueReference
                0x00000000080063ac       0x60 Middlewares/MotorControl/speed_torq_ctrl.o
                0x00000000080063ac                STC_CalcTorqueReference
 .text.STC_GetMecSpeedRefUnitDefault
                0x000000000800640c        0x8 Middlewares/MotorControl/speed_torq_ctrl.o
                0x000000000800640c                STC_GetMecSpeedRefUnitDefault
 .text.STC_GetMaxAppPositiveMecSpeedUnit
                0x0000000008006414        0x4 Middlewares/MotorControl/speed_torq_ctrl.o
                0x0000000008006414                STC_GetMaxAppPositiveMecSpeedUnit
 .text.STC_GetMinAppNegativeMecSpeedUnit
                0x0000000008006418        0x8 Middlewares/MotorControl/speed_torq_ctrl.o
                0x0000000008006418                STC_GetMinAppNegativeMecSpeedUnit
 .text.STC_GetDefaultIqdref
                0x0000000008006420       0x18 Middlewares/MotorControl/speed_torq_ctrl.o
                0x0000000008006420                STC_GetDefaultIqdref
 .text.STC_ForceSpeedReferenceToCurrentSpeed
                0x0000000008006438       0x10 Middlewares/MotorControl/speed_torq_ctrl.o
                0x0000000008006438                STC_ForceSpeedReferenceToCurrentSpeed
 .text.STM_Init
                0x0000000008006448        0xc Middlewares/MotorControl/state_machine.o
                0x0000000008006448                STM_Init
 .text.STM_FaultProcessing
                0x0000000008006454       0x34 Middlewares/MotorControl/state_machine.o
                0x0000000008006454                STM_FaultProcessing
 .text.STM_NextState
                0x0000000008006488       0xe8 Middlewares/MotorControl/state_machine.o
                0x0000000008006488                STM_NextState
 .text.STM_GetState
                0x0000000008006570        0x4 Middlewares/MotorControl/state_machine.o
                0x0000000008006570                STM_GetState
 .text.STM_FaultAcknowledged
                0x0000000008006574       0x18 Middlewares/MotorControl/state_machine.o
                0x0000000008006574                STM_FaultAcknowledged
 .text.STM_GetFaultState
                0x000000000800658c        0xc Middlewares/MotorControl/state_machine.o
                0x000000000800658c                STM_GetFaultState
 .text.UFCP_Init
                0x0000000008006598        0x4 Middlewares/MotorControl/usart_frame_communication_protocol.o
                0x0000000008006598                UFCP_Init
 .text.UFCP_TX_IRQ_Handler
                0x000000000800659c       0x60 Middlewares/MotorControl/usart_frame_communication_protocol.o
                0x000000000800659c                UFCP_TX_IRQ_Handler
 .text.UFCP_Receive
                0x00000000080065fc       0x24 Middlewares/MotorControl/usart_frame_communication_protocol.o
                0x00000000080065fc                UFCP_Receive
 .text.UFCP_Send
                0x0000000008006620      0x124 Middlewares/MotorControl/usart_frame_communication_protocol.o
                0x0000000008006620                UFCP_Send
 .text.UFCP_RX_IRQ_Handler
                0x0000000008006744       0xc4 Middlewares/MotorControl/usart_frame_communication_protocol.o
                0x0000000008006744                UFCP_RX_IRQ_Handler
 .text.UFCP_OVR_IRQ_Handler
                0x0000000008006808       0x1c Middlewares/MotorControl/usart_frame_communication_protocol.o
                0x0000000008006808                UFCP_OVR_IRQ_Handler
 .text.UFCP_AbortReceive
                0x0000000008006824        0x8 Middlewares/MotorControl/usart_frame_communication_protocol.o
                0x0000000008006824                UFCP_AbortReceive
 .text.RUC_SetPhaseDurationms
                0x000000000800682c        0xc ../../MCSDK_v5.4.5/MotorControl/lib\libmc-gcc_M4_NoCCMRAM.lib(revup_ctrl.o)
                0x000000000800682c                RUC_SetPhaseDurationms
 .text.RUC_SetPhaseFinalMecSpeedUnit
                0x0000000008006838        0xc ../../MCSDK_v5.4.5/MotorControl/lib\libmc-gcc_M4_NoCCMRAM.lib(revup_ctrl.o)
                0x0000000008006838                RUC_SetPhaseFinalMecSpeedUnit
 .text.RUC_SetPhaseFinalTorque
                0x0000000008006844        0xc ../../MCSDK_v5.4.5/MotorControl/lib\libmc-gcc_M4_NoCCMRAM.lib(revup_ctrl.o)
                0x0000000008006844                RUC_SetPhaseFinalTorque
 .text.RUC_GetPhaseDurationms
                0x0000000008006850        0xc ../../MCSDK_v5.4.5/MotorControl/lib\libmc-gcc_M4_NoCCMRAM.lib(revup_ctrl.o)
                0x0000000008006850                RUC_GetPhaseDurationms
 .text.RUC_GetPhaseFinalMecSpeedUnit
                0x000000000800685c       0x10 ../../MCSDK_v5.4.5/MotorControl/lib\libmc-gcc_M4_NoCCMRAM.lib(revup_ctrl.o)
                0x000000000800685c                RUC_GetPhaseFinalMecSpeedUnit
 .text.RUC_GetPhaseFinalTorque
                0x000000000800686c       0x10 ../../MCSDK_v5.4.5/MotorControl/lib\libmc-gcc_M4_NoCCMRAM.lib(revup_ctrl.o)
                0x000000000800686c                RUC_GetPhaseFinalTorque
 .text.RUC_GetNumberOfPhases
                0x000000000800687c        0x8 ../../MCSDK_v5.4.5/MotorControl/lib\libmc-gcc_M4_NoCCMRAM.lib(revup_ctrl.o)
                0x000000000800687c                RUC_GetNumberOfPhases
 .text.STO_PLL_CalcElAngle
                0x0000000008006884      0x1d4 ../../MCSDK_v5.4.5/MotorControl/lib\libmc-gcc_M4_NoCCMRAM.lib(sto_pll_speed_pos_fdbk.o)
                0x0000000008006884                STO_PLL_CalcElAngle
 .text.STO_PLL_CalcAvrgMecSpeedUnit
                0x0000000008006a58      0x140 ../../MCSDK_v5.4.5/MotorControl/lib\libmc-gcc_M4_NoCCMRAM.lib(sto_pll_speed_pos_fdbk.o)
                0x0000000008006a58                STO_PLL_CalcAvrgMecSpeedUnit
 .text.STO_PLL_CalcAvrgElSpeedDpp
                0x0000000008006b98       0x54 ../../MCSDK_v5.4.5/MotorControl/lib\libmc-gcc_M4_NoCCMRAM.lib(sto_pll_speed_pos_fdbk.o)
                0x0000000008006b98                STO_PLL_CalcAvrgElSpeedDpp
 .text.STO_PLL_Clear
                0x0000000008006bec       0x5c ../../MCSDK_v5.4.5/MotorControl/lib\libmc-gcc_M4_NoCCMRAM.lib(sto_pll_speed_pos_fdbk.o)
                0x0000000008006bec                STO_PLL_Clear
 .text.STO_PLL_Init
                0x0000000008006c48       0x74 ../../MCSDK_v5.4.5/MotorControl/lib\libmc-gcc_M4_NoCCMRAM.lib(sto_pll_speed_pos_fdbk.o)
                0x0000000008006c48                STO_PLL_Init
 .text.STO_PLL_GetEstimatedBemf
                0x0000000008006cbc       0x18 ../../MCSDK_v5.4.5/MotorControl/lib\libmc-gcc_M4_NoCCMRAM.lib(sto_pll_speed_pos_fdbk.o)
                0x0000000008006cbc                STO_PLL_GetEstimatedBemf
 .text.STO_PLL_GetEstimatedCurrent
                0x0000000008006cd4       0x28 ../../MCSDK_v5.4.5/MotorControl/lib\libmc-gcc_M4_NoCCMRAM.lib(sto_pll_speed_pos_fdbk.o)
                0x0000000008006cd4                STO_PLL_GetEstimatedCurrent
 .text.STO_PLL_GetObserverGains
                0x0000000008006cfc       0x10 ../../MCSDK_v5.4.5/MotorControl/lib\libmc-gcc_M4_NoCCMRAM.lib(sto_pll_speed_pos_fdbk.o)
                0x0000000008006cfc                STO_PLL_GetObserverGains
 .text.STO_PLL_SetObserverGains
                0x0000000008006d0c        0x8 ../../MCSDK_v5.4.5/MotorControl/lib\libmc-gcc_M4_NoCCMRAM.lib(sto_pll_speed_pos_fdbk.o)
                0x0000000008006d0c                STO_PLL_SetObserverGains
 .text.STO_GetPLLGains
                0x0000000008006d14       0x1c ../../MCSDK_v5.4.5/MotorControl/lib\libmc-gcc_M4_NoCCMRAM.lib(sto_pll_speed_pos_fdbk.o)
                0x0000000008006d14                STO_GetPLLGains
 .text.STO_SetPLLGains
                0x0000000008006d30       0x1c ../../MCSDK_v5.4.5/MotorControl/lib\libmc-gcc_M4_NoCCMRAM.lib(sto_pll_speed_pos_fdbk.o)
                0x0000000008006d30                STO_SetPLLGains
 .text.STO_PLL_GetEstimatedBemfLevel
                0x0000000008006d4c        0x8 ../../MCSDK_v5.4.5/MotorControl/lib\libmc-gcc_M4_NoCCMRAM.lib(sto_pll_speed_pos_fdbk.o)
                0x0000000008006d4c                STO_PLL_GetEstimatedBemfLevel
 .text.STO_PLL_GetObservedBemfLevel
                0x0000000008006d54        0x8 ../../MCSDK_v5.4.5/MotorControl/lib\libmc-gcc_M4_NoCCMRAM.lib(sto_pll_speed_pos_fdbk.o)
                0x0000000008006d54                STO_PLL_GetObservedBemfLevel
 .text.__errno  0x0000000008006d5c        0xc c:/st/stm32cubeide_1.5.0/stm32cubeide/plugins/com.st.stm32cube.ide.mcu.externaltools.gnu-tools-for-stm32.7-2018-q2-update.win32_1.5.0.202011040924/tools/bin/../lib/gcc/arm-none-eabi/7.3.1/../../../../arm-none-eabi/lib/thumb/v7e-m/fpv4-sp/hard\libc_nano.a(lib_a-errno.o)
                0x0000000008006d5c                __errno
 .text.__libc_init_array
                0x0000000008006d68       0x48 c:/st/stm32cubeide_1.5.0/stm32cubeide/plugins/com.st.stm32cube.ide.mcu.externaltools.gnu-tools-for-stm32.7-2018-q2-update.win32_1.5.0.202011040924/tools/bin/../lib/gcc/arm-none-eabi/7.3.1/../../../../arm-none-eabi/lib/thumb/v7e-m/fpv4-sp/hard\libc_nano.a(lib_a-init.o)
                0x0000000008006d68                __libc_init_array
 .text.memset   0x0000000008006db0       0x10 c:/st/stm32cubeide_1.5.0/stm32cubeide/plugins/com.st.stm32cube.ide.mcu.externaltools.gnu-tools-for-stm32.7-2018-q2-update.win32_1.5.0.202011040924/tools/bin/../lib/gcc/arm-none-eabi/7.3.1/../../../../arm-none-eabi/lib/thumb/v7e-m/fpv4-sp/hard\libc_nano.a(lib_a-memset.o)
                0x0000000008006db0                memset
 .text.sprintf  0x0000000008006dc0       0x40 c:/st/stm32cubeide_1.5.0/stm32cubeide/plugins/com.st.stm32cube.ide.mcu.externaltools.gnu-tools-for-stm32.7-2018-q2-update.win32_1.5.0.202011040924/tools/bin/../lib/gcc/arm-none-eabi/7.3.1/../../../../arm-none-eabi/lib/thumb/v7e-m/fpv4-sp/hard\libc_nano.a(lib_a-sprintf.o)
                0x0000000008006dc0                siprintf
                0x0000000008006dc0                sprintf
 .text.__ssputs_r
                0x0000000008006e00       0xb4 c:/st/stm32cubeide_1.5.0/stm32cubeide/plugins/com.st.stm32cube.ide.mcu.externaltools.gnu-tools-for-stm32.7-2018-q2-update.win32_1.5.0.202011040924/tools/bin/../lib/gcc/arm-none-eabi/7.3.1/../../../../arm-none-eabi/lib/thumb/v7e-m/fpv4-sp/hard\libc_nano.a(lib_a-nano-svfprintf.o)
                0x0000000008006e00                __ssputs_r
 .text._svfprintf_r
                0x0000000008006eb4      0x1f0 c:/st/stm32cubeide_1.5.0/stm32cubeide/plugins/com.st.stm32cube.ide.mcu.externaltools.gnu-tools-for-stm32.7-2018-q2-update.win32_1.5.0.202011040924/tools/bin/../lib/gcc/arm-none-eabi/7.3.1/../../../../arm-none-eabi/lib/thumb/v7e-m/fpv4-sp/hard\libc_nano.a(lib_a-nano-svfprintf.o)
                0x0000000008006eb4                _svfiprintf_r
                0x0000000008006eb4                _svfprintf_r
 .text._printf_common
                0x00000000080070a4       0xea c:/st/stm32cubeide_1.5.0/stm32cubeide/plugins/com.st.stm32cube.ide.mcu.externaltools.gnu-tools-for-stm32.7-2018-q2-update.win32_1.5.0.202011040924/tools/bin/../lib/gcc/arm-none-eabi/7.3.1/../../../../arm-none-eabi/lib/thumb/v7e-m/fpv4-sp/hard\libc_nano.a(lib_a-nano-vfprintf_i.o)
                0x00000000080070a4                _printf_common
 *fill*         0x000000000800718e        0x2 
 .text._printf_i
                0x0000000008007190      0x224 c:/st/stm32cubeide_1.5.0/stm32cubeide/plugins/com.st.stm32cube.ide.mcu.externaltools.gnu-tools-for-stm32.7-2018-q2-update.win32_1.5.0.202011040924/tools/bin/../lib/gcc/arm-none-eabi/7.3.1/../../../../arm-none-eabi/lib/thumb/v7e-m/fpv4-sp/hard\libc_nano.a(lib_a-nano-vfprintf_i.o)
                0x0000000008007190                _printf_i
 .text.memcpy   0x00000000080073b4       0x16 c:/st/stm32cubeide_1.5.0/stm32cubeide/plugins/com.st.stm32cube.ide.mcu.externaltools.gnu-tools-for-stm32.7-2018-q2-update.win32_1.5.0.202011040924/tools/bin/../lib/gcc/arm-none-eabi/7.3.1/../../../../arm-none-eabi/lib/thumb/v7e-m/fpv4-sp/hard\libc_nano.a(lib_a-memcpy-stub.o)
                0x00000000080073b4                memcpy
 .text.memmove  0x00000000080073ca       0x32 c:/st/stm32cubeide_1.5.0/stm32cubeide/plugins/com.st.stm32cube.ide.mcu.externaltools.gnu-tools-for-stm32.7-2018-q2-update.win32_1.5.0.202011040924/tools/bin/../lib/gcc/arm-none-eabi/7.3.1/../../../../arm-none-eabi/lib/thumb/v7e-m/fpv4-sp/hard\libc_nano.a(lib_a-memmove.o)
                0x00000000080073ca                memmove
 .text._free_r  0x00000000080073fc       0x9c c:/st/stm32cubeide_1.5.0/stm32cubeide/plugins/com.st.stm32cube.ide.mcu.externaltools.gnu-tools-for-stm32.7-2018-q2-update.win32_1.5.0.202011040924/tools/bin/../lib/gcc/arm-none-eabi/7.3.1/../../../../arm-none-eabi/lib/thumb/v7e-m/fpv4-sp/hard\libc_nano.a(lib_a-nano-freer.o)
                0x00000000080073fc                _free_r
 .text._malloc_r
                0x0000000008007498       0xb4 c:/st/stm32cubeide_1.5.0/stm32cubeide/plugins/com.st.stm32cube.ide.mcu.externaltools.gnu-tools-for-stm32.7-2018-q2-update.win32_1.5.0.202011040924/tools/bin/../lib/gcc/arm-none-eabi/7.3.1/../../../../arm-none-eabi/lib/thumb/v7e-m/fpv4-sp/hard\libc_nano.a(lib_a-nano-mallocr.o)
                0x0000000008007498                _malloc_r
 .text._realloc_r
                0x000000000800754c       0x4c c:/st/stm32cubeide_1.5.0/stm32cubeide/plugins/com.st.stm32cube.ide.mcu.externaltools.gnu-tools-for-stm32.7-2018-q2-update.win32_1.5.0.202011040924/tools/bin/../lib/gcc/arm-none-eabi/7.3.1/../../../../arm-none-eabi/lib/thumb/v7e-m/fpv4-sp/hard\libc_nano.a(lib_a-nano-reallocr.o)
                0x000000000800754c                _realloc_r
 .text._sbrk_r  0x0000000008007598       0x20 c:/st/stm32cubeide_1.5.0/stm32cubeide/plugins/com.st.stm32cube.ide.mcu.externaltools.gnu-tools-for-stm32.7-2018-q2-update.win32_1.5.0.202011040924/tools/bin/../lib/gcc/arm-none-eabi/7.3.1/../../../../arm-none-eabi/lib/thumb/v7e-m/fpv4-sp/hard\libc_nano.a(lib_a-sbrkr.o)
                0x0000000008007598                _sbrk_r
 .text.__malloc_lock
                0x00000000080075b8        0x2 c:/st/stm32cubeide_1.5.0/stm32cubeide/plugins/com.st.stm32cube.ide.mcu.externaltools.gnu-tools-for-stm32.7-2018-q2-update.win32_1.5.0.202011040924/tools/bin/../lib/gcc/arm-none-eabi/7.3.1/../../../../arm-none-eabi/lib/thumb/v7e-m/fpv4-sp/hard\libc_nano.a(lib_a-mlock.o)
                0x00000000080075b8                __malloc_lock
 .text.__malloc_unlock
                0x00000000080075ba        0x2 c:/st/stm32cubeide_1.5.0/stm32cubeide/plugins/com.st.stm32cube.ide.mcu.externaltools.gnu-tools-for-stm32.7-2018-q2-update.win32_1.5.0.202011040924/tools/bin/../lib/gcc/arm-none-eabi/7.3.1/../../../../arm-none-eabi/lib/thumb/v7e-m/fpv4-sp/hard\libc_nano.a(lib_a-mlock.o)
                0x00000000080075ba                __malloc_unlock
 .text._malloc_usable_size_r
                0x00000000080075bc       0x10 c:/st/stm32cubeide_1.5.0/stm32cubeide/plugins/com.st.stm32cube.ide.mcu.externaltools.gnu-tools-for-stm32.7-2018-q2-update.win32_1.5.0.202011040924/tools/bin/../lib/gcc/arm-none-eabi/7.3.1/../../../../arm-none-eabi/lib/thumb/v7e-m/fpv4-sp/hard\libc_nano.a(lib_a-nano-msizer.o)
                0x00000000080075bc                _malloc_usable_size_r
 *(.glue_7)
 .glue_7        0x00000000080075cc        0x0 linker stubs
 *(.glue_7t)
 .glue_7t       0x00000000080075cc        0x0 linker stubs
 *(.eh_frame)
 .eh_frame      0x00000000080075cc        0x0 c:/st/stm32cubeide_1.5.0/stm32cubeide/plugins/com.st.stm32cube.ide.mcu.externaltools.gnu-tools-for-stm32.7-2018-q2-update.win32_1.5.0.202011040924/tools/bin/../lib/gcc/arm-none-eabi/7.3.1/thumb/v7e-m/fpv4-sp/hard/crtbegin.o
 *(.init)
 .init          0x00000000080075cc        0x4 c:/st/stm32cubeide_1.5.0/stm32cubeide/plugins/com.st.stm32cube.ide.mcu.externaltools.gnu-tools-for-stm32.7-2018-q2-update.win32_1.5.0.202011040924/tools/bin/../lib/gcc/arm-none-eabi/7.3.1/thumb/v7e-m/fpv4-sp/hard/crti.o
                0x00000000080075cc                _init
 .init          0x00000000080075d0        0x8 c:/st/stm32cubeide_1.5.0/stm32cubeide/plugins/com.st.stm32cube.ide.mcu.externaltools.gnu-tools-for-stm32.7-2018-q2-update.win32_1.5.0.202011040924/tools/bin/../lib/gcc/arm-none-eabi/7.3.1/thumb/v7e-m/fpv4-sp/hard/crtn.o
 *(.fini)
 .fini          0x00000000080075d8        0x4 c:/st/stm32cubeide_1.5.0/stm32cubeide/plugins/com.st.stm32cube.ide.mcu.externaltools.gnu-tools-for-stm32.7-2018-q2-update.win32_1.5.0.202011040924/tools/bin/../lib/gcc/arm-none-eabi/7.3.1/thumb/v7e-m/fpv4-sp/hard/crti.o
                0x00000000080075d8                _fini
 .fini          0x00000000080075dc        0x8 c:/st/stm32cubeide_1.5.0/stm32cubeide/plugins/com.st.stm32cube.ide.mcu.externaltools.gnu-tools-for-stm32.7-2018-q2-update.win32_1.5.0.202011040924/tools/bin/../lib/gcc/arm-none-eabi/7.3.1/thumb/v7e-m/fpv4-sp/hard/crtn.o
                0x00000000080075e4                . = ALIGN (0x4)
                0x00000000080075e4                _etext = .

.vfp11_veneer   0x00000000080075e4        0x0
 .vfp11_veneer  0x00000000080075e4        0x0 linker stubs

.v4_bx          0x00000000080075e4        0x0
 .v4_bx         0x00000000080075e4        0x0 linker stubs

.iplt           0x00000000080075e4        0x0
 .iplt          0x00000000080075e4        0x0 c:/st/stm32cubeide_1.5.0/stm32cubeide/plugins/com.st.stm32cube.ide.mcu.externaltools.gnu-tools-for-stm32.7-2018-q2-update.win32_1.5.0.202011040924/tools/bin/../lib/gcc/arm-none-eabi/7.3.1/thumb/v7e-m/fpv4-sp/hard/crtbegin.o

.rodata         0x00000000080075e4      0x2ac
                0x00000000080075e4                . = ALIGN (0x4)
 *(.rodata)
 *(.rodata*)
 .rodata.main.str1.4
                0x00000000080075e4        0x8 Application/User/main.o
                                          0x6 (size before relaxing)
 .rodata.hSin_Cos_Table
                0x00000000080075ec      0x200 Application/User/mc_math.o
                0x00000000080075ec                hSin_Cos_Table
 .rodata.ICS_ParamsM1
                0x00000000080077ec       0x30 Application/User/mc_parameters.o
                0x00000000080077ec                ICS_ParamsM1
 .rodata.s_fwVer
                0x000000000800781c       0x20 Application/User/motorcontrol.o
                0x000000000800781c                s_fwVer
 .rodata.AHBPrescTable
                0x000000000800783c       0x10 Drivers/CMSIS/system_stm32f4xx.o
                0x000000000800783c                AHBPrescTable
 .rodata.APBPrescTable
                0x000000000800784c        0x8 Drivers/CMSIS/system_stm32f4xx.o
                0x000000000800784c                APBPrescTable
 .rodata.UFCP_Usart_Timeout_none
                0x0000000008007854        0x2 Middlewares/MotorControl/usart_frame_communication_protocol.o
 .rodata.UFCP_Usart_Timeout_start
                0x0000000008007856        0x2 Middlewares/MotorControl/usart_frame_communication_protocol.o
 .rodata.UFCP_Usart_Timeout_stop
                0x0000000008007858        0x2 Middlewares/MotorControl/usart_frame_communication_protocol.o
 .rodata._svfprintf_r.str1.1
                0x000000000800785a       0x11 c:/st/stm32cubeide_1.5.0/stm32cubeide/plugins/com.st.stm32cube.ide.mcu.externaltools.gnu-tools-for-stm32.7-2018-q2-update.win32_1.5.0.202011040924/tools/bin/../lib/gcc/arm-none-eabi/7.3.1/../../../../arm-none-eabi/lib/thumb/v7e-m/fpv4-sp/hard\libc_nano.a(lib_a-nano-svfprintf.o)
 .rodata._printf_i.str1.1
                0x000000000800786b       0x22 c:/st/stm32cubeide_1.5.0/stm32cubeide/plugins/com.st.stm32cube.ide.mcu.externaltools.gnu-tools-for-stm32.7-2018-q2-update.win32_1.5.0.202011040924/tools/bin/../lib/gcc/arm-none-eabi/7.3.1/../../../../arm-none-eabi/lib/thumb/v7e-m/fpv4-sp/hard\libc_nano.a(lib_a-nano-vfprintf_i.o)
                0x0000000008007890                . = ALIGN (0x4)
 *fill*         0x000000000800788d        0x3 

.ARM.extab      0x0000000008007890        0x0
                0x0000000008007890                . = ALIGN (0x4)
 *(.ARM.extab* .gnu.linkonce.armextab.*)
                0x0000000008007890                . = ALIGN (0x4)

.ARM            0x0000000008007890        0x8
                0x0000000008007890                . = ALIGN (0x4)
                0x0000000008007890                __exidx_start = .
 *(.ARM.exidx*)
 .ARM.exidx     0x0000000008007890        0x8 c:/st/stm32cubeide_1.5.0/stm32cubeide/plugins/com.st.stm32cube.ide.mcu.externaltools.gnu-tools-for-stm32.7-2018-q2-update.win32_1.5.0.202011040924/tools/bin/../lib/gcc/arm-none-eabi/7.3.1/thumb/v7e-m/fpv4-sp/hard\libgcc.a(_udivmoddi4.o)
                0x0000000008007898                __exidx_end = .
                0x0000000008007898                . = ALIGN (0x4)

.rel.dyn        0x0000000008007898        0x0
 .rel.iplt      0x0000000008007898        0x0 c:/st/stm32cubeide_1.5.0/stm32cubeide/plugins/com.st.stm32cube.ide.mcu.externaltools.gnu-tools-for-stm32.7-2018-q2-update.win32_1.5.0.202011040924/tools/bin/../lib/gcc/arm-none-eabi/7.3.1/thumb/v7e-m/fpv4-sp/hard/crtbegin.o

.preinit_array  0x0000000008007898        0x0
                0x0000000008007898                . = ALIGN (0x4)
                0x0000000008007898                PROVIDE (__preinit_array_start = .)
 *(.preinit_array*)
                0x0000000008007898                PROVIDE (__preinit_array_end = .)
                0x0000000008007898                . = ALIGN (0x4)

.init_array     0x0000000008007898        0x4
                0x0000000008007898                . = ALIGN (0x4)
                0x0000000008007898                PROVIDE (__init_array_start = .)
 *(SORT_BY_NAME(.init_array.*))
 *(.init_array*)
 .init_array    0x0000000008007898        0x4 c:/st/stm32cubeide_1.5.0/stm32cubeide/plugins/com.st.stm32cube.ide.mcu.externaltools.gnu-tools-for-stm32.7-2018-q2-update.win32_1.5.0.202011040924/tools/bin/../lib/gcc/arm-none-eabi/7.3.1/thumb/v7e-m/fpv4-sp/hard/crtbegin.o
                0x000000000800789c                PROVIDE (__init_array_end = .)
                0x000000000800789c                . = ALIGN (0x4)

.fini_array     0x000000000800789c        0x4
                0x000000000800789c                . = ALIGN (0x4)
                [!provide]                        PROVIDE (__fini_array_start = .)
 *(SORT_BY_NAME(.fini_array.*))
 *(.fini_array*)
 .fini_array    0x000000000800789c        0x4 c:/st/stm32cubeide_1.5.0/stm32cubeide/plugins/com.st.stm32cube.ide.mcu.externaltools.gnu-tools-for-stm32.7-2018-q2-update.win32_1.5.0.202011040924/tools/bin/../lib/gcc/arm-none-eabi/7.3.1/thumb/v7e-m/fpv4-sp/hard/crtbegin.o
                [!provide]                        PROVIDE (__fini_array_end = .)
                0x00000000080078a0                . = ALIGN (0x4)
                0x00000000080078a0                _sidata = LOADADDR (.data)

.data           0x0000000020000000      0x76c load address 0x00000000080078a0
                0x0000000020000000                . = ALIGN (0x4)
                0x0000000020000000                _sdata = .
 *(.data)
 *(.data*)
 .data.CircleLimitationM1
                0x0000000020000000       0xb4 Application/User/mc_config.o
                0x0000000020000000                CircleLimitationM1
 .data.DAC_UI_Params
                0x00000000200000b4       0x3c Application/User/mc_config.o
                0x00000000200000b4                DAC_UI_Params
 .data.HALL_M1  0x00000000200000f0       0xc8 Application/User/mc_config.o
                0x00000000200000f0                HALL_M1
 .data.PIDIdHandle_M1
                0x00000000200001b8       0x2c Application/User/mc_config.o
                0x00000000200001b8                PIDIdHandle_M1
 .data.PIDIqHandle_M1
                0x00000000200001e4       0x2c Application/User/mc_config.o
                0x00000000200001e4                PIDIqHandle_M1
 .data.PIDSpeedHandle_M1
                0x0000000020000210       0x2c Application/User/mc_config.o
                0x0000000020000210                PIDSpeedHandle_M1
 .data.PQD_MotorPowMeasM1
                0x000000002000023c      0x114 Application/User/mc_config.o
                0x000000002000023c                PQD_MotorPowMeasM1
 .data.PWM_Handle_M1
                0x0000000020000350       0x74 Application/User/mc_config.o
                0x0000000020000350                PWM_Handle_M1
 .data.RampExtMngrHFParamsM1
                0x00000000200003c4       0x18 Application/User/mc_config.o
                0x00000000200003c4                RampExtMngrHFParamsM1
 .data.RealBusVoltageSensorParamsM1
                0x00000000200003dc       0x28 Application/User/mc_config.o
                0x00000000200003dc                RealBusVoltageSensorParamsM1
 .data.STO_PLL_M1
                0x0000000020000404      0x128 Application/User/mc_config.o
                0x0000000020000404                STO_PLL_M1
 .data.SpeednTorqCtrlM1
                0x000000002000052c       0x34 Application/User/mc_config.o
                0x000000002000052c                SpeednTorqCtrlM1
 .data.TempSensorParamsM1
                0x0000000020000560       0x28 Application/User/mc_config.o
                0x0000000020000560                TempSensorParamsM1
 .data.UI_Params
                0x0000000020000588       0x30 Application/User/mc_config.o
                0x0000000020000588                UI_Params
 .data.pUSART   0x00000000200005b8      0x13c Application/User/mc_config.o
                0x00000000200005b8                pUSART
 .data.wConfig  0x00000000200006f4        0x4 Application/User/motorcontrol.o
                0x00000000200006f4                wConfig
 .data.SystickDividerCounter.13504
                0x00000000200006f8        0x1 Application/User/stm32f4xx_mc_it.o
 *fill*         0x00000000200006f9        0x1 
 .data.bCOMATRTimeCounter
                0x00000000200006fa        0x2 Application/User/ui_task.o
 .data.SystemCoreClock
                0x00000000200006fc        0x4 Drivers/CMSIS/system_stm32f4xx.o
                0x00000000200006fc                SystemCoreClock
 .data.uwTickFreq
                0x0000000020000700        0x1 Drivers/STM32F4xx_HAL_Driver/stm32f4xx_hal.o
                0x0000000020000700                uwTickFreq
 *fill*         0x0000000020000701        0x3 
 .data.uwTickPrio
                0x0000000020000704        0x4 Drivers/STM32F4xx_HAL_Driver/stm32f4xx_hal.o
                0x0000000020000704                uwTickPrio
 .data._impure_ptr
                0x0000000020000708        0x4 c:/st/stm32cubeide_1.5.0/stm32cubeide/plugins/com.st.stm32cube.ide.mcu.externaltools.gnu-tools-for-stm32.7-2018-q2-update.win32_1.5.0.202011040924/tools/bin/../lib/gcc/arm-none-eabi/7.3.1/../../../../arm-none-eabi/lib/thumb/v7e-m/fpv4-sp/hard\libc_nano.a(lib_a-impure.o)
                0x0000000020000708                _impure_ptr
 .data.impure_data
                0x000000002000070c       0x60 c:/st/stm32cubeide_1.5.0/stm32cubeide/plugins/com.st.stm32cube.ide.mcu.externaltools.gnu-tools-for-stm32.7-2018-q2-update.win32_1.5.0.202011040924/tools/bin/../lib/gcc/arm-none-eabi/7.3.1/../../../../arm-none-eabi/lib/thumb/v7e-m/fpv4-sp/hard\libc_nano.a(lib_a-impure.o)
                0x000000002000076c                . = ALIGN (0x4)
                0x000000002000076c                _edata = .

.igot.plt       0x000000002000076c        0x0 load address 0x000000000800800c
 .igot.plt      0x000000002000076c        0x0 c:/st/stm32cubeide_1.5.0/stm32cubeide/plugins/com.st.stm32cube.ide.mcu.externaltools.gnu-tools-for-stm32.7-2018-q2-update.win32_1.5.0.202011040924/tools/bin/../lib/gcc/arm-none-eabi/7.3.1/thumb/v7e-m/fpv4-sp/hard/crtbegin.o
                0x000000002000076c                . = ALIGN (0x4)

.bss            0x000000002000076c      0x3a8 load address 0x000000000800800c
                0x000000002000076c                _sbss = .
                0x000000002000076c                __bss_start__ = _sbss
 *(.bss)
 .bss           0x000000002000076c       0x1c c:/st/stm32cubeide_1.5.0/stm32cubeide/plugins/com.st.stm32cube.ide.mcu.externaltools.gnu-tools-for-stm32.7-2018-q2-update.win32_1.5.0.202011040924/tools/bin/../lib/gcc/arm-none-eabi/7.3.1/thumb/v7e-m/fpv4-sp/hard/crtbegin.o
 *(.bss*)
 .bss.bMCBootCompleted
                0x0000000020000788        0x1 Application/User/mc_tasks.o
                0x0000000020000788                bMCBootCompleted
 *fill*         0x0000000020000789        0x1 
 .bss.hBootCapDelayCounterM1
                0x000000002000078a        0x2 Application/User/mc_tasks.o
 .bss.hMFTaskCounterM1
                0x000000002000078c        0x2 Application/User/mc_tasks.o
 .bss.hStopPermanencyCounterM1
                0x000000002000078e        0x2 Application/User/mc_tasks.o
 .bss.MPInfo    0x0000000020000790        0x8 Application/User/motor_control_protocol.o
                0x0000000020000790                MPInfo
 .bss.__sbrk_heap_end
                0x0000000020000798        0x4 Application/User/sysmem.o
 .bss.bCOMTimeoutCounter
                0x000000002000079c        0x2 Application/User/ui_task.o
 .bss.bUITaskCounter
                0x000000002000079e        0x2 Application/User/ui_task.o
 .bss.pDAC      0x00000000200007a0        0x4 Application/User/ui_task.o
                0x00000000200007a0                pDAC
 .bss.pMCP      0x00000000200007a4        0x4 Application/User/ui_task.o
                0x00000000200007a4                pMCP
 .bss.__malloc_free_list
                0x00000000200007a8        0x4 c:/st/stm32cubeide_1.5.0/stm32cubeide/plugins/com.st.stm32cube.ide.mcu.externaltools.gnu-tools-for-stm32.7-2018-q2-update.win32_1.5.0.202011040924/tools/bin/../lib/gcc/arm-none-eabi/7.3.1/../../../../arm-none-eabi/lib/thumb/v7e-m/fpv4-sp/hard\libc_nano.a(lib_a-nano-mallocr.o)
                0x00000000200007a8                __malloc_free_list
 .bss.__malloc_sbrk_start
                0x00000000200007ac        0x4 c:/st/stm32cubeide_1.5.0/stm32cubeide/plugins/com.st.stm32cube.ide.mcu.externaltools.gnu-tools-for-stm32.7-2018-q2-update.win32_1.5.0.202011040924/tools/bin/../lib/gcc/arm-none-eabi/7.3.1/../../../../arm-none-eabi/lib/thumb/v7e-m/fpv4-sp/hard\libc_nano.a(lib_a-nano-mallocr.o)
                0x00000000200007ac                __malloc_sbrk_start
 *(COMMON)
 COMMON         0x00000000200007b0      0x164 Application/User/main.o
                0x00000000200007b0                hadc2
                0x00000000200007f8                hadc1
                0x0000000020000840                hdac
                0x0000000020000854                htim1
                0x0000000020000894                htim2
                0x00000000200008d4                huart2
 COMMON         0x0000000020000914       0x14 Application/User/mc_config.o
                0x0000000020000914                RealBusVoltageSensorFilterBufferM1
 COMMON         0x0000000020000928       0xd4 Application/User/mc_tasks.o
                0x0000000020000928                pOCPDisabling
                0x000000002000092c                pTemperatureSensor
                0x0000000020000930                pwmcHandle
                0x0000000020000934                pPIDSpeed
                0x0000000020000938                pPIDIq
                0x000000002000093c                oMCInterface
                0x0000000020000940                pR_Brake
                0x0000000020000944                FOCVars
                0x000000002000096c                MCT
                0x00000000200009c0                pCLM
                0x00000000200009c4                pBusSensorM1
                0x00000000200009c8                Mci
                0x00000000200009e4                STM
                0x00000000200009ec                pREMNG
                0x00000000200009f0                pMPM
                0x00000000200009f4                pPIDId
                0x00000000200009f8                pSTC
 COMMON         0x00000000200009fc        0x8 Application/User/motorcontrol.o
                0x00000000200009fc                pMCI
                0x0000000020000a00                pMCT
 COMMON         0x0000000020000a04       0x3a Application/User/regular_conversion_manager.o
                0x0000000020000a04                RCM_UserConvHandle
                0x0000000020000a08                RCM_CB_array
                0x0000000020000a28                RCM_UserConvState
                0x0000000020000a2c                RCM_handle_array
                0x0000000020000a3c                RCM_UserConvValue
 *fill*         0x0000000020000a3e        0x2 
 COMMON         0x0000000020000a40       0xcc Application/User/ui_task.o
                0x0000000020000a40                MCP_UI_Params
 COMMON         0x0000000020000b0c        0x4 Drivers/STM32F4xx_HAL_Driver/stm32f4xx_hal.o
                0x0000000020000b0c                uwTick
 COMMON         0x0000000020000b10        0x4 c:/st/stm32cubeide_1.5.0/stm32cubeide/plugins/com.st.stm32cube.ide.mcu.externaltools.gnu-tools-for-stm32.7-2018-q2-update.win32_1.5.0.202011040924/tools/bin/../lib/gcc/arm-none-eabi/7.3.1/../../../../arm-none-eabi/lib/thumb/v7e-m/fpv4-sp/hard\libc_nano.a(lib_a-reent.o)
                0x0000000020000b10                errno
                0x0000000020000b14                . = ALIGN (0x4)
                0x0000000020000b14                _ebss = .
                0x0000000020000b14                __bss_end__ = _ebss

._user_heap_stack
                0x0000000020000b14      0x604 load address 0x000000000800800c
                0x0000000020000b18                . = ALIGN (0x8)
 *fill*         0x0000000020000b14        0x4 
                [!provide]                        PROVIDE (end = .)
                0x0000000020000b18                PROVIDE (_end = .)
                0x0000000020000d18                . = (. + _Min_Heap_Size)
 *fill*         0x0000000020000b18      0x200 
                0x0000000020001118                . = (. + _Min_Stack_Size)
 *fill*         0x0000000020000d18      0x400 
                0x0000000020001118                . = ALIGN (0x8)

/DISCARD/
 libc.a(*)
 libm.a(*)
 libgcc.a(*)

.ARM.attributes
                0x0000000000000000       0x30
 *(.ARM.attributes)
 .ARM.attributes
                0x0000000000000000       0x22 c:/st/stm32cubeide_1.5.0/stm32cubeide/plugins/com.st.stm32cube.ide.mcu.externaltools.gnu-tools-for-stm32.7-2018-q2-update.win32_1.5.0.202011040924/tools/bin/../lib/gcc/arm-none-eabi/7.3.1/thumb/v7e-m/fpv4-sp/hard/crti.o
 .ARM.attributes
                0x0000000000000022       0x34 c:/st/stm32cubeide_1.5.0/stm32cubeide/plugins/com.st.stm32cube.ide.mcu.externaltools.gnu-tools-for-stm32.7-2018-q2-update.win32_1.5.0.202011040924/tools/bin/../lib/gcc/arm-none-eabi/7.3.1/thumb/v7e-m/fpv4-sp/hard/crtbegin.o
 .ARM.attributes
                0x0000000000000056       0x21 Application/Startup/startup_stm32f446retx.o
 .ARM.attributes
                0x0000000000000077       0x35 Application/User/dac_ui.o
 .ARM.attributes
                0x00000000000000ac       0x35 Application/User/main.o
 .ARM.attributes
                0x00000000000000e1       0x35 Application/User/mc_config.o
 .ARM.attributes
                0x0000000000000116       0x35 Application/User/mc_interface.o
 .ARM.attributes
                0x000000000000014b       0x35 Application/User/mc_math.o
 .ARM.attributes
                0x0000000000000180       0x35 Application/User/mc_parameters.o
 .ARM.attributes
                0x00000000000001b5       0x35 Application/User/mc_tasks.o
 .ARM.attributes
                0x00000000000001ea       0x35 Application/User/motor_control_protocol.o
 .ARM.attributes
                0x000000000000021f       0x35 Application/User/motorcontrol.o
 .ARM.attributes
                0x0000000000000254       0x35 Application/User/regular_conversion_manager.o
 .ARM.attributes
                0x0000000000000289       0x35 Application/User/stm32f4xx_hal_msp.o
 .ARM.attributes
                0x00000000000002be       0x35 Application/User/stm32f4xx_mc_it.o
 .ARM.attributes
                0x00000000000002f3       0x35 Application/User/sysmem.o
 .ARM.attributes
                0x0000000000000328       0x35 Application/User/ui_task.o
 .ARM.attributes
                0x000000000000035d       0x35 Application/User/user_interface.o
 .ARM.attributes
                0x0000000000000392       0x35 Drivers/CMSIS/system_stm32f4xx.o
 .ARM.attributes
                0x00000000000003c7       0x35 Drivers/STM32F4xx_HAL_Driver/stm32f4xx_hal.o
 .ARM.attributes
                0x00000000000003fc       0x35 Drivers/STM32F4xx_HAL_Driver/stm32f4xx_hal_adc.o
 .ARM.attributes
                0x0000000000000431       0x35 Drivers/STM32F4xx_HAL_Driver/stm32f4xx_hal_adc_ex.o
 .ARM.attributes
                0x0000000000000466       0x35 Drivers/STM32F4xx_HAL_Driver/stm32f4xx_hal_cortex.o
 .ARM.attributes
                0x000000000000049b       0x35 Drivers/STM32F4xx_HAL_Driver/stm32f4xx_hal_dac.o
 .ARM.attributes
                0x00000000000004d0       0x35 Drivers/STM32F4xx_HAL_Driver/stm32f4xx_hal_gpio.o
 .ARM.attributes
                0x0000000000000505       0x35 Drivers/STM32F4xx_HAL_Driver/stm32f4xx_hal_pwr_ex.o
 .ARM.attributes
                0x000000000000053a       0x35 Drivers/STM32F4xx_HAL_Driver/stm32f4xx_hal_rcc.o
 .ARM.attributes
                0x000000000000056f       0x35 Drivers/STM32F4xx_HAL_Driver/stm32f4xx_hal_rcc_ex.o
 .ARM.attributes
                0x00000000000005a4       0x35 Drivers/STM32F4xx_HAL_Driver/stm32f4xx_hal_tim.o
 .ARM.attributes
                0x00000000000005d9       0x35 Drivers/STM32F4xx_HAL_Driver/stm32f4xx_hal_tim_ex.o
 .ARM.attributes
                0x000000000000060e       0x35 Drivers/STM32F4xx_HAL_Driver/stm32f4xx_hal_uart.o
 .ARM.attributes
                0x0000000000000643       0x35 Middlewares/MotorControl/bus_voltage_sensor.o
 .ARM.attributes
                0x0000000000000678       0x35 Middlewares/MotorControl/circle_limitation.o
 .ARM.attributes
                0x00000000000006ad       0x35 Middlewares/MotorControl/dac_common_ui.o
 .ARM.attributes
                0x00000000000006e2       0x35 Middlewares/MotorControl/frame_communication_protocol.o
 .ARM.attributes
                0x0000000000000717       0x35 Middlewares/MotorControl/hall_speed_pos_fdbk.o
 .ARM.attributes
                0x000000000000074c       0x35 Middlewares/MotorControl/ics_f4xx_pwm_curr_fdbk.o
 .ARM.attributes
                0x0000000000000781       0x35 Middlewares/MotorControl/motor_power_measurement.o
 .ARM.attributes
                0x00000000000007b6       0x35 Middlewares/MotorControl/ntc_temperature_sensor.o
 .ARM.attributes
                0x00000000000007eb       0x35 Middlewares/MotorControl/pid_regulator.o
 .ARM.attributes
                0x0000000000000820       0x35 Middlewares/MotorControl/pqd_motor_power_measurement.o
 .ARM.attributes
                0x0000000000000855       0x35 Middlewares/MotorControl/pwm_common.o
 .ARM.attributes
                0x000000000000088a       0x35 Middlewares/MotorControl/pwm_curr_fdbk.o
 .ARM.attributes
                0x00000000000008bf       0x35 Middlewares/MotorControl/r_divider_bus_voltage_sensor.o
 .ARM.attributes
                0x00000000000008f4       0x35 Middlewares/MotorControl/ramp_ext_mngr.o
 .ARM.attributes
                0x0000000000000929       0x35 Middlewares/MotorControl/speed_pos_fdbk.o
 .ARM.attributes
                0x000000000000095e       0x35 Middlewares/MotorControl/speed_torq_ctrl.o
 .ARM.attributes
                0x0000000000000993       0x35 Middlewares/MotorControl/state_machine.o
 .ARM.attributes
                0x00000000000009c8       0x35 Middlewares/MotorControl/usart_frame_communication_protocol.o
 .ARM.attributes
                0x00000000000009fd       0x35 ../../MCSDK_v5.4.5/MotorControl/lib\libmc-gcc_M4_NoCCMRAM.lib(revup_ctrl.o)
 .ARM.attributes
                0x0000000000000a32       0x35 ../../MCSDK_v5.4.5/MotorControl/lib\libmc-gcc_M4_NoCCMRAM.lib(sto_pll_speed_pos_fdbk.o)
 .ARM.attributes
                0x0000000000000a67       0x34 c:/st/stm32cubeide_1.5.0/stm32cubeide/plugins/com.st.stm32cube.ide.mcu.externaltools.gnu-tools-for-stm32.7-2018-q2-update.win32_1.5.0.202011040924/tools/bin/../lib/gcc/arm-none-eabi/7.3.1/../../../../arm-none-eabi/lib/thumb/v7e-m/fpv4-sp/hard\libc_nano.a(lib_a-errno.o)
 .ARM.attributes
                0x0000000000000a9b       0x34 c:/st/stm32cubeide_1.5.0/stm32cubeide/plugins/com.st.stm32cube.ide.mcu.externaltools.gnu-tools-for-stm32.7-2018-q2-update.win32_1.5.0.202011040924/tools/bin/../lib/gcc/arm-none-eabi/7.3.1/../../../../arm-none-eabi/lib/thumb/v7e-m/fpv4-sp/hard\libc_nano.a(lib_a-impure.o)
 .ARM.attributes
                0x0000000000000acf       0x34 c:/st/stm32cubeide_1.5.0/stm32cubeide/plugins/com.st.stm32cube.ide.mcu.externaltools.gnu-tools-for-stm32.7-2018-q2-update.win32_1.5.0.202011040924/tools/bin/../lib/gcc/arm-none-eabi/7.3.1/../../../../arm-none-eabi/lib/thumb/v7e-m/fpv4-sp/hard\libc_nano.a(lib_a-init.o)
 .ARM.attributes
                0x0000000000000b03       0x34 c:/st/stm32cubeide_1.5.0/stm32cubeide/plugins/com.st.stm32cube.ide.mcu.externaltools.gnu-tools-for-stm32.7-2018-q2-update.win32_1.5.0.202011040924/tools/bin/../lib/gcc/arm-none-eabi/7.3.1/../../../../arm-none-eabi/lib/thumb/v7e-m/fpv4-sp/hard\libc_nano.a(lib_a-memset.o)
 .ARM.attributes
                0x0000000000000b37       0x34 c:/st/stm32cubeide_1.5.0/stm32cubeide/plugins/com.st.stm32cube.ide.mcu.externaltools.gnu-tools-for-stm32.7-2018-q2-update.win32_1.5.0.202011040924/tools/bin/../lib/gcc/arm-none-eabi/7.3.1/../../../../arm-none-eabi/lib/thumb/v7e-m/fpv4-sp/hard\libc_nano.a(lib_a-sprintf.o)
 .ARM.attributes