Archive member included to satisfy reference by file (symbol)

../../MCSDK_v5.4.5/MotorControl/lib\libmc-gcc_M4_NoCCMRAM.lib(revup_ctrl.o)
                              Application/User/mc_tasks.o (RUC_Init)
../../MCSDK_v5.4.5/MotorControl/lib\libmc-gcc_M4_NoCCMRAM.lib(sto_pll_speed_pos_fdbk.o)
                              Application/User/mc_tasks.o (STO_PLL_CalcElAngle)
c:/st/stm32cubeide_1.5.0/stm32cubeide/plugins/com.st.stm32cube.ide.mcu.externaltools.gnu-tools-for-stm32.7-2018-q2-update.win32_1.5.0.202011040924/tools/bin/../lib/gcc/arm-none-eabi/7.3.1/../../../../arm-none-eabi/lib/thumb/v7e-m/fpv4-sp/hard\libc_nano.a(lib_a-errno.o)
                              Application/User/syscalls.o (__errno)
c:/st/stm32cubeide_1.5.0/stm32cubeide/plugins/com.st.stm32cube.ide.mcu.externaltools.gnu-tools-for-stm32.7-2018-q2-update.win32_1.5.0.202011040924/tools/bin/../lib/gcc/arm-none-eabi/7.3.1/../../../../arm-none-eabi/lib/thumb/v7e-m/fpv4-sp/hard\libc_nano.a(lib_a-exit.o)
                              c:/st/stm32cubeide_1.5.0/stm32cubeide/plugins/com.st.stm32cube.ide.mcu.externaltools.gnu-tools-for-stm32.7-2018-q2-update.win32_1.5.0.202011040924/tools/bin/../lib/gcc/arm-none-eabi/7.3.1/../../../../arm-none-eabi/lib/thumb/v7e-m/fpv4-sp/hard/crt0.o (exit)
c:/st/stm32cubeide_1.5.0/stm32cubeide/plugins/com.st.stm32cube.ide.mcu.externaltools.gnu-tools-for-stm32.7-2018-q2-update.win32_1.5.0.202011040924/tools/bin/../lib/gcc/arm-none-eabi/7.3.1/../../../../arm-none-eabi/lib/thumb/v7e-m/fpv4-sp/hard\libc_nano.a(lib_a-impure.o)
                              c:/st/stm32cubeide_1.5.0/stm32cubeide/plugins/com.st.stm32cube.ide.mcu.externaltools.gnu-tools-for-stm32.7-2018-q2-update.win32_1.5.0.202011040924/tools/bin/../lib/gcc/arm-none-eabi/7.3.1/../../../../arm-none-eabi/lib/thumb/v7e-m/fpv4-sp/hard\libc_nano.a(lib_a-exit.o) (_global_impure_ptr)
c:/st/stm32cubeide_1.5.0/stm32cubeide/plugins/com.st.stm32cube.ide.mcu.externaltools.gnu-tools-for-stm32.7-2018-q2-update.win32_1.5.0.202011040924/tools/bin/../lib/gcc/arm-none-eabi/7.3.1/../../../../arm-none-eabi/lib/thumb/v7e-m/fpv4-sp/hard\libc_nano.a(lib_a-init.o)
                              c:/st/stm32cubeide_1.5.0/stm32cubeide/plugins/com.st.stm32cube.ide.mcu.externaltools.gnu-tools-for-stm32.7-2018-q2-update.win32_1.5.0.202011040924/tools/bin/../lib/gcc/arm-none-eabi/7.3.1/../../../../arm-none-eabi/lib/thumb/v7e-m/fpv4-sp/hard/crt0.o (__libc_init_array)
c:/st/stm32cubeide_1.5.0/stm32cubeide/plugins/com.st.stm32cube.ide.mcu.externaltools.gnu-tools-for-stm32.7-2018-q2-update.win32_1.5.0.202011040924/tools/bin/../lib/gcc/arm-none-eabi/7.3.1/../../../../arm-none-eabi/lib/thumb/v7e-m/fpv4-sp/hard\libc_nano.a(lib_a-memset.o)
                              c:/st/stm32cubeide_1.5.0/stm32cubeide/plugins/com.st.stm32cube.ide.mcu.externaltools.gnu-tools-for-stm32.7-2018-q2-update.win32_1.5.0.202011040924/tools/bin/../lib/gcc/arm-none-eabi/7.3.1/../../../../arm-none-eabi/lib/thumb/v7e-m/fpv4-sp/hard/crt0.o (memset)
c:/st/stm32cubeide_1.5.0/stm32cubeide/plugins/com.st.stm32cube.ide.mcu.externaltools.gnu-tools-for-stm32.7-2018-q2-update.win32_1.5.0.202011040924/tools/bin/../lib/gcc/arm-none-eabi/7.3.1/thumb/v7e-m/fpv4-sp/hard\libgcc.a(_aeabi_ldivmod.o)
                              Drivers/STM32F4xx_HAL_Driver/stm32f4xx_hal_rcc.o (__aeabi_ldivmod)
c:/st/stm32cubeide_1.5.0/stm32cubeide/plugins/com.st.stm32cube.ide.mcu.externaltools.gnu-tools-for-stm32.7-2018-q2-update.win32_1.5.0.202011040924/tools/bin/../lib/gcc/arm-none-eabi/7.3.1/thumb/v7e-m/fpv4-sp/hard\libgcc.a(_aeabi_uldivmod.o)
                              Drivers/STM32F4xx_HAL_Driver/stm32f4xx_hal_rcc.o (__aeabi_uldivmod)
c:/st/stm32cubeide_1.5.0/stm32cubeide/plugins/com.st.stm32cube.ide.mcu.externaltools.gnu-tools-for-stm32.7-2018-q2-update.win32_1.5.0.202011040924/tools/bin/../lib/gcc/arm-none-eabi/7.3.1/thumb/v7e-m/fpv4-sp/hard\libgcc.a(_udivmoddi4.o)
                              c:/st/stm32cubeide_1.5.0/stm32cubeide/plugins/com.st.stm32cube.ide.mcu.externaltools.gnu-tools-for-stm32.7-2018-q2-update.win32_1.5.0.202011040924/tools/bin/../lib/gcc/arm-none-eabi/7.3.1/thumb/v7e-m/fpv4-sp/hard\libgcc.a(_aeabi_ldivmod.o) (__udivmoddi4)
c:/st/stm32cubeide_1.5.0/stm32cubeide/plugins/com.st.stm32cube.ide.mcu.externaltools.gnu-tools-for-stm32.7-2018-q2-update.win32_1.5.0.202011040924/tools/bin/../lib/gcc/arm-none-eabi/7.3.1/thumb/v7e-m/fpv4-sp/hard\libgcc.a(_dvmd_tls.o)
                              c:/st/stm32cubeide_1.5.0/stm32cubeide/plugins/com.st.stm32cube.ide.mcu.externaltools.gnu-tools-for-stm32.7-2018-q2-update.win32_1.5.0.202011040924/tools/bin/../lib/gcc/arm-none-eabi/7.3.1/thumb/v7e-m/fpv4-sp/hard\libgcc.a(_aeabi_ldivmod.o) (__aeabi_ldiv0)

Allocating common symbols
Common symbol       size              file

pOCPDisabling       0x4               Application/User/mc_tasks.o
pTemperatureSensor  0x4               Application/User/mc_tasks.o
pwmcHandle          0x4               Application/User/mc_tasks.o
[...]
Memory Configuration

Name             Origin             Length             Attributes
RAM              0x0000000020000000 0x0000000000020000 xrw
FLASH            0x0000000008000000 0x0000000000080000 xr
*default*        0x0000000000000000 0xffffffffffffffff

Linker script and memory map

LOAD c:/st/stm32cubeide_1.5.0/stm32cubeide/plugins/com.st.stm32cube.ide.mcu.externaltools.gnu-tools-for-stm32.7-2018-q2-update.win32_1.5.0.202011040924/tools/bin/../lib/gcc/arm-none-eabi/7.3.1/thumb/v7e-m/fpv4-sp/hard/crti.o
LOAD c:/st/stm32cubeide_1.5.0/stm32cubeide/plugins/com.st.stm32cube.ide.mcu.externaltools.gnu-tools-for-stm32.7-2018-q2-update.win32_1.5.0.202011040924/tools/bin/../lib/gcc/arm-none-eabi/7.3.1/thumb/v7e-m/fpv4-sp/hard/crtbegin.o
LOAD c:/st/stm32cubeide_1.5.0/stm32cubeide/plugins/com.st.stm32cube.ide.mcu.externaltools.gnu-tools-for-stm32.7-2018-q2-update.win32_1.5.0.202011040924/tools/bin/../lib/gcc/arm-none-eabi/7.3.1/../../../../arm-none-eabi/lib/thumb/v7e-m/fpv4-sp/hard/crt0.o
LOAD Application/Startup/startup_stm32f446retx.o
LOAD Application/User/main.o
LOAD Application/User/mc_api.o
LOAD Application/User/mc_config.o
LOAD Application/User/mc_interface.o
LOAD Application/User/mc_math.o
LOAD Application/User/mc_parameters.o
LOAD Application/User/mc_tasks.o
LOAD Application/User/motor_control_protocol.o
LOAD Application/User/motorcontrol.o
LOAD Application/User/regular_conversion_manager.o
LOAD Application/User/stm32f4xx_hal_msp.o
LOAD Application/User/stm32f4xx_it.o
LOAD Application/User/stm32f4xx_mc_it.o
LOAD Application/User/syscalls.o
LOAD Application/User/sysmem.o
LOAD Application/User/ui_task.o
LOAD Application/User/user_interface.o
LOAD Drivers/CMSIS/system_stm32f4xx.o
LOAD Drivers/STM32F4xx_HAL_Driver/stm32f4xx_hal.o
LOAD Drivers/STM32F4xx_HAL_Driver/stm32f4xx_hal_adc.o
LOAD Drivers/STM32F4xx_HAL_Driver/stm32f4xx_hal_adc_ex.o
LOAD Drivers/STM32F4xx_HAL_Driver/stm32f4xx_hal_cortex.o
LOAD Drivers/STM32F4xx_HAL_Driver/stm32f4xx_hal_dma.o
LOAD Drivers/STM32F4xx_HAL_Driver/stm32f4xx_hal_dma_ex.o
LOAD Drivers/STM32F4xx_HAL_Driver/stm32f4xx_hal_exti.o
LOAD Drivers/STM32F4xx_HAL_Driver/stm32f4xx_hal_flash.o
LOAD Drivers/STM32F4xx_HAL_Driver/stm32f4xx_hal_flash_ex.o
LOAD Drivers/STM32F4xx_HAL_Driver/stm32f4xx_hal_flash_ramfunc.o
LOAD Drivers/STM32F4xx_HAL_Driver/stm32f4xx_hal_gpio.o
LOAD Drivers/STM32F4xx_HAL_Driver/stm32f4xx_hal_pwr.o
LOAD Drivers/STM32F4xx_HAL_Driver/stm32f4xx_hal_pwr_ex.o
LOAD Drivers/STM32F4xx_HAL_Driver/stm32f4xx_hal_rcc.o
LOAD Drivers/STM32F4xx_HAL_Driver/stm32f4xx_hal_rcc_ex.o
LOAD Drivers/STM32F4xx_HAL_Driver/stm32f4xx_hal_tim.o
LOAD Drivers/STM32F4xx_HAL_Driver/stm32f4xx_hal_tim_ex.o
LOAD Drivers/STM32F4xx_HAL_Driver/stm32f4xx_hal_uart.o
LOAD Middlewares/MotorControl/bus_voltage_sensor.o
LOAD Middlewares/MotorControl/circle_limitation.o
LOAD Middlewares/MotorControl/digital_output.o
LOAD Middlewares/MotorControl/frame_communication_protocol.o
LOAD Middlewares/MotorControl/ics_f4xx_pwm_curr_fdbk.o
LOAD Middlewares/MotorControl/motor_power_measurement.o
LOAD Middlewares/MotorControl/ntc_temperature_sensor.o
LOAD Middlewares/MotorControl/open_loop.o
LOAD Middlewares/MotorControl/pid_regulator.o
LOAD Middlewares/MotorControl/pqd_motor_power_measurement.o
LOAD Middlewares/MotorControl/pwm_common.o
LOAD Middlewares/MotorControl/pwm_curr_fdbk.o
LOAD Middlewares/MotorControl/r_divider_bus_voltage_sensor.o
LOAD Middlewares/MotorControl/ramp_ext_mngr.o
LOAD Middlewares/MotorControl/speed_pos_fdbk.o
LOAD Middlewares/MotorControl/speed_torq_ctrl.o
LOAD Middlewares/MotorControl/state_machine.o
LOAD Middlewares/MotorControl/ui_irq_handler.o
LOAD Middlewares/MotorControl/usart_frame_communication_protocol.o
LOAD Middlewares/MotorControl/virtual_speed_sensor.o
LOAD ../../MCSDK_v5.4.5/MotorControl/lib\libmc-gcc_M4_NoCCMRAM.lib
START GROUP
LOAD c:/st/stm32cubeide_1.5.0/stm32cubeide/plugins/com.st.stm32cube.ide.mcu.externaltools.gnu-tools-for-stm32.7-2018-q2-update.win32_1.5.0.202011040924/tools/bin/../lib/gcc/arm-none-eabi/7.3.1/../../../../arm-none-eabi/lib/thumb/v7e-m/fpv4-sp/hard\libc_nano.a
LOAD c:/st/stm32cubeide_1.5.0/stm32cubeide/plugins/com.st.stm32cube.ide.mcu.externaltools.gnu-tools-for-stm32.7-2018-q2-update.win32_1.5.0.202011040924/tools/bin/../lib/gcc/arm-none-eabi/7.3.1/../../../../arm-none-eabi/lib/thumb/v7e-m/fpv4-sp/hard\libm.a
END GROUP
START GROUP
LOAD c:/st/stm32cubeide_1.5.0/stm32cubeide/plugins/com.st.stm32cube.ide.mcu.externaltools.gnu-tools-for-stm32.7-2018-q2-update.win32_1.5.0.202011040924/tools/bin/../lib/gcc/arm-none-eabi/7.3.1/thumb/v7e-m/fpv4-sp/hard\libgcc.a
LOAD c:/st/stm32cubeide_1.5.0/stm32cubeide/plugins/com.st.stm32cube.ide.mcu.externaltools.gnu-tools-for-stm32.7-2018-q2-update.win32_1.5.0.202011040924/tools/bin/../lib/gcc/arm-none-eabi/7.3.1/../../../../arm-none-eabi/lib/thumb/v7e-m/fpv4-sp/hard\libc_nano.a
END GROUP
START GROUP
LOAD c:/st/stm32cubeide_1.5.0/stm32cubeide/plugins/com.st.stm32cube.ide.mcu.externaltools.gnu-tools-for-stm32.7-2018-q2-update.win32_1.5.0.202011040924/tools/bin/../lib/gcc/arm-none-eabi/7.3.1/thumb/v7e-m/fpv4-sp/hard\libgcc.a
LOAD c:/st/stm32cubeide_1.5.0/stm32cubeide/plugins/com.st.stm32cube.ide.mcu.externaltools.gnu-tools-for-stm32.7-2018-q2-update.win32_1.5.0.202011040924/tools/bin/../lib/gcc/arm-none-eabi/7.3.1/../../../../arm-none-eabi/lib/thumb/v7e-m/fpv4-sp/hard\libc_nano.a
LOAD c:/st/stm32cubeide_1.5.0/stm32cubeide/plugins/com.st.stm32cube.ide.mcu.externaltools.gnu-tools-for-stm32.7-2018-q2-update.win32_1.5.0.202011040924/tools/bin/../lib/gcc/arm-none-eabi/7.3.1/../../../../arm-none-eabi/lib/thumb/v7e-m/fpv4-sp/hard\libnosys.a
END GROUP
START GROUP
LOAD c:/st/stm32cubeide_1.5.0/stm32cubeide/plugins/com.st.stm32cube.ide.mcu.externaltools.gnu-tools-for-stm32.7-2018-q2-update.win32_1.5.0.202011040924/tools/bin/../lib/gcc/arm-none-eabi/7.3.1/thumb/v7e-m/fpv4-sp/hard\libgcc.a
LOAD c:/st/stm32cubeide_1.5.0/stm32cubeide/plugins/com.st.stm32cube.ide.mcu.externaltools.gnu-tools-for-stm32.7-2018-q2-update.win32_1.5.0.202011040924/tools/bin/../lib/gcc/arm-none-eabi/7.3.1/../../../../arm-none-eabi/lib/thumb/v7e-m/fpv4-sp/hard\libc_nano.a
LOAD c:/st/stm32cubeide_1.5.0/stm32cubeide/plugins/com.st.stm32cube.ide.mcu.externaltools.gnu-tools-for-stm32.7-2018-q2-update.win32_1.5.0.202011040924/tools/bin/../lib/gcc/arm-none-eabi/7.3.1/../../../../arm-none-eabi/lib/thumb/v7e-m/fpv4-sp/hard\libnosys.a
END GROUP
LOAD c:/st/stm32cubeide_1.5.0/stm32cubeide/plugins/com.st.stm32cube.ide.mcu.externaltools.gnu-tools-for-stm32.7-2018-q2-update.win32_1.5.0.202011040924/tools/bin/../lib/gcc/arm-none-eabi/7.3.1/thumb/v7e-m/fpv4-sp/hard/crtend.o
LOAD c:/st/stm32cubeide_1.5.0/stm32cubeide/plugins/com.st.stm32cube.ide.mcu.externaltools.gnu-tools-for-stm32.7-2018-q2-update.win32_1.5.0.202011040924/tools/bin/../lib/gcc/arm-none-eabi/7.3.1/thumb/v7e-m/fpv4-sp/hard/crtn.o
                0x0000000020020000                _estack = (ORIGIN (RAM) + LENGTH (RAM))
                0x0000000000000200                _Min_Heap_Size = 0x200
                0x0000000000000400                _Min_Stack_Size = 0x400

.isr_vector     0x0000000008000000      0x1c4
                0x0000000008000000                . = ALIGN (0x4)
 *(.isr_vector)
 .isr_vector    0x0000000008000000      0x1c4 Application/Startup/startup_stm32f446retx.o
                0x0000000008000000                g_pfnVectors
                0x00000000080001c4                . = ALIGN (0x4)

.text           0x00000000080001c4     0x5ed0
                0x00000000080001c4                . = ALIGN (0x4)
 *(.text)
 .text          0x00000000080001c4       0x40 c:/st/stm32cubeide_1.5.0/stm32cubeide/plugins/com.st.stm32cube.ide.mcu.externaltools.gnu-tools-for-stm32.7-2018-q2-update.win32_1.5.0.202011040924/tools/bin/../lib/gcc/arm-none-eabi/7.3.1/thumb/v7e-m/fpv4-sp/hard/crtbegin.o
 .text          0x0000000008000204       0x30 c:/st/stm32cubeide_1.5.0/stm32cubeide/plugins/com.st.stm32cube.ide.mcu.externaltools.gnu-tools-for-stm32.7-2018-q2-update.win32_1.5.0.202011040924/tools/bin/../lib/gcc/arm-none-eabi/7.3.1/thumb/v7e-m/fpv4-sp/hard\libgcc.a(_aeabi_uldivmod.o)
                0x0000000008000204                __aeabi_uldivmod
 .text          0x0000000008000234      0x2cc c:/st/stm32cubeide_1.5.0/stm32cubeide/plugins/com.st.stm32cube.ide.mcu.externaltools.gnu-tools-for-stm32.7-2018-q2-update.win32_1.5.0.202011040924/tools/bin/../lib/gcc/arm-none-eabi/7.3.1/thumb/v7e-m/fpv4-sp/hard\libgcc.a(_udivmoddi4.o)
                0x0000000008000234                __udivmoddi4
 .text          0x0000000008000500        0x4 c:/st/stm32cubeide_1.5.0/stm32cubeide/plugins/com.st.stm32cube.ide.mcu.externaltools.gnu-tools-for-stm32.7-2018-q2-update.win32_1.5.0.202011040924/tools/bin/../lib/gcc/arm-none-eabi/7.3.1/thumb/v7e-m/fpv4-sp/hard\libgcc.a(_dvmd_tls.o)
                0x0000000008000500                __aeabi_idiv0
                0x0000000008000500                __aeabi_ldiv0
 *(.text*)
 .text.Reset_Handler
                0x0000000008000504       0x50 Application/Startup/startup_stm32f446retx.o
                0x0000000008000504                Reset_Handler
 .text.Default_Handler
                0x0000000008000554        0x2 Application/Startup/startup_stm32f446retx.o
                0x0000000008000554                RTC_Alarm_IRQHandler
                0x0000000008000554                EXTI2_IRQHandler
                0x0000000008000554                TIM8_CC_IRQHandler
                0x0000000008000554                DebugMon_Handler
                0x0000000008000554                FMPI2C1_EV_IRQHandler
                0x0000000008000554                SPI4_IRQHandler
                0x0000000008000554                TIM1_CC_IRQHandler
                0x0000000008000554                DMA2_Stream5_IRQHandler
                0x0000000008000554                DMA1_Stream5_IRQHandler
                0x0000000008000554                PVD_IRQHandler
                0x0000000008000554                SDIO_IRQHandler
                0x0000000008000554                TAMP_STAMP_IRQHandler
                0x0000000008000554                PendSV_Handler
                0x0000000008000554                NMI_Handler
                0x0000000008000554                CAN2_RX1_IRQHandler
                0x0000000008000554                EXTI3_IRQHandler
                0x0000000008000554                TIM8_TRG_COM_TIM14_IRQHandler
                0x0000000008000554                TIM8_UP_TIM13_IRQHandler
                0x0000000008000554                I2C3_ER_IRQHandler
                0x0000000008000554                EXTI0_IRQHandler
                0x0000000008000554                I2C2_EV_IRQHandler
                0x0000000008000554                DMA1_Stream2_IRQHandler
                0x0000000008000554                CAN1_RX0_IRQHandler
                0x0000000008000554                FPU_IRQHandler
                0x0000000008000554                OTG_HS_WKUP_IRQHandler
                0x0000000008000554                UsageFault_Handler
                0x0000000008000554                CAN2_SCE_IRQHandler
                0x0000000008000554                DMA2_Stream2_IRQHandler
                0x0000000008000554                SPI1_IRQHandler
                0x0000000008000554                TIM6_DAC_IRQHandler
                0x0000000008000554                DCMI_IRQHandler
                0x0000000008000554                CAN2_RX0_IRQHandler
                0x0000000008000554                DMA2_Stream3_IRQHandler
                0x0000000008000554                SAI2_IRQHandler
                0x0000000008000554                USART6_IRQHandler
                0x0000000008000554                USART3_IRQHandler
                0x0000000008000554                CAN1_RX1_IRQHandler
                0x0000000008000554                UART5_IRQHandler
                0x0000000008000554                DMA2_Stream0_IRQHandler
                0x0000000008000554                TIM4_IRQHandler
                0x0000000008000554                QUADSPI_IRQHandler
                0x0000000008000554                I2C1_EV_IRQHandler
                0x0000000008000554                DMA1_Stream6_IRQHandler
                0x0000000008000554                DMA1_Stream1_IRQHandler
                0x0000000008000554                UART4_IRQHandler
                0x0000000008000554                TIM3_IRQHandler
                0x0000000008000554                RCC_IRQHandler
                0x0000000008000554                TIM8_BRK_TIM12_IRQHandler
                0x0000000008000554                Default_Handler
                0x0000000008000554                CEC_IRQHandler
                0x0000000008000554                EXTI15_10_IRQHandler
                0x0000000008000554                DMA1_Stream7_IRQHandler
                0x0000000008000554                TIM7_IRQHandler
                0x0000000008000554                CAN2_TX_IRQHandler
                0x0000000008000554                TIM5_IRQHandler
                0x0000000008000554                DMA2_Stream7_IRQHandler
                0x0000000008000554                I2C3_EV_IRQHandler
                0x0000000008000554                EXTI9_5_IRQHandler
                0x0000000008000554                RTC_WKUP_IRQHandler
                0x0000000008000554                SPDIF_RX_IRQHandler
                0x0000000008000554                SPI2_IRQHandler
                0x0000000008000554                OTG_HS_EP1_IN_IRQHandler
                0x0000000008000554                MemManage_Handler
                0x0000000008000554                DMA1_Stream0_IRQHandler
                0x0000000008000554                CAN1_TX_IRQHandler
                0x0000000008000554                SVC_Handler
                0x0000000008000554                FMPI2C1_ER_IRQHandler
                0x0000000008000554                EXTI4_IRQHandler
                0x0000000008000554                OTG_HS_EP1_OUT_IRQHandler
                0x0000000008000554                WWDG_IRQHandler
                0x0000000008000554                TIM2_IRQHandler
                0x0000000008000554                OTG_FS_WKUP_IRQHandler
                0x0000000008000554                TIM1_TRG_COM_TIM11_IRQHandler
                0x0000000008000554                OTG_HS_IRQHandler
                0x0000000008000554                EXTI1_IRQHandler
                0x0000000008000554                I2C2_ER_IRQHandler
                0x0000000008000554                DMA2_Stream1_IRQHandler
                0x0000000008000554                CAN1_SCE_IRQHandler
                0x0000000008000554                FLASH_IRQHandler
                0x0000000008000554                DMA2_Stream4_IRQHandler
                0x0000000008000554                BusFault_Handler
                0x0000000008000554                USART1_IRQHandler
                0x0000000008000554                OTG_FS_IRQHandler
                0x0000000008000554                SPI3_IRQHandler
                0x0000000008000554                DMA1_Stream4_IRQHandler
                0x0000000008000554                I2C1_ER_IRQHandler
                0x0000000008000554                FMC_IRQHandler
                0x0000000008000554                DMA2_Stream6_IRQHandler
                0x0000000008000554                SAI1_IRQHandler
                0x0000000008000554                DMA1_Stream3_IRQHandler
 *fill*         0x0000000008000556        0x2 
 .text.SystemClock_Config
                0x0000000008000558       0xac Application/User/main.o
                0x0000000008000558                SystemClock_Config
 .text.startup.main
                0x0000000008000604      0x354 Application/User/main.o
                0x0000000008000604                main
 .text.MCI_Init
                0x0000000008000958       0x1c Application/User/mc_interface.o
                0x0000000008000958                MCI_Init
 .text.MCI_ExecSpeedRamp
                0x0000000008000974       0x10 Application/User/mc_interface.o
                0x0000000008000974                MCI_ExecSpeedRamp
 .text.MCI_ExecTorqueRamp
                0x0000000008000984       0x18 Application/User/mc_interface.o
                0x0000000008000984                MCI_ExecTorqueRamp
 .text.MCI_SetCurrentReferences
                0x000000000800099c       0x1c Application/User/mc_interface.o
                0x000000000800099c                MCI_SetCurrentReferences
 .text.MCI_StartMotor
                0x00000000080009b8       0x14 Application/User/mc_interface.o
                0x00000000080009b8                MCI_StartMotor
 .text.MCI_StopMotor
                0x00000000080009cc        0x8 Application/User/mc_interface.o
                0x00000000080009cc                MCI_StopMotor
 .text.MCI_FaultAcknowledged
                0x00000000080009d4        0x8 Application/User/mc_interface.o
                0x00000000080009d4                MCI_FaultAcknowledged
 .text.MCI_EncoderAlign
                0x00000000080009dc        0x8 Application/User/mc_interface.o
                0x00000000080009dc                MCI_EncoderAlign
 .text.MCI_ExecBufferedCommands
                0x00000000080009e4       0x74 Application/User/mc_interface.o
                0x00000000080009e4                MCI_ExecBufferedCommands
 .text.MCI_GetSTMState
                0x0000000008000a58        0x8 Application/User/mc_interface.o
                0x0000000008000a58                MCI_GetSTMState
 .text.MCI_GetControlMode
                0x0000000008000a60        0x4 Application/User/mc_interface.o
                0x0000000008000a60                MCI_GetControlMode
 .text.MCI_GetImposedMotorDirection
                0x0000000008000a64       0x44 Application/User/mc_interface.o
                0x0000000008000a64                MCI_GetImposedMotorDirection
 .text.MCI_GetLastRampFinalSpeed
                0x0000000008000aa8       0x10 Application/User/mc_interface.o
                0x0000000008000aa8                MCI_GetLastRampFinalSpeed
 .text.MCI_StopRamp
                0x0000000008000ab8        0x8 Application/User/mc_interface.o
                0x0000000008000ab8                MCI_StopRamp
 .text.MCI_GetAvrgMecSpeedUnit
                0x0000000008000ac0       0x10 Application/User/mc_interface.o
                0x0000000008000ac0                MCI_GetAvrgMecSpeedUnit
 .text.MCI_GetMecSpeedRefUnit
                0x0000000008000ad0        0x8 Application/User/mc_interface.o
                0x0000000008000ad0                MCI_GetMecSpeedRefUnit
 .text.MCI_GetIab
                0x0000000008000ad8       0x10 Application/User/mc_interface.o
                0x0000000008000ad8                MCI_GetIab
 .text.MCI_GetIalphabeta
                0x0000000008000ae8       0x10 Application/User/mc_interface.o
                0x0000000008000ae8                MCI_GetIalphabeta
 .text.MCI_GetIqd
                0x0000000008000af8       0x10 Application/User/mc_interface.o
                0x0000000008000af8                MCI_GetIqd
 .text.MCI_GetIqdref
                0x0000000008000b08       0x10 Application/User/mc_interface.o
                0x0000000008000b08                MCI_GetIqdref
 .text.MCI_GetVqd
                0x0000000008000b18       0x14 Application/User/mc_interface.o
                0x0000000008000b18                MCI_GetVqd
 .text.MCI_GetValphabeta
                0x0000000008000b2c       0x14 Application/User/mc_interface.o
                0x0000000008000b2c                MCI_GetValphabeta
 .text.MCI_GetTeref
                0x0000000008000b40        0x8 Application/User/mc_interface.o
                0x0000000008000b40                MCI_GetTeref
 .text.MCI_SetIdref
                0x0000000008000b48        0x8 Application/User/mc_interface.o
                0x0000000008000b48                MCI_SetIdref
 .text.MCI_Clear_Iqdref
                0x0000000008000b50       0x14 Application/User/mc_interface.o
                0x0000000008000b50                MCI_Clear_Iqdref
 .text.MCM_Clarke
                0x0000000008000b64       0x4c Application/User/mc_math.o
                0x0000000008000b64                MCM_Clarke
 .text.MCM_Trig_Functions
                0x0000000008000bb0       0x94 Application/User/mc_math.o
                0x0000000008000bb0                MCM_Trig_Functions
 .text.MCM_Park
                0x0000000008000c44       0x74 Application/User/mc_math.o
                0x0000000008000c44                MCM_Park
 .text.MCM_Rev_Park
                0x0000000008000cb8       0x3c Application/User/mc_math.o
                0x0000000008000cb8                MCM_Rev_Park
 .text.FOC_Clear
                0x0000000008000cf4       0x7c Application/User/mc_tasks.o
                0x0000000008000cf4                FOC_Clear
 .text.MCboot   0x0000000008000d70      0x20c Application/User/mc_tasks.o
                0x0000000008000d70                MCboot
 .text.FOC_InitAdditionalMethods
                0x0000000008000f7c        0x4 Application/User/mc_tasks.o
                0x0000000008000f7c                FOC_InitAdditionalMethods
 .text.FOC_CalcCurrRef
                0x0000000008000f80       0x2c Application/User/mc_tasks.o
                0x0000000008000f80                FOC_CalcCurrRef
 .text.TSK_SetChargeBootCapDelayM1
                0x0000000008000fac        0xc Application/User/mc_tasks.o
                0x0000000008000fac                TSK_SetChargeBootCapDelayM1
 .text.TSK_ChargeBootCapDelayHasElapsedM1
                0x0000000008000fb8       0x14 Application/User/mc_tasks.o
                0x0000000008000fb8                TSK_ChargeBootCapDelayHasElapsedM1
 .text.TSK_SetStopPermanencyTimeM1
                0x0000000008000fcc        0xc Application/User/mc_tasks.o
                0x0000000008000fcc                TSK_SetStopPermanencyTimeM1
 .text.TSK_StopPermanencyTimeHasElapsedM1
                0x0000000008000fd8       0x14 Application/User/mc_tasks.o
                0x0000000008000fd8                TSK_StopPermanencyTimeHasElapsedM1
 .text.TSK_MediumFrequencyTaskM1
                0x0000000008000fec      0x294 Application/User/mc_tasks.o
                0x0000000008000fec                TSK_MediumFrequencyTaskM1
 .text.MC_Scheduler
                0x0000000008001280       0x5c Application/User/mc_tasks.o
                0x0000000008001280                MC_Scheduler
 .text.TSK_HighFrequencyTask
                0x00000000080012dc      0x188 Application/User/mc_tasks.o
                0x00000000080012dc                TSK_HighFrequencyTask
 .text.TSK_SafetyTask_PWMOFF
                0x0000000008001464       0x98 Application/User/mc_tasks.o
                0x0000000008001464                TSK_SafetyTask_PWMOFF
 .text.TSK_SafetyTask
                0x00000000080014fc       0x20 Application/User/mc_tasks.o
                0x00000000080014fc                TSK_SafetyTask
 .text.MC_RunMotorControlTasks
                0x000000000800151c       0x20 Application/User/mc_tasks.o
                0x000000000800151c                MC_RunMotorControlTasks
 .text.TSK_HardwareFaultTask
                0x000000000800153c       0x20 Application/User/mc_tasks.o
                0x000000000800153c                TSK_HardwareFaultTask
 .text.mc_lock_pins
                0x000000000800155c       0xec Application/User/mc_tasks.o
                0x000000000800155c                mc_lock_pins
 .text.MCP_ReceivedFrame
                0x0000000008001648      0x5d0 Application/User/motor_control_protocol.o
                0x0000000008001648                MCP_ReceivedFrame
 .text.MCP_WaitNextFrame
                0x0000000008001c18       0x1c Application/User/motor_control_protocol.o
                0x0000000008001c18                MCP_WaitNextFrame
 .text.MCP_Init
                0x0000000008001c34       0x40 Application/User/motor_control_protocol.o
                0x0000000008001c34                MCP_Init
 .text.MCP_OnTimeOut
                0x0000000008001c74        0x8 Application/User/motor_control_protocol.o
                0x0000000008001c74                MCP_OnTimeOut
 .text.MCP_SentFrame
                0x0000000008001c7c        0x8 Application/User/motor_control_protocol.o
                0x0000000008001c7c                MCP_SentFrame
 .text.MX_MotorControl_Init
                0x0000000008001c84       0x4c Application/User/motorcontrol.o
                0x0000000008001c84                MX_MotorControl_Init
 .text.RCM_RegisterRegConv
                0x0000000008001cd0      0x178 Application/User/regular_conversion_manager.o
                0x0000000008001cd0                RCM_RegisterRegConv
 .text.RCM_ExecRegularConv
                0x0000000008001e48       0x68 Application/User/regular_conversion_manager.o
                0x0000000008001e48                RCM_ExecRegularConv
 .text.RCM_ExecUserConv
                0x0000000008001eb0       0xa4 Application/User/regular_conversion_manager.o
                0x0000000008001eb0                RCM_ExecUserConv
 .text.HAL_MspInit
                0x0000000008001f54       0x3c Application/User/stm32f4xx_hal_msp.o
                0x0000000008001f54                HAL_MspInit
 .text.HAL_ADC_MspInit
                0x0000000008001f90       0xd8 Application/User/stm32f4xx_hal_msp.o
                0x0000000008001f90                HAL_ADC_MspInit
 .text.HAL_TIM_Base_MspInit
                0x0000000008002068       0x6c Application/User/stm32f4xx_hal_msp.o
                0x0000000008002068                HAL_TIM_Base_MspInit
 .text.HAL_TIM_MspPostInit
                0x00000000080020d4       0x88 Application/User/stm32f4xx_hal_msp.o
                0x00000000080020d4                HAL_TIM_MspPostInit
 .text.HAL_UART_MspInit
                0x000000000800215c       0x68 Application/User/stm32f4xx_hal_msp.o
                0x000000000800215c                HAL_UART_MspInit
 .text.ADC_IRQHandler
                0x00000000080021c4       0x2c Application/User/stm32f4xx_mc_it.o
                0x00000000080021c4                ADC_IRQHandler
 .text.TIM1_UP_TIM10_IRQHandler
                0x00000000080021f0       0x14 Application/User/stm32f4xx_mc_it.o
                0x00000000080021f0                TIM1_UP_TIM10_IRQHandler
 .text.TIM1_BRK_TIM9_IRQHandler
                0x0000000008002204       0x24 Application/User/stm32f4xx_mc_it.o
                0x0000000008002204                TIM1_BRK_TIM9_IRQHandler
 .text.USART2_IRQHandler
                0x0000000008002228       0x7c Application/User/stm32f4xx_mc_it.o
                0x0000000008002228                USART2_IRQHandler
 .text.HardFault_Handler
                0x00000000080022a4       0x7c Application/User/stm32f4xx_mc_it.o
                0x00000000080022a4                HardFault_Handler
 .text.SysTick_Handler
                0x0000000008002320       0x30 Application/User/stm32f4xx_mc_it.o
                0x0000000008002320                SysTick_Handler
 .text.UI_TaskInit
                0x0000000008002350       0x7c Application/User/ui_task.o
                0x0000000008002350                UI_TaskInit
 .text.UI_Scheduler
                0x00000000080023cc       0x40 Application/User/ui_task.o
                0x00000000080023cc                UI_Scheduler
 .text.UI_SerialCommunicationTimeOutStop
                0x000000000800240c        0xc Application/User/ui_task.o
                0x000000000800240c                UI_SerialCommunicationTimeOutStop
 .text.UI_SerialCommunicationTimeOutStart
                0x0000000008002418        0xc Application/User/ui_task.o
                0x0000000008002418                UI_SerialCommunicationTimeOutStart
 .text.UI_Init  0x0000000008002424       0x14 Application/User/user_interface.o
                0x0000000008002424                UI_Init
 .text.UI_SelectMC
                0x0000000008002438       0x10 Application/User/user_interface.o
                0x0000000008002438                UI_SelectMC
 .text.UI_GetSelectedMC
                0x0000000008002448        0x4 Application/User/user_interface.o
                0x0000000008002448                UI_GetSelectedMC
 .text.UI_SetReg
                0x000000000800244c      0x2dc Application/User/user_interface.o
                0x000000000800244c                UI_SetReg
 .text.UI_GetReg
                0x0000000008002728      0x5dc Application/User/user_interface.o
                0x0000000008002728                UI_GetReg
 .text.UI_ExecCmd
                0x0000000008002d04       0x78 Application/User/user_interface.o
                0x0000000008002d04                UI_ExecCmd
 .text.UI_ExecSpeedRamp
                0x0000000008002d7c       0x24 Application/User/user_interface.o
                0x0000000008002d7c                UI_ExecSpeedRamp
 .text.UI_ExecTorqueRamp
                0x0000000008002da0       0x14 Application/User/user_interface.o
                0x0000000008002da0                UI_ExecTorqueRamp
 .text.UI_GetRevupData
                0x0000000008002db4       0x38 Application/User/user_interface.o
                0x0000000008002db4                UI_GetRevupData
 .text.UI_SetRevupData
                0x0000000008002dec       0x34 Application/User/user_interface.o
                0x0000000008002dec                UI_SetRevupData
 .text.UI_SetCurrentReferences
                0x0000000008002e20       0x1c Application/User/user_interface.o
                0x0000000008002e20                UI_SetCurrentReferences
 .text.UI_GetMPInfo
                0x0000000008002e3c        0x4 Application/User/user_interface.o
                0x0000000008002e3c                UI_GetMPInfo
 .text.SystemInit
                0x0000000008002e40       0x1c Drivers/CMSIS/system_stm32f4xx.o
                0x0000000008002e40                SystemInit
 .text.HAL_InitTick
                0x0000000008002e5c       0x48 Drivers/STM32F4xx_HAL_Driver/stm32f4xx_hal.o
                0x0000000008002e5c                HAL_InitTick
 .text.HAL_Init
                0x0000000008002ea4       0x34 Drivers/STM32F4xx_HAL_Driver/stm32f4xx_hal.o
                0x0000000008002ea4                HAL_Init
 .text.HAL_IncTick
                0x0000000008002ed8       0x18 Drivers/STM32F4xx_HAL_Driver/stm32f4xx_hal.o
                0x0000000008002ed8                HAL_IncTick
 .text.HAL_GetTick
                0x0000000008002ef0        0xc Drivers/STM32F4xx_HAL_Driver/stm32f4xx_hal.o
                0x0000000008002ef0                HAL_GetTick
 .text.HAL_ADC_Init
                0x0000000008002efc      0x164 Drivers/STM32F4xx_HAL_Driver/stm32f4xx_hal_adc.o
                0x0000000008002efc                HAL_ADC_Init
 .text.HAL_ADC_ConfigChannel
                0x0000000008003060      0x170 Drivers/STM32F4xx_HAL_Driver/stm32f4xx_hal_adc.o
                0x0000000008003060                HAL_ADC_ConfigChannel
 .text.HAL_ADCEx_InjectedConfigChannel
                0x00000000080031d0      0x1c8 Drivers/STM32F4xx_HAL_Driver/stm32f4xx_hal_adc_ex.o
                0x00000000080031d0                HAL_ADCEx_InjectedConfigChannel
 .text.HAL_NVIC_SetPriorityGrouping
                0x0000000008003398       0x24 Drivers/STM32F4xx_HAL_Driver/stm32f4xx_hal_cortex.o
                0x0000000008003398                HAL_NVIC_SetPriorityGrouping
 .text.HAL_NVIC_SetPriority
                0x00000000080033bc       0x6c Drivers/STM32F4xx_HAL_Driver/stm32f4xx_hal_cortex.o
                0x00000000080033bc                HAL_NVIC_SetPriority
 .text.HAL_NVIC_EnableIRQ
                0x0000000008003428       0x1c Drivers/STM32F4xx_HAL_Driver/stm32f4xx_hal_cortex.o
                0x0000000008003428                HAL_NVIC_EnableIRQ
 .text.HAL_SYSTICK_Config
                0x0000000008003444       0x34 Drivers/STM32F4xx_HAL_Driver/stm32f4xx_hal_cortex.o
                0x0000000008003444                HAL_SYSTICK_Config
 .text.HAL_SYSTICK_Callback
                0x0000000008003478        0x4 Drivers/STM32F4xx_HAL_Driver/stm32f4xx_hal_cortex.o
                0x0000000008003478                HAL_SYSTICK_Callback
 .text.HAL_SYSTICK_IRQHandler
                0x000000000800347c        0x8 Drivers/STM32F4xx_HAL_Driver/stm32f4xx_hal_cortex.o
                0x000000000800347c                HAL_SYSTICK_IRQHandler
 .text.HAL_GPIO_Init
                0x0000000008003484      0x1ec Drivers/STM32F4xx_HAL_Driver/stm32f4xx_hal_gpio.o
                0x0000000008003484                HAL_GPIO_Init
 .text.HAL_PWREx_EnableOverDrive
                0x0000000008003670       0x7c Drivers/STM32F4xx_HAL_Driver/stm32f4xx_hal_pwr_ex.o
                0x0000000008003670                HAL_PWREx_EnableOverDrive
 .text.HAL_RCC_ClockConfig
                0x00000000080036ec      0x13c Drivers/STM32F4xx_HAL_Driver/stm32f4xx_hal_rcc.o
                0x00000000080036ec                HAL_RCC_ClockConfig
 .text.HAL_RCC_GetHCLKFreq
                0x0000000008003828        0xc Drivers/STM32F4xx_HAL_Driver/stm32f4xx_hal_rcc.o
                0x0000000008003828                HAL_RCC_GetHCLKFreq
 .text.HAL_RCC_GetPCLK1Freq
                0x0000000008003834       0x20 Drivers/STM32F4xx_HAL_Driver/stm32f4xx_hal_rcc.o
                0x0000000008003834                HAL_RCC_GetPCLK1Freq
 .text.HAL_RCC_GetPCLK2Freq
                0x0000000008003854       0x20 Drivers/STM32F4xx_HAL_Driver/stm32f4xx_hal_rcc.o
                0x0000000008003854                HAL_RCC_GetPCLK2Freq
 .text.HAL_RCC_GetSysClockFreq
                0x0000000008003874       0xb0 Drivers/STM32F4xx_HAL_Driver/stm32f4xx_hal_rcc_ex.o
                0x0000000008003874                HAL_RCC_GetSysClockFreq
 .text.HAL_RCC_OscConfig
                0x0000000008003924      0x3a8 Drivers/STM32F4xx_HAL_Driver/stm32f4xx_hal_rcc_ex.o
                0x0000000008003924                HAL_RCC_OscConfig
 .text.HAL_TIM_Base_Init
                0x0000000008003ccc      0x108 Drivers/STM32F4xx_HAL_Driver/stm32f4xx_hal_tim.o
                0x0000000008003ccc                HAL_TIM_Base_Init
 .text.HAL_TIM_PWM_MspInit
                0x0000000008003dd4        0x4 Drivers/STM32F4xx_HAL_Driver/stm32f4xx_hal_tim.o
                0x0000000008003dd4                HAL_TIM_PWM_MspInit
 .text.HAL_TIM_PWM_Init
                0x0000000008003dd8      0x108 Drivers/STM32F4xx_HAL_Driver/stm32f4xx_hal_tim.o
                0x0000000008003dd8                HAL_TIM_PWM_Init
 .text.HAL_TIM_PWM_ConfigChannel
                0x0000000008003ee0      0x214 Drivers/STM32F4xx_HAL_Driver/stm32f4xx_hal_tim.o
                0x0000000008003ee0                HAL_TIM_PWM_ConfigChannel
 .text.HAL_TIM_SlaveConfigSynchro
                0x00000000080040f4       0xf4 Drivers/STM32F4xx_HAL_Driver/stm32f4xx_hal_tim.o
                0x00000000080040f4                HAL_TIM_SlaveConfigSynchro
 .text.HAL_TIMEx_MasterConfigSynchronization
                0x00000000080041e8       0x8c Drivers/STM32F4xx_HAL_Driver/stm32f4xx_hal_tim_ex.o
                0x00000000080041e8                HAL_TIMEx_MasterConfigSynchronization
 .text.HAL_TIMEx_ConfigBreakDeadTime
                0x0000000008004274       0x54 Drivers/STM32F4xx_HAL_Driver/stm32f4xx_hal_tim_ex.o
                0x0000000008004274                HAL_TIMEx_ConfigBreakDeadTime
 .text.HAL_UART_Init
                0x00000000080042c8      0x144 Drivers/STM32F4xx_HAL_Driver/stm32f4xx_hal_uart.o
                0x00000000080042c8                HAL_UART_Init
 .text.VBS_GetAvBusVoltage_d
                0x000000000800440c        0x4 Middlewares/MotorControl/bus_voltage_sensor.o
                0x000000000800440c                VBS_GetAvBusVoltage_d
 .text.VBS_GetAvBusVoltage_V
                0x0000000008004410        0xc Middlewares/MotorControl/bus_voltage_sensor.o
                0x0000000008004410                VBS_GetAvBusVoltage_V
 .text.Circle_Limitation
                0x000000000800441c       0x64 Middlewares/MotorControl/circle_limitation.o
                0x000000000800441c                Circle_Limitation
 .text.FCP_Init
                0x0000000008004480       0x1c Middlewares/MotorControl/frame_communication_protocol.o
                0x0000000008004480                FCP_Init
 .text.FCP_SetClient
                0x000000000800449c       0x10 Middlewares/MotorControl/frame_communication_protocol.o
                0x000000000800449c                FCP_SetClient
 .text.FCP_CalcCRC
                0x00000000080044ac       0x2c Middlewares/MotorControl/frame_communication_protocol.o
                0x00000000080044ac                FCP_CalcCRC
 .text.ICS_GetPhaseCurrents
                0x00000000080044d8       0x94 Middlewares/MotorControl/ics_f4xx_pwm_curr_fdbk.o
                0x00000000080044d8                ICS_GetPhaseCurrents
 .text.ICS_HFCurrentsCalibration
                0x000000000800456c       0x4c Middlewares/MotorControl/ics_f4xx_pwm_curr_fdbk.o
                0x000000000800456c                ICS_HFCurrentsCalibration
 .text.ICS_Init
                0x00000000080045b8       0xd0 Middlewares/MotorControl/ics_f4xx_pwm_curr_fdbk.o
                0x00000000080045b8                ICS_Init
 .text.ICS_TurnOnLowSides
                0x0000000008004688       0x48 Middlewares/MotorControl/ics_f4xx_pwm_curr_fdbk.o
                0x0000000008004688                ICS_TurnOnLowSides
 .text.ICS_SwitchOnPWM
                0x00000000080046d0       0x74 Middlewares/MotorControl/ics_f4xx_pwm_curr_fdbk.o
                0x00000000080046d0                ICS_SwitchOnPWM
 .text.ICS_SwitchOffPWM
                0x0000000008004744       0x50 Middlewares/MotorControl/ics_f4xx_pwm_curr_fdbk.o
                0x0000000008004744                ICS_SwitchOffPWM
 .text.ICS_CurrentReadingCalibration
                0x0000000008004794       0xa0 Middlewares/MotorControl/ics_f4xx_pwm_curr_fdbk.o
                0x0000000008004794                ICS_CurrentReadingCalibration
 .text.ICS_WriteTIMRegisters
                0x0000000008004834       0x20 Middlewares/MotorControl/ics_f4xx_pwm_curr_fdbk.o
                0x0000000008004834                ICS_WriteTIMRegisters
 .text.ICS_TIMx_UP_IRQHandler
                0x0000000008004854       0x94 Middlewares/MotorControl/ics_f4xx_pwm_curr_fdbk.o
                0x0000000008004854                ICS_TIMx_UP_IRQHandler
 .text.ICS_BRK_IRQHandler
                0x00000000080048e8       0x38 Middlewares/MotorControl/ics_f4xx_pwm_curr_fdbk.o
                0x00000000080048e8                ICS_BRK_IRQHandler
 .text.ICS_IsOverCurrentOccurred
                0x0000000008004920       0x14 Middlewares/MotorControl/ics_f4xx_pwm_curr_fdbk.o
                0x0000000008004920                ICS_IsOverCurrentOccurred
 .text.MPM_Clear
                0x0000000008004934       0x14 Middlewares/MotorControl/motor_power_measurement.o
                0x0000000008004934                MPM_Clear
 .text.MPM_CalcElMotorPower
                0x0000000008004948       0x40 Middlewares/MotorControl/motor_power_measurement.o
                0x0000000008004948                MPM_CalcElMotorPower
 .text.MPM_GetAvrgElMotorPowerW
                0x0000000008004988        0x8 Middlewares/MotorControl/motor_power_measurement.o
                0x0000000008004988                MPM_GetAvrgElMotorPowerW
 .text.NTC_SetFaultState
                0x0000000008004990       0x1c Middlewares/MotorControl/ntc_temperature_sensor.o
                0x0000000008004990                NTC_SetFaultState
 .text.NTC_Clear
                0x00000000080049ac        0x8 Middlewares/MotorControl/ntc_temperature_sensor.o
                0x00000000080049ac                NTC_Clear
 .text.NTC_Init
                0x00000000080049b4       0x24 Middlewares/MotorControl/ntc_temperature_sensor.o
                0x00000000080049b4                NTC_Init
 .text.NTC_CalcAvTemp
                0x00000000080049d8       0x3c Middlewares/MotorControl/ntc_temperature_sensor.o
                0x00000000080049d8                NTC_CalcAvTemp
 .text.NTC_GetAvTemp_C
                0x0000000008004a14       0x2c Middlewares/MotorControl/ntc_temperature_sensor.o
                0x0000000008004a14                NTC_GetAvTemp_C
 .text.PID_HandleInit
                0x0000000008004a40       0x10 Middlewares/MotorControl/pid_regulator.o
                0x0000000008004a40                PID_HandleInit
 .text.PID_SetKP
                0x0000000008004a50        0x4 Middlewares/MotorControl/pid_regulator.o
                0x0000000008004a50                PID_SetKP
 .text.PID_SetKI
                0x0000000008004a54        0x4 Middlewares/MotorControl/pid_regulator.o
                0x0000000008004a54                PID_SetKI
 .text.PID_GetKP
                0x0000000008004a58        0x8 Middlewares/MotorControl/pid_regulator.o
                0x0000000008004a58                PID_GetKP
 .text.PID_GetKI
                0x0000000008004a60        0x8 Middlewares/MotorControl/pid_regulator.o
                0x0000000008004a60                PID_GetKI
 .text.PID_SetIntegralTerm
                0x0000000008004a68        0x4 Middlewares/MotorControl/pid_regulator.o
                0x0000000008004a68                PID_SetIntegralTerm
 .text.PID_GetKPDivisor
                0x0000000008004a6c        0x4 Middlewares/MotorControl/pid_regulator.o
                0x0000000008004a6c                PID_GetKPDivisor
 .text.PID_GetKIDivisor
                0x0000000008004a70        0x4 Middlewares/MotorControl/pid_regulator.o
                0x0000000008004a70                PID_GetKIDivisor
 .text.PID_SetKD
                0x0000000008004a74        0x4 Middlewares/MotorControl/pid_regulator.o
                0x0000000008004a74                PID_SetKD
 .text.PID_GetKD
                0x0000000008004a78        0x8 Middlewares/MotorControl/pid_regulator.o
                0x0000000008004a78                PID_GetKD
 .text.PI_Controller
                0x0000000008004a80       0x88 Middlewares/MotorControl/pid_regulator.o
                0x0000000008004a80                PI_Controller
 .text.PQD_CalcElMotorPower
                0x0000000008004b08       0x6c Middlewares/MotorControl/pqd_motor_power_measurement.o
                0x0000000008004b08                PQD_CalcElMotorPower
 .text.startTimers
                0x0000000008004b74       0x64 Middlewares/MotorControl/pwm_common.o
                0x0000000008004b74                startTimers
 .text.waitForPolarizationEnd
                0x0000000008004bd8       0x44 Middlewares/MotorControl/pwm_common.o
                0x0000000008004bd8                waitForPolarizationEnd
 .text.PWMC_GetPhaseCurrents
                0x0000000008004c1c        0x4 Middlewares/MotorControl/pwm_curr_fdbk.o
                0x0000000008004c1c                PWMC_GetPhaseCurrents
 .text.PWMC_SetPhaseVoltage
                0x0000000008004c20      0x218 Middlewares/MotorControl/pwm_curr_fdbk.o
                0x0000000008004c20                PWMC_SetPhaseVoltage
 .text.PWMC_SwitchOffPWM
                0x0000000008004e38        0x4 Middlewares/MotorControl/pwm_curr_fdbk.o
                0x0000000008004e38                PWMC_SwitchOffPWM
 .text.PWMC_CurrentReadingCalibr
                0x0000000008004e3c       0x54 Middlewares/MotorControl/pwm_curr_fdbk.o
                0x0000000008004e3c                PWMC_CurrentReadingCalibr
 .text.PWMC_CheckOverCurrent
                0x0000000008004e90        0x4 Middlewares/MotorControl/pwm_curr_fdbk.o
                0x0000000008004e90                PWMC_CheckOverCurrent
 .text.RVBS_Clear
                0x0000000008004e94       0x3c Middlewares/MotorControl/r_divider_bus_voltage_sensor.o
                0x0000000008004e94                RVBS_Clear
 .text.RVBS_Init
                0x0000000008004ed0       0x18 Middlewares/MotorControl/r_divider_bus_voltage_sensor.o
                0x0000000008004ed0                RVBS_Init
 .text.RVBS_CheckFaultState
                0x0000000008004ee8       0x18 Middlewares/MotorControl/r_divider_bus_voltage_sensor.o
                0x0000000008004ee8                RVBS_CheckFaultState
 .text.RVBS_CalcAvVbus
                0x0000000008004f00       0x6c Middlewares/MotorControl/r_divider_bus_voltage_sensor.o
                0x0000000008004f00                RVBS_CalcAvVbus
 .text.REMNG_Init
                0x0000000008004f6c       0x10 Middlewares/MotorControl/ramp_ext_mngr.o
                0x0000000008004f6c                REMNG_Init
 .text.REMNG_Calc
                0x0000000008004f7c       0x34 Middlewares/MotorControl/ramp_ext_mngr.o
                0x0000000008004f7c                REMNG_Calc
 .text.REMNG_RampCompleted
                0x0000000008004fb0        0xc Middlewares/MotorControl/ramp_ext_mngr.o
                0x0000000008004fb0                REMNG_RampCompleted
 .text.getScalingFactor
                0x0000000008004fbc       0x2c Middlewares/MotorControl/ramp_ext_mngr.o
                0x0000000008004fbc                getScalingFactor
 .text.REMNG_ExecRamp
                0x0000000008004fe8       0x88 Middlewares/MotorControl/ramp_ext_mngr.o
                0x0000000008004fe8                REMNG_ExecRamp
 .text.SPD_GetElAngle
                0x0000000008005070        0x8 Middlewares/MotorControl/speed_pos_fdbk.o
                0x0000000008005070                SPD_GetElAngle
 .text.SPD_GetAvrgMecSpeedUnit
                0x0000000008005078        0x8 Middlewares/MotorControl/speed_pos_fdbk.o
                0x0000000008005078                SPD_GetAvrgMecSpeedUnit
 .text.SPD_GetInstElSpeedDpp
                0x0000000008005080        0x8 Middlewares/MotorControl/speed_pos_fdbk.o
                0x0000000008005080                SPD_GetInstElSpeedDpp
 .text.SPD_IsMecSpeedReliable
                0x0000000008005088       0x60 Middlewares/MotorControl/speed_pos_fdbk.o
                0x0000000008005088                SPD_IsMecSpeedReliable
 .text.SPD_GetS16Speed
                0x00000000080050e8       0x14 Middlewares/MotorControl/speed_pos_fdbk.o
                0x00000000080050e8                SPD_GetS16Speed
 .text.STC_Init
                0x00000000080050fc       0x28 Middlewares/MotorControl/speed_torq_ctrl.o
                0x00000000080050fc                STC_Init
 .text.STC_SetSpeedSensor
                0x0000000008005124        0x4 Middlewares/MotorControl/speed_torq_ctrl.o
                0x0000000008005124                STC_SetSpeedSensor
 .text.STC_GetSpeedSensor
                0x0000000008005128        0x4 Middlewares/MotorControl/speed_torq_ctrl.o
                0x0000000008005128                STC_GetSpeedSensor
 .text.STC_Clear
                0x000000000800512c       0x10 Middlewares/MotorControl/speed_torq_ctrl.o
                0x000000000800512c                STC_Clear
 .text.STC_GetMecSpeedRefUnit
                0x000000000800513c       0x10 Middlewares/MotorControl/speed_torq_ctrl.o
                0x000000000800513c                STC_GetMecSpeedRefUnit
 .text.STC_GetTorqueRef
                0x000000000800514c       0x10 Middlewares/MotorControl/speed_torq_ctrl.o
                0x000000000800514c                STC_GetTorqueRef
 .text.STC_SetControlMode
                0x000000000800515c        0x8 Middlewares/MotorControl/speed_torq_ctrl.o
                0x000000000800515c                STC_SetControlMode
 .text.STC_ExecRamp
                0x0000000008005164       0x94 Middlewares/MotorControl/speed_torq_ctrl.o
                0x0000000008005164                STC_ExecRamp
 .text.STC_StopRamp
                0x00000000080051f8        0x8 Middlewares/MotorControl/speed_torq_ctrl.o
                0x00000000080051f8                STC_StopRamp
 .text.STC_CalcTorqueReference
                0x0000000008005200       0x60 Middlewares/MotorControl/speed_torq_ctrl.o
                0x0000000008005200                STC_CalcTorqueReference
 .text.STC_GetMecSpeedRefUnitDefault
                0x0000000008005260        0x8 Middlewares/MotorControl/speed_torq_ctrl.o
                0x0000000008005260                STC_GetMecSpeedRefUnitDefault
 .text.STC_GetMaxAppPositiveMecSpeedUnit
                0x0000000008005268        0x4 Middlewares/MotorControl/speed_torq_ctrl.o
                0x0000000008005268                STC_GetMaxAppPositiveMecSpeedUnit
 .text.STC_GetMinAppNegativeMecSpeedUnit
                0x000000000800526c        0x8 Middlewares/MotorControl/speed_torq_ctrl.o
                0x000000000800526c                STC_GetMinAppNegativeMecSpeedUnit
 .text.STC_GetDefaultIqdref
                0x0000000008005274       0x18 Middlewares/MotorControl/speed_torq_ctrl.o
                0x0000000008005274                STC_GetDefaultIqdref
 .text.STC_ForceSpeedReferenceToCurrentSpeed
                0x000000000800528c       0x10 Middlewares/MotorControl/speed_torq_ctrl.o
                0x000000000800528c                STC_ForceSpeedReferenceToCurrentSpeed
 .text.STM_Init
                0x000000000800529c        0xc Middlewares/MotorControl/state_machine.o
                0x000000000800529c                STM_Init
 .text.STM_FaultProcessing
                0x00000000080052a8       0x34 Middlewares/MotorControl/state_machine.o
                0x00000000080052a8                STM_FaultProcessing
 .text.STM_NextState
                0x00000000080052dc       0xe8 Middlewares/MotorControl/state_machine.o
                0x00000000080052dc                STM_NextState
 .text.STM_GetState
                0x00000000080053c4        0x4 Middlewares/MotorControl/state_machine.o
                0x00000000080053c4                STM_GetState
 .text.STM_FaultAcknowledged
                0x00000000080053c8       0x18 Middlewares/MotorControl/state_machine.o
                0x00000000080053c8                STM_FaultAcknowledged
 .text.STM_GetFaultState
                0x00000000080053e0        0xc Middlewares/MotorControl/state_machine.o
                0x00000000080053e0                STM_GetFaultState
 .text.UFCP_Init
                0x00000000080053ec        0x4 Middlewares/MotorControl/usart_frame_communication_protocol.o
                0x00000000080053ec                UFCP_Init
 .text.UFCP_TX_IRQ_Handler
                0x00000000080053f0       0x60 Middlewares/MotorControl/usart_frame_communication_protocol.o
                0x00000000080053f0                UFCP_TX_IRQ_Handler
 .text.UFCP_Receive
                0x0000000008005450       0x24 Middlewares/MotorControl/usart_frame_communication_protocol.o
                0x0000000008005450                UFCP_Receive
 .text.UFCP_Send
                0x0000000008005474      0x124 Middlewares/MotorControl/usart_frame_communication_protocol.o
                0x0000000008005474                UFCP_Send
 .text.UFCP_RX_IRQ_Handler
                0x0000000008005598       0xc4 Middlewares/MotorControl/usart_frame_communication_protocol.o
                0x0000000008005598                UFCP_RX_IRQ_Handler
 .text.UFCP_OVR_IRQ_Handler
                0x000000000800565c       0x1c Middlewares/MotorControl/usart_frame_communication_protocol.o
                0x000000000800565c                UFCP_OVR_IRQ_Handler
 .text.UFCP_AbortReceive
                0x0000000008005678        0x8 Middlewares/MotorControl/usart_frame_communication_protocol.o
                0x0000000008005678                UFCP_AbortReceive
 .text.VSS_Clear
                0x0000000008005680       0x28 Middlewares/MotorControl/virtual_speed_sensor.o
                0x0000000008005680                VSS_Clear
 .text.VSS_Init
                0x00000000080056a8        0x8 Middlewares/MotorControl/virtual_speed_sensor.o
                0x00000000080056a8                VSS_Init
 .text.VSS_CalcElAngle
                0x00000000080056b0       0x9c Middlewares/MotorControl/virtual_speed_sensor.o
                0x00000000080056b0                VSS_CalcElAngle
 .text.VSS_CalcAvrgMecSpeedUnit
                0x000000000800574c       0x90 Middlewares/MotorControl/virtual_speed_sensor.o
                0x000000000800574c                VSS_CalcAvrgMecSpeedUnit
 .text.VSS_SetMecAngle
                0x00000000080057dc       0x10 Middlewares/MotorControl/virtual_speed_sensor.o
                0x00000000080057dc                VSS_SetMecAngle
 .text.VSS_SetMecAcceleration
                0x00000000080057ec       0x6c Middlewares/MotorControl/virtual_speed_sensor.o
                0x00000000080057ec                VSS_SetMecAcceleration
 .text.VSS_SetStartTransition
                0x0000000008005858       0x1c Middlewares/MotorControl/virtual_speed_sensor.o
                0x0000000008005858                VSS_SetStartTransition
 .text.VSS_TransitionEnded
                0x0000000008005874        0x8 Middlewares/MotorControl/virtual_speed_sensor.o
                0x0000000008005874                VSS_TransitionEnded
 .text.RUC_Init
                0x000000000800587c       0x7c ../../MCSDK_v5.4.5/MotorControl/lib\libmc-gcc_M4_NoCCMRAM.lib(revup_ctrl.o)
                0x000000000800587c                RUC_Init
 .text.RUC_Clear
                0x00000000080058f8       0x90 ../../MCSDK_v5.4.5/MotorControl/lib\libmc-gcc_M4_NoCCMRAM.lib(revup_ctrl.o)
                0x00000000080058f8                RUC_Clear
 .text.RUC_Exec
                0x0000000008005988       0x74 ../../MCSDK_v5.4.5/MotorControl/lib\libmc-gcc_M4_NoCCMRAM.lib(revup_ctrl.o)
                0x0000000008005988                RUC_Exec
 .text.RUC_FirstAccelerationStageReached
                0x00000000080059fc       0x14 ../../MCSDK_v5.4.5/MotorControl/lib\libmc-gcc_M4_NoCCMRAM.lib(revup_ctrl.o)
                0x00000000080059fc                RUC_FirstAccelerationStageReached
 .text.RUC_SetPhaseDurationms
                0x0000000008005a10        0xc ../../MCSDK_v5.4.5/MotorControl/lib\libmc-gcc_M4_NoCCMRAM.lib(revup_ctrl.o)
                0x0000000008005a10                RUC_SetPhaseDurationms
 .text.RUC_SetPhaseFinalMecSpeedUnit
                0x0000000008005a1c        0xc ../../MCSDK_v5.4.5/MotorControl/lib\libmc-gcc_M4_NoCCMRAM.lib(revup_ctrl.o)
                0x0000000008005a1c                RUC_SetPhaseFinalMecSpeedUnit
 .text.RUC_SetPhaseFinalTorque
                0x0000000008005a28        0xc ../../MCSDK_v5.4.5/MotorControl/lib\libmc-gcc_M4_NoCCMRAM.lib(revup_ctrl.o)
                0x0000000008005a28                RUC_SetPhaseFinalTorque
 .text.RUC_GetPhaseDurationms
                0x0000000008005a34        0xc ../../MCSDK_v5.4.5/MotorControl/lib\libmc-gcc_M4_NoCCMRAM.lib(revup_ctrl.o)
                0x0000000008005a34                RUC_GetPhaseDurationms
 .text.RUC_GetPhaseFinalMecSpeedUnit
                0x0000000008005a40       0x10 ../../MCSDK_v5.4.5/MotorControl/lib\libmc-gcc_M4_NoCCMRAM.lib(revup_ctrl.o)
                0x0000000008005a40                RUC_GetPhaseFinalMecSpeedUnit
 .text.RUC_GetPhaseFinalTorque
                0x0000000008005a50       0x10 ../../MCSDK_v5.4.5/MotorControl/lib\libmc-gcc_M4_NoCCMRAM.lib(revup_ctrl.o)
                0x0000000008005a50                RUC_GetPhaseFinalTorque
 .text.RUC_GetNumberOfPhases
                0x0000000008005a60        0x8 ../../MCSDK_v5.4.5/MotorControl/lib\libmc-gcc_M4_NoCCMRAM.lib(revup_ctrl.o)
                0x0000000008005a60                RUC_GetNumberOfPhases
 .text.STO_PLL_CalcElAngle
                0x0000000008005a68      0x1d4 ../../MCSDK_v5.4.5/MotorControl/lib\libmc-gcc_M4_NoCCMRAM.lib(sto_pll_speed_pos_fdbk.o)
                0x0000000008005a68                STO_PLL_CalcElAngle
 .text.STO_PLL_CalcAvrgMecSpeedUnit
                0x0000000008005c3c      0x140 ../../MCSDK_v5.4.5/MotorControl/lib\libmc-gcc_M4_NoCCMRAM.lib(sto_pll_speed_pos_fdbk.o)
                0x0000000008005c3c                STO_PLL_CalcAvrgMecSpeedUnit
 .text.STO_PLL_CalcAvrgElSpeedDpp
                0x0000000008005d7c       0x54 ../../MCSDK_v5.4.5/MotorControl/lib\libmc-gcc_M4_NoCCMRAM.lib(sto_pll_speed_pos_fdbk.o)
                0x0000000008005d7c                STO_PLL_CalcAvrgElSpeedDpp
 .text.STO_PLL_Clear
                0x0000000008005dd0       0x5c ../../MCSDK_v5.4.5/MotorControl/lib\libmc-gcc_M4_NoCCMRAM.lib(sto_pll_speed_pos_fdbk.o)
                0x0000000008005dd0                STO_PLL_Clear
 .text.STO_PLL_Init
                0x0000000008005e2c       0x74 ../../MCSDK_v5.4.5/MotorControl/lib\libmc-gcc_M4_NoCCMRAM.lib(sto_pll_speed_pos_fdbk.o)
                0x0000000008005e2c                STO_PLL_Init
 .text.STO_PLL_IsObserverConverged
                0x0000000008005ea0       0xa8 ../../MCSDK_v5.4.5/MotorControl/lib\libmc-gcc_M4_NoCCMRAM.lib(sto_pll_speed_pos_fdbk.o)
                0x0000000008005ea0                STO_PLL_IsObserverConverged
 .text.STO_PLL_GetEstimatedBemf
                0x0000000008005f48       0x18 ../../MCSDK_v5.4.5/MotorControl/lib\libmc-gcc_M4_NoCCMRAM.lib(sto_pll_speed_pos_fdbk.o)
                0x0000000008005f48                STO_PLL_GetEstimatedBemf
 .text.STO_PLL_GetEstimatedCurrent
                0x0000000008005f60       0x28 ../../MCSDK_v5.4.5/MotorControl/lib\libmc-gcc_M4_NoCCMRAM.lib(sto_pll_speed_pos_fdbk.o)
                0x0000000008005f60                STO_PLL_GetEstimatedCurrent
 .text.STO_PLL_GetObserverGains
                0x0000000008005f88       0x10 ../../MCSDK_v5.4.5/MotorControl/lib\libmc-gcc_M4_NoCCMRAM.lib(sto_pll_speed_pos_fdbk.o)
                0x0000000008005f88                STO_PLL_GetObserverGains
 .text.STO_PLL_SetObserverGains
                0x0000000008005f98        0x8 ../../MCSDK_v5.4.5/MotorControl/lib\libmc-gcc_M4_NoCCMRAM.lib(sto_pll_speed_pos_fdbk.o)
                0x0000000008005f98                STO_PLL_SetObserverGains
 .text.STO_GetPLLGains
                0x0000000008005fa0       0x1c ../../MCSDK_v5.4.5/MotorControl/lib\libmc-gcc_M4_NoCCMRAM.lib(sto_pll_speed_pos_fdbk.o)
                0x0000000008005fa0                STO_GetPLLGains
 .text.STO_SetPLLGains
                0x0000000008005fbc       0x1c ../../MCSDK_v5.4.5/MotorControl/lib\libmc-gcc_M4_NoCCMRAM.lib(sto_pll_speed_pos_fdbk.o)
                0x0000000008005fbc                STO_SetPLLGains
 .text.STO_OTF_ResetPLL
                0x0000000008005fd8        0xc ../../MCSDK_v5.4.5/MotorControl/lib\libmc-gcc_M4_NoCCMRAM.lib(sto_pll_speed_pos_fdbk.o)
                0x0000000008005fd8                STO_OTF_ResetPLL
 .text.STO_ResetPLL
                0x0000000008005fe4        0x8 ../../MCSDK_v5.4.5/MotorControl/lib\libmc-gcc_M4_NoCCMRAM.lib(sto_pll_speed_pos_fdbk.o)
                0x0000000008005fe4                STO_ResetPLL
 .text.STO_PLL_GetEstimatedBemfLevel
                0x0000000008005fec        0x8 ../../MCSDK_v5.4.5/MotorControl/lib\libmc-gcc_M4_NoCCMRAM.lib(sto_pll_speed_pos_fdbk.o)
                0x0000000008005fec                STO_PLL_GetEstimatedBemfLevel
 .text.STO_PLL_GetObservedBemfLevel
                0x0000000008005ff4        0x8 ../../MCSDK_v5.4.5/MotorControl/lib\libmc-gcc_M4_NoCCMRAM.lib(sto_pll_speed_pos_fdbk.o)
                0x0000000008005ff4                STO_PLL_GetObservedBemfLevel
 .text.STO_PLL_IsVarianceTight
                0x0000000008005ffc        0x8 ../../MCSDK_v5.4.5/MotorControl/lib\libmc-gcc_M4_NoCCMRAM.lib(sto_pll_speed_pos_fdbk.o)
                0x0000000008005ffc                STO_PLL_IsVarianceTight
 .text.STO_PLL_ForceConvergency1
                0x0000000008006004        0xc ../../MCSDK_v5.4.5/MotorControl/lib\libmc-gcc_M4_NoCCMRAM.lib(sto_pll_speed_pos_fdbk.o)
                0x0000000008006004                STO_PLL_ForceConvergency1
 .text.STO_PLL_ForceConvergency2
                0x0000000008006010        0xc ../../MCSDK_v5.4.5/MotorControl/lib\libmc-gcc_M4_NoCCMRAM.lib(sto_pll_speed_pos_fdbk.o)
                0x0000000008006010                STO_PLL_ForceConvergency2
 .text.STO_SetDirection
                0x000000000800601c        0x8 ../../MCSDK_v5.4.5/MotorControl/lib\libmc-gcc_M4_NoCCMRAM.lib(sto_pll_speed_pos_fdbk.o)
                0x000000000800601c                STO_SetDirection
 .text.__libc_init_array
                0x0000000008006024       0x48 c:/st/stm32cubeide_1.5.0/stm32cubeide/plugins/com.st.stm32cube.ide.mcu.externaltools.gnu-tools-for-stm32.7-2018-q2-update.win32_1.5.0.202011040924/tools/bin/../lib/gcc/arm-none-eabi/7.3.1/../../../../arm-none-eabi/lib/thumb/v7e-m/fpv4-sp/hard\libc_nano.a(lib_a-init.o)
                0x0000000008006024                __libc_init_array
 .text.memset   0x000000000800606c       0x10 c:/st/stm32cubeide_1.5.0/stm32cubeide/plugins/com.st.stm32cube.ide.mcu.externaltools.gnu-tools-for-stm32.7-2018-q2-update.win32_1.5.0.202011040924/tools/bin/../lib/gcc/arm-none-eabi/7.3.1/../../../../arm-none-eabi/lib/thumb/v7e-m/fpv4-sp/hard\libc_nano.a(lib_a-memset.o)
                0x000000000800606c                memset
 *(.glue_7)
 .glue_7        0x000000000800607c        0x0 linker stubs
 *(.glue_7t)
 .glue_7t       0x000000000800607c        0x0 linker stubs
 *(.eh_frame)
 .eh_frame      0x000000000800607c        0x0 c:/st/stm32cubeide_1.5.0/stm32cubeide/plugins/com.st.stm32cube.ide.mcu.externaltools.gnu-tools-for-stm32.7-2018-q2-update.win32_1.5.0.202011040924/tools/bin/../lib/gcc/arm-none-eabi/7.3.1/thumb/v7e-m/fpv4-sp/hard/crtbegin.o
 *(.init)
 .init          0x000000000800607c        0x4 c:/st/stm32cubeide_1.5.0/stm32cubeide/plugins/com.st.stm32cube.ide.mcu.externaltools.gnu-tools-for-stm32.7-2018-q2-update.win32_1.5.0.202011040924/tools/bin/../lib/gcc/arm-none-eabi/7.3.1/thumb/v7e-m/fpv4-sp/hard/crti.o
                0x000000000800607c                _init
 .init          0x0000000008006080        0x8 c:/st/stm32cubeide_1.5.0/stm32cubeide/plugins/com.st.stm32cube.ide.mcu.externaltools.gnu-tools-for-stm32.7-2018-q2-update.win32_1.5.0.202011040924/tools/bin/../lib/gcc/arm-none-eabi/7.3.1/thumb/v7e-m/fpv4-sp/hard/crtn.o
 *(.fini)
 .fini          0x0000000008006088        0x4 c:/st/stm32cubeide_1.5.0/stm32cubeide/plugins/com.st.stm32cube.ide.mcu.externaltools.gnu-tools-for-stm32.7-2018-q2-update.win32_1.5.0.202011040924/tools/bin/../lib/gcc/arm-none-eabi/7.3.1/thumb/v7e-m/fpv4-sp/hard/crti.o
                0x0000000008006088                _fini
 .fini          0x000000000800608c        0x8 c:/st/stm32cubeide_1.5.0/stm32cubeide/plugins/com.st.stm32cube.ide.mcu.externaltools.gnu-tools-for-stm32.7-2018-q2-update.win32_1.5.0.202011040924/tools/bin/../lib/gcc/arm-none-eabi/7.3.1/thumb/v7e-m/fpv4-sp/hard/crtn.o
                0x0000000008006094                . = ALIGN (0x4)
                0x0000000008006094                _etext = .

.vfp11_veneer   0x0000000008006094        0x0
 .vfp11_veneer  0x0000000008006094        0x0 linker stubs

.v4_bx          0x0000000008006094        0x0
 .v4_bx         0x0000000008006094        0x0 linker stubs

.iplt           0x0000000008006094        0x0
 .iplt          0x0000000008006094        0x0 c:/st/stm32cubeide_1.5.0/stm32cubeide/plugins/com.st.stm32cube.ide.mcu.externaltools.gnu-tools-for-stm32.7-2018-q2-update.win32_1.5.0.202011040924/tools/bin/../lib/gcc/arm-none-eabi/7.3.1/thumb/v7e-m/fpv4-sp/hard/crtbegin.o

.rodata         0x0000000008006094      0x270
                0x0000000008006094                . = ALIGN (0x4)
 *(.rodata)
 *(.rodata*)
 .rodata.hSin_Cos_Table
                0x0000000008006094      0x200 Application/User/mc_math.o
                0x0000000008006094                hSin_Cos_Table
 .rodata.ICS_ParamsM1
                0x0000000008006294       0x30 Application/User/mc_parameters.o
                0x0000000008006294                ICS_ParamsM1
 .rodata.s_fwVer
                0x00000000080062c4       0x20 Application/User/motorcontrol.o
                0x00000000080062c4                s_fwVer
 .rodata.AHBPrescTable
                0x00000000080062e4       0x10 Drivers/CMSIS/system_stm32f4xx.o
                0x00000000080062e4                AHBPrescTable
 .rodata.APBPrescTable
                0x00000000080062f4        0x8 Drivers/CMSIS/system_stm32f4xx.o
                0x00000000080062f4                APBPrescTable
 .rodata.UFCP_Usart_Timeout_none
                0x00000000080062fc        0x2 Middlewares/MotorControl/usart_frame_communication_protocol.o
 .rodata.UFCP_Usart_Timeout_start
                0x00000000080062fe        0x2 Middlewares/MotorControl/usart_frame_communication_protocol.o
 .rodata.UFCP_Usart_Timeout_stop
                0x0000000008006300        0x2 Middlewares/MotorControl/usart_frame_communication_protocol.o
                0x0000000008006304                . = ALIGN (0x4)
 *fill*         0x0000000008006302        0x2 

.ARM.extab      0x0000000008006304        0x0
                0x0000000008006304                . = ALIGN (0x4)
 *(.ARM.extab* .gnu.linkonce.armextab.*)
                0x0000000008006304                . = ALIGN (0x4)

.ARM            0x0000000008006304        0x8
                0x0000000008006304                . = ALIGN (0x4)
                0x0000000008006304                __exidx_start = .
 *(.ARM.exidx*)
 .ARM.exidx     0x0000000008006304        0x8 c:/st/stm32cubeide_1.5.0/stm32cubeide/plugins/com.st.stm32cube.ide.mcu.externaltools.gnu-tools-for-stm32.7-2018-q2-update.win32_1.5.0.202011040924/tools/bin/../lib/gcc/arm-none-eabi/7.3.1/thumb/v7e-m/fpv4-sp/hard\libgcc.a(_udivmoddi4.o)
                0x000000000800630c                __exidx_end = .
                0x000000000800630c                . = ALIGN (0x4)

.rel.dyn        0x000000000800630c        0x0
 .rel.iplt      0x000000000800630c        0x0 c:/st/stm32cubeide_1.5.0/stm32cubeide/plugins/com.st.stm32cube.ide.mcu.externaltools.gnu-tools-for-stm32.7-2018-q2-update.win32_1.5.0.202011040924/tools/bin/../lib/gcc/arm-none-eabi/7.3.1/thumb/v7e-m/fpv4-sp/hard/crtbegin.o

.preinit_array  0x000000000800630c        0x0
                0x000000000800630c                . = ALIGN (0x4)
                0x000000000800630c                PROVIDE (__preinit_array_start = .)
 *(.preinit_array*)
                0x000000000800630c                PROVIDE (__preinit_array_end = .)
                0x000000000800630c                . = ALIGN (0x4)

.init_array     0x000000000800630c        0x4
                0x000000000800630c                . = ALIGN (0x4)
                0x000000000800630c                PROVIDE (__init_array_start = .)
 *(SORT_BY_NAME(.init_array.*))
 *(.init_array*)
 .init_array    0x000000000800630c        0x4 c:/st/stm32cubeide_1.5.0/stm32cubeide/plugins/com.st.stm32cube.ide.mcu.externaltools.gnu-tools-for-stm32.7-2018-q2-update.win32_1.5.0.202011040924/tools/bin/../lib/gcc/arm-none-eabi/7.3.1/thumb/v7e-m/fpv4-sp/hard/crtbegin.o
                0x0000000008006310                PROVIDE (__init_array_end = .)
                0x0000000008006310                . = ALIGN (0x4)

.fini_array     0x0000000008006310        0x4
                0x0000000008006310                . = ALIGN (0x4)
                [!provide]                        PROVIDE (__fini_array_start = .)
 *(SORT_BY_NAME(.fini_array.*))
 *(.fini_array*)
 .fini_array    0x0000000008006310        0x4 c:/st/stm32cubeide_1.5.0/stm32cubeide/plugins/com.st.stm32cube.ide.mcu.externaltools.gnu-tools-for-stm32.7-2018-q2-update.win32_1.5.0.202011040924/tools/bin/../lib/gcc/arm-none-eabi/7.3.1/thumb/v7e-m/fpv4-sp/hard/crtbegin.o
                [!provide]                        PROVIDE (__fini_array_end = .)
                0x0000000008006314                . = ALIGN (0x4)
                0x0000000008006314                _sidata = LOADADDR (.data)

.data           0x0000000020000000      0x698 load address 0x0000000008006314
                0x0000000020000000                . = ALIGN (0x4)
                0x0000000020000000                _sdata = .
 *(.data)
 *(.data*)
 .data.CircleLimitationM1
                0x0000000020000000       0xb4 Application/User/mc_config.o
                0x0000000020000000                CircleLimitationM1
 .data.PIDIdHandle_M1
                0x00000000200000b4       0x2c Application/User/mc_config.o
                0x00000000200000b4                PIDIdHandle_M1
 .data.PIDIqHandle_M1
                0x00000000200000e0       0x2c Application/User/mc_config.o
                0x00000000200000e0                PIDIqHandle_M1
 .data.PIDSpeedHandle_M1
                0x000000002000010c       0x2c Application/User/mc_config.o
                0x000000002000010c                PIDSpeedHandle_M1
 .data.PQD_MotorPowMeasM1
                0x0000000020000138      0x114 Application/User/mc_config.o
                0x0000000020000138                PQD_MotorPowMeasM1
 .data.PWM_Handle_M1
                0x000000002000024c       0x74 Application/User/mc_config.o
                0x000000002000024c                PWM_Handle_M1
 .data.RampExtMngrHFParamsM1
                0x00000000200002c0       0x18 Application/User/mc_config.o
                0x00000000200002c0                RampExtMngrHFParamsM1
 .data.RealBusVoltageSensorParamsM1
                0x00000000200002d8       0x28 Application/User/mc_config.o
                0x00000000200002d8                RealBusVoltageSensorParamsM1
 .data.RevUpControlM1
                0x0000000020000300       0x78 Application/User/mc_config.o
                0x0000000020000300                RevUpControlM1
 .data.STO_M1   0x0000000020000378       0x14 Application/User/mc_config.o
                0x0000000020000378                STO_M1
 .data.STO_PLL_M1
                0x000000002000038c      0x128 Application/User/mc_config.o
                0x000000002000038c                STO_PLL_M1
 .data.SpeednTorqCtrlM1
                0x00000000200004b4       0x34 Application/User/mc_config.o
                0x00000000200004b4                SpeednTorqCtrlM1
 .data.TempSensorParamsM1
                0x00000000200004e8       0x28 Application/User/mc_config.o
                0x00000000200004e8                TempSensorParamsM1
 .data.VirtualSpeedSensorM1
                0x0000000020000510       0x38 Application/User/mc_config.o
                0x0000000020000510                VirtualSpeedSensorM1
 .data.pUSART   0x0000000020000548      0x13c Application/User/mc_config.o
                0x0000000020000548                pUSART
 .data.wConfig  0x0000000020000684        0x4 Application/User/motorcontrol.o
                0x0000000020000684                wConfig
 .data.SystickDividerCounter.13264
                0x0000000020000688        0x1 Application/User/stm32f4xx_mc_it.o
 *fill*         0x0000000020000689        0x1 
 .data.bCOMATRTimeCounter
                0x000000002000068a        0x2 Application/User/ui_task.o
 .data.SystemCoreClock
                0x000000002000068c        0x4 Drivers/CMSIS/system_stm32f4xx.o
                0x000000002000068c                SystemCoreClock
 .data.uwTickFreq
                0x0000000020000690        0x1 Drivers/STM32F4xx_HAL_Driver/stm32f4xx_hal.o
                0x0000000020000690                uwTickFreq
 *fill*         0x0000000020000691        0x3 
 .data.uwTickPrio
                0x0000000020000694        0x4 Drivers/STM32F4xx_HAL_Driver/stm32f4xx_hal.o
                0x0000000020000694                uwTickPrio
                0x0000000020000698                . = ALIGN (0x4)
                0x0000000020000698                _edata = .

.igot.plt       0x0000000020000698        0x0 load address 0x00000000080069ac
 .igot.plt      0x0000000020000698        0x0 c:/st/stm32cubeide_1.5.0/stm32cubeide/plugins/com.st.stm32cube.ide.mcu.externaltools.gnu-tools-for-stm32.7-2018-q2-update.win32_1.5.0.202011040924/tools/bin/../lib/gcc/arm-none-eabi/7.3.1/thumb/v7e-m/fpv4-sp/hard/crtbegin.o
                0x0000000020000698                . = ALIGN (0x4)

.bss            0x0000000020000698      0x33c load address 0x00000000080069ac
                0x0000000020000698                _sbss = .
                0x0000000020000698                __bss_start__ = _sbss
 *(.bss)
 .bss           0x0000000020000698       0x1c c:/st/stm32cubeide_1.5.0/stm32cubeide/plugins/com.st.stm32cube.ide.mcu.externaltools.gnu-tools-for-stm32.7-2018-q2-update.win32_1.5.0.202011040924/tools/bin/../lib/gcc/arm-none-eabi/7.3.1/thumb/v7e-m/fpv4-sp/hard/crtbegin.o
 *(.bss*)
 .bss.UI_Params
                0x00000000200006b4       0x18 Application/User/mc_config.o
                0x00000000200006b4                UI_Params
 .bss.bMCBootCompleted
                0x00000000200006cc        0x1 Application/User/mc_tasks.o
                0x00000000200006cc                bMCBootCompleted
 *fill*         0x00000000200006cd        0x1 
 .bss.hBootCapDelayCounterM1
                0x00000000200006ce        0x2 Application/User/mc_tasks.o
 .bss.hMFTaskCounterM1
                0x00000000200006d0        0x2 Application/User/mc_tasks.o
 .bss.hStopPermanencyCounterM1
                0x00000000200006d2        0x2 Application/User/mc_tasks.o
 .bss.MPInfo    0x00000000200006d4        0x8 Application/User/motor_control_protocol.o
                0x00000000200006d4                MPInfo
 .bss.bCOMTimeoutCounter
                0x00000000200006dc        0x2 Application/User/ui_task.o
 .bss.bUITaskCounter
                0x00000000200006de        0x2 Application/User/ui_task.o
 .bss.pMCP      0x00000000200006e0        0x4 Application/User/ui_task.o
                0x00000000200006e0                pMCP
 *(COMMON)
 COMMON         0x00000000200006e4      0x110 Application/User/main.o
                0x00000000200006e4                hadc2
                0x000000002000072c                hadc1
                0x0000000020000774                htim1
                0x00000000200007b4                huart2
 COMMON         0x00000000200007f4       0x14 Application/User/mc_config.o
                0x00000000200007f4                RealBusVoltageSensorFilterBufferM1
 COMMON         0x0000000020000808       0xd4 Application/User/mc_tasks.o
                0x0000000020000808                pOCPDisabling
                0x000000002000080c                pTemperatureSensor
                0x0000000020000810                pwmcHandle
                0x0000000020000814                pPIDSpeed
                0x0000000020000818                pPIDIq
                0x000000002000081c                oMCInterface
                0x0000000020000820                pR_Brake
                0x0000000020000824                FOCVars
                0x000000002000084c                MCT
                0x00000000200008a0                pCLM
                0x00000000200008a4                pBusSensorM1
                0x00000000200008a8                Mci
                0x00000000200008c4                STM
                0x00000000200008cc                pREMNG
                0x00000000200008d0                pMPM
                0x00000000200008d4                pPIDId
                0x00000000200008d8                pSTC
 COMMON         0x00000000200008dc        0x8 Application/User/motorcontrol.o
                0x00000000200008dc                pMCI
                0x00000000200008e0                pMCT
 COMMON         0x00000000200008e4       0x3a Application/User/regular_conversion_manager.o
                0x00000000200008e4                RCM_UserConvHandle
                0x00000000200008e8                RCM_CB_array
                0x0000000020000908                RCM_UserConvState
                0x000000002000090c                RCM_handle_array
                0x000000002000091c                RCM_UserConvValue
 *fill*         0x000000002000091e        0x2 
 COMMON         0x0000000020000920       0xb0 Application/User/ui_task.o
                0x0000000020000920                MCP_UI_Params
 COMMON         0x00000000200009d0        0x4 Drivers/STM32F4xx_HAL_Driver/stm32f4xx_hal.o
                0x00000000200009d0                uwTick
                0x00000000200009d4                . = ALIGN (0x4)
                0x00000000200009d4                _ebss = .
                0x00000000200009d4                __bss_end__ = _ebss

._user_heap_stack
                0x00000000200009d4      0x604 load address 0x00000000080069ac
                0x00000000200009d8                . = ALIGN (0x8)
 *fill*         0x00000000200009d4        0x4 
                [!provide]                        PROVIDE (end = .)
                0x00000000200009d8                PROVIDE (_end = .)
                0x0000000020000bd8                . = (. + _Min_Heap_Size)
 *fill*         0x00000000200009d8      0x200 
                0x0000000020000fd8                . = (. + _Min_Stack_Size)
 *fill*         0x0000000020000bd8      0x400 
                0x0000000020000fd8                . = ALIGN (0x8)

/DISCARD/
 libc.a(*)
 libm.a(*)
 libgcc.a(*)

.ARM.attributes
                0x0000000000000000       0x30
 *(.ARM.attributes)
 .ARM.attributes
                0x0000000000000000       0x22 c:/st/stm32cubeide_1.5.0/stm32cubeide/plugins/com.st.stm32cube.ide.mcu.externaltools.gnu-tools-for-stm32.7-2018-q2-update.win32_1.5.0.202011040924/tools/bin/../lib/gcc/arm-none-eabi/7.3.1/thumb/v7e-m/fpv4-sp/hard/crti.o
 .ARM.attributes
                0x0000000000000022       0x34 c:/st/stm32cubeide_1.5.0/stm32cubeide/plugins/com.st.stm32cube.ide.mcu.externaltools.gnu-tools-for-stm32.7-2018-q2-update.win32_1.5.0.202011040924/tools/bin/../lib/gcc/arm-none-eabi/7.3.1/thumb/v7e-m/fpv4-sp/hard/crtbegin.o
 .ARM.attributes
                0x0000000000000056       0x21 Application/Startup/startup_stm32f446retx.o
 .ARM.attributes
                0x0000000000000077       0x35 Application/User/main.o
 .ARM.attributes
                0x00000000000000ac       0x35 Application/User/mc_config.o
 .ARM.attributes
                0x00000000000000e1       0x35 Application/User/mc_interface.o
 .ARM.attributes
                0x0000000000000116       0x35 Application/User/mc_math.o
 .ARM.attributes
                0x000000000000014b       0x35 Application/User/mc_parameters.o
 .ARM.attributes
                0x0000000000000180       0x35 Application/User/mc_tasks.o
 .ARM.attributes
                0x00000000000001b5       0x35 Application/User/motor_control_protocol.o
 .ARM.attributes
                0x00000000000001ea       0x35 Application/User/motorcontrol.o
 .ARM.attributes
                0x000000000000021f       0x35 Application/User/regular_conversion_manager.o
 .ARM.attributes
                0x0000000000000254       0x35 Application/User/stm32f4xx_hal_msp.o
 .ARM.attributes
                0x0000000000000289       0x35 Application/User/stm32f4xx_mc_it.o
 .ARM.attributes
                0x00000000000002be       0x35 Application/User/ui_task.o
 .ARM.attributes
                0x00000000000002f3       0x35 Application/User/user_interface.o
 .ARM.attributes
                0x0000000000000328       0x35 Drivers/CMSIS/system_stm32f4xx.o
 .ARM.attributes
                0x000000000000035d       0x35 Drivers/STM32F4xx_HAL_Driver/stm32f4xx_hal.o
 .ARM.attributes
                0x0000000000000392       0x35 Drivers/STM32F4xx_HAL_Driver/stm32f4xx_hal_adc.o
 .ARM.attributes
                0x00000000000003c7       0x35 Drivers/STM32F4xx_HAL_Driver/stm32f4xx_hal_adc_ex.o
 .ARM.attributes
                0x00000000000003fc       0x35 Drivers/STM32F4xx_HAL_Driver/stm32f4xx_hal_cortex.o
 .ARM.attributes
                0x0000000000000431       0x35 Drivers/STM32F4xx_HAL_Driver/stm32f4xx_hal_gpio.o
 .ARM.attributes
                0x0000000000000466       0x35 Drivers/STM32F4xx_HAL_Driver/stm32f4xx_hal_pwr_ex.o
 .ARM.attributes
                0x000000000000049b       0x35 Drivers/STM32F4xx_HAL_Driver/stm32f4xx_hal_rcc.o
 .ARM.attributes
                0x00000000000004d0       0x35 Drivers/STM32F4xx_HAL_Driver/stm32f4xx_hal_rcc_ex.o
 .ARM.attributes
                0x0000000000000505       0x35 Drivers/STM32F4xx_HAL_Driver/stm32f4xx_hal_tim.o
 .ARM.attributes
                0x000000000000053a       0x35 Drivers/STM32F4xx_HAL_Driver/stm32f4xx_hal_tim_ex.o
 .ARM.attributes
                0x000000000000056f       0x35 Drivers/STM32F4xx_HAL_Driver/stm32f4xx_hal_uart.o
 .ARM.attributes
                0x00000000000005a4       0x35 Middlewares/MotorControl/bus_voltage_sensor.o
 .ARM.attributes
                0x00000000000005d9       0x35 Middlewares/MotorControl/circle_limitation.o
 .ARM.attributes
                0x000000000000060e       0x35 Middlewares/MotorControl/frame_communication_protocol.o
 .ARM.attributes
                0x0000000000000643       0x35 Middlewares/MotorControl/ics_f4xx_pwm_curr_fdbk.o
 .ARM.attributes
                0x0000000000000678       0x35 Middlewares/MotorControl/motor_power_measurement.o
 .ARM.attributes
                0x00000000000006ad       0x35 Middlewares/MotorControl/ntc_temperature_sensor.o
 .ARM.attributes
                0x00000000000006e2       0x35 Middlewares/MotorControl/pid_regulator.o
 .ARM.attributes
                0x0000000000000717       0x35 Middlewares/MotorControl/pqd_motor_power_measurement.o
 .ARM.attributes
                0x000000000000074c       0x35 Middlewares/MotorControl/pwm_common.o
 .ARM.attributes
                0x0000000000000781       0x35 Middlewares/MotorControl/pwm_curr_fdbk.o
 .ARM.attributes
                0x00000000000007b6       0x35 Middlewares/MotorControl/r_divider_bus_voltage_sensor.o
 .ARM.attributes
                0x00000000000007eb       0x35 Middlewares/MotorControl/ramp_ext_mngr.o
 .ARM.attributes
                0x0000000000000820       0x35 Middlewares/MotorControl/speed_pos_fdbk.o
 .ARM.attributes
                0x0000000000000855       0x35 Middlewares/MotorControl/speed_torq_ctrl.o
 .ARM.attributes
                0x000000000000088a       0x35 Middlewares/MotorControl/state_machine.o
 .ARM.attributes
                0x00000000000008bf       0x35 Middlewares/MotorControl/usart_frame_communication_protocol.o
 .ARM.attributes
                0x00000000000008f4       0x35 Middlewares/MotorControl/virtual_speed_sensor.o
 .ARM.attributes
                0x0000000000000929       0x35 ../../MCSDK_v5.4.5/MotorControl/lib\libmc-gcc_M4_NoCCMRAM.lib(revup_ctrl.o)
 .ARM.attributes
                0x000000000000095e       0x35 ../../MCSDK_v5.4.5/MotorControl/lib\libmc-gcc_M4_NoCCMRAM.lib(sto_pll_speed_pos_fdbk.o)
 .ARM.attributes
                0x0000000000000993       0x34 c:/st/stm32cubeide_1.5.0/stm32cubeide/plugins/com.st.stm32cube.ide.mcu.externaltools.gnu-tools-for-stm32.7-2018-q2-update.win32_1.5.0.202011040924/tools/bin/../lib/gcc/arm-none-eabi/7.3.1/../../../../arm-none-eabi/lib/thumb/v7e-m/fpv4-sp/hard\libc_nano.a(lib_a-init.o)
 .ARM.attributes
                0x00000000000009c7       0x34 c:/st/stm32cubeide_1.5.0/stm32cubeide/plugins/com.st.stm32cube.ide.mcu.externaltools.gnu-tools-for-stm32.7-2018-q2-update.win32_1.5.0.202011040924/tools/bin/../lib/gcc/arm-none-eabi/7.3.1/../../../../arm-none-eabi/lib/thumb/v7e-m/fpv4-sp/hard\libc_nano.a(lib_a-memset.o)
 .ARM.attributes
                0x00000000000009fb       0x22 c:/st/stm32cubeide_1.5.0/stm32cubeide/plugins/com.st.stm32cube.ide.mcu.externaltools.gnu-tools-for-stm32.7-2018-q2-update.win32_1.5.0.202011040924/tools/bin/../lib/gcc/arm-none-eabi/7.3.1/thumb/v7e-m/fpv4-sp/hard\libgcc.a(_aeabi_uldivmod.o)
 .ARM.attributes
                0x0000000000000a1d       0x34 c:/st/stm32cubeide_1.5.0/stm32cubeide/plugins/com.st.stm32cube.ide.mcu.externaltools.gnu-tools-for-stm32.7-2018-q2-update.win32_1.5.0.202011040924/tools/bin/../lib/gcc/arm-none-eabi/7.3.1/thumb/v7e-m/fpv4-sp/hard\libgcc.a(_udivmoddi4.o)
 .ARM.attributes
                0x0000000000000a51       0x22 c:/st/stm32cubeide_1.5.0/stm32cubeide/plugins/com.st.stm32cube.ide.mcu.externaltools.gnu-tools-for-stm32.7-2018-q2-update.win32_1.5.0.202011040924/tools/bin/../lib/gcc/arm-none-eabi/7.3.1/thumb/v7e-m/fpv4-sp/hard\libgcc.a(_dvmd_tls.o)
 .ARM.attributes
                0x0000000000000a73       0x22 c:/st/stm32cubeide_1.5.0/stm32cubeide/plugins/com.st.stm32cube.ide.mcu.externaltools.gnu-tools-for-stm32.7-2018-q2-update.win32_1.5.0.202011040924/tools/bin/../lib/gcc/arm-none-eabi/7.3.1/thumb/v7e-m/fpv4-sp/hard/crtn.o
OUTPUT(solar_lv_motor.elf elf32-littlearm)

.debug_line     0x0000000000000000    0x1ef69
 .debug_line    0x0000000000000000       0x8c Application/Startup/startup_stm32f446retx.o
 .debug_line    0x000000000000008c      0xf11 Application/User/main.o
 .debug_line    0x0000000000000f9d      0xcdb Application/User/mc_config.o
 .debug_line    0x0000000000001c78      0xb88 Application/User/mc_interface.o
 .debug_line    0x0000000000002800      0x9f2 Application/User/mc_math.o
 .debug_line    0x00000000000031f2      0x95d Application/User/mc_parameters.o
 .debug_line    0x0000000000003b4f     0x1077 Application/User/mc_tasks.o
 .debug_line    0x0000000000004bc6      0xd67 Application/User/motor_control_protocol.o
 .debug_line    0x000000000000592d      0xd2e Application/User/motorcontrol.o
 .debug_line    0x000000000000665b      0xede Application/User/regular_conversion_manager.o
 .debug_line    0x0000000000007539      0x8ad Application/User/stm32f4xx_hal_msp.o
 .debug_line    0x0000000000007de6      0xe6e Application/User/stm32f4xx_mc_it.o
 .debug_line    0x0000000000008c54      0xd92 Application/User/ui_task.o
 .debug_line    0x00000000000099e6      0xfcd Application/User/user_interface.o
 .debug_line    0x000000000000a9b3      0x774 Drivers/CMSIS/system_stm32f4xx.o
 .debug_line    0x000000000000b127      0x950 Drivers/STM32F4xx_HAL_Driver/stm32f4xx_hal.o
 .debug_line    0x000000000000ba77      0xd59 Drivers/STM32F4xx_HAL_Driver/stm32f4xx_hal_adc.o
 .debug_line    0x000000000000c7d0      0xb9e Drivers/STM32F4xx_HAL_Driver/stm32f4xx_hal_adc_ex.o
 .debug_line    0x000000000000d36e      0x9dc Drivers/STM32F4xx_HAL_Driver/stm32f4xx_hal_cortex.o
 .debug_line    0x000000000000dd4a      0x94d Drivers/STM32F4xx_HAL_Driver/stm32f4xx_hal_gpio.o
 .debug_line    0x000000000000e697      0x87d Drivers/STM32F4xx_HAL_Driver/stm32f4xx_hal_pwr_ex.o
 .debug_line    0x000000000000ef14      0xa83 Drivers/STM32F4xx_HAL_Driver/stm32f4xx_hal_rcc.o
 .debug_line    0x000000000000f997      0xc61 Drivers/STM32F4xx_HAL_Driver/stm32f4xx_hal_rcc_ex.o
 .debug_line    0x00000000000105f8     0x1e86 Drivers/STM32F4xx_HAL_Driver/stm32f4xx_hal_tim.o
 .debug_line    0x000000000001247e      0xd0f Drivers/STM32F4xx_HAL_Driver/stm32f4xx_hal_tim_ex.o
 .debug_line    0x000000000001318d     0x13aa Drivers/STM32F4xx_HAL_Driver/stm32f4xx_hal_uart.o
 .debug_line    0x0000000000014537      0x8e0 Middlewares/MotorControl/bus_voltage_sensor.o
 .debug_line    0x0000000000014e17      0x8bd Middlewares/MotorControl/circle_limitation.o
 .debug_line    0x00000000000156d4      0xc21 Middlewares/MotorControl/frame_communication_protocol.o
 .debug_line    0x00000000000162f5      0xd04 Middlewares/MotorControl/ics_f4xx_pwm_curr_fdbk.o
 .debug_line    0x0000000000016ff9      0x90a Middlewares/MotorControl/motor_power_measurement.o
 .debug_line    0x0000000000017903      0x958 Middlewares/MotorControl/ntc_temperature_sensor.o
 .debug_line    0x000000000001825b      0xa68 Middlewares/MotorControl/pid_regulator.o
 .debug_line    0x0000000000018cc3      0x90c Middlewares/MotorControl/pqd_motor_power_measurement.o
 .debug_line    0x00000000000195cf      0x935 Middlewares/MotorControl/pwm_common.o
 .debug_line    0x0000000000019f04      0xad4 Middlewares/MotorControl/pwm_curr_fdbk.o
 .debug_line    0x000000000001a9d8      0x9db Middlewares/MotorControl/r_divider_bus_voltage_sensor.o
 .debug_line    0x000000000001b3b3      0x954 Middlewares/MotorControl/ramp_ext_mngr.o
 .debug_line    0x000000000001bd07      0x95f Middlewares/MotorControl/speed_pos_fdbk.o
 .debug_line    0x000000000001c666      0xa6f Middlewares/MotorControl/speed_torq_ctrl.o
 .debug_line    0x000000000001d0d5      0x98b Middlewares/MotorControl/state_machine.o
 .debug_line    0x000000000001da60      0xac2 Middlewares/MotorControl/usart_frame_communication_protocol.o
 .debug_line    0x000000000001e522      0xa47 Middlewares/MotorControl/virtual_speed_sensor.o

.debug_info     0x0000000000000000    0x38fc9
 .debug_info    0x0000000000000000       0x22 Application/Startup/startup_stm32f446retx.o
 .debug_info    0x0000000000000022     0x43bc Application/User/main.o
 .debug_info    0x00000000000043de     0x2d36 Application/User/mc_config.o
 .debug_info    0x0000000000007114     0x10c3 Application/User/mc_interface.o
 .debug_info    0x00000000000081d7      0x648 Application/User/mc_math.o
 .debug_info    0x000000000000881f      0x51f Application/User/mc_parameters.o
 .debug_info    0x0000000000008d3e     0x3fda Application/User/mc_tasks.o
 .debug_info    0x000000000000cd18     0x3686 Application/User/motor_control_protocol.o
 .debug_info    0x000000000001039e     0x2d56 Application/User/motorcontrol.o
 .debug_info    0x00000000000130f4     0x3525 Application/User/regular_conversion_manager.o
 .debug_info    0x0000000000016619     0x1410 Application/User/stm32f4xx_hal_msp.o
 .debug_info    0x0000000000017a29     0x312a Application/User/stm32f4xx_mc_it.o
 .debug_info    0x000000000001ab53     0x2e39 Application/User/ui_task.o
 .debug_info    0x000000000001d98c     0x4154 Application/User/user_interface.o
 .debug_info    0x0000000000021ae0      0x58d Drivers/CMSIS/system_stm32f4xx.o
 .debug_info    0x000000000002206d      0xa6b Drivers/STM32F4xx_HAL_Driver/stm32f4xx_hal.o
 .debug_info    0x0000000000022ad8      0xe00 Drivers/STM32F4xx_HAL_Driver/stm32f4xx_hal_adc.o
 .debug_info    0x00000000000238d8      0xc44 Drivers/STM32F4xx_HAL_Driver/stm32f4xx_hal_adc_ex.o
 .debug_info    0x000000000002451c      0xfa8 Drivers/STM32F4xx_HAL_Driver/stm32f4xx_hal_cortex.o
 .debug_info    0x00000000000254c4      0x815 Drivers/STM32F4xx_HAL_Driver/stm32f4xx_hal_gpio.o
 .debug_info    0x0000000000025cd9      0x815 Drivers/STM32F4xx_HAL_Driver/stm32f4xx_hal_pwr_ex.o
 .debug_info    0x00000000000264ee      0xb10 Drivers/STM32F4xx_HAL_Driver/stm32f4xx_hal_rcc.o
 .debug_info    0x0000000000026ffe      0xc36 Drivers/STM32F4xx_HAL_Driver/stm32f4xx_hal_rcc_ex.o
 .debug_info    0x0000000000027c34     0x3e8e Drivers/STM32F4xx_HAL_Driver/stm32f4xx_hal_tim.o
 .debug_info    0x000000000002bac2     0x1568 Drivers/STM32F4xx_HAL_Driver/stm32f4xx_hal_tim_ex.o
 .debug_info    0x000000000002d02a     0x18c3 Drivers/STM32F4xx_HAL_Driver/stm32f4xx_hal_uart.o
 .debug_info    0x000000000002e8ed      0x347 Middlewares/MotorControl/bus_voltage_sensor.o
 .debug_info    0x000000000002ec34      0x322 Middlewares/MotorControl/circle_limitation.o
 .debug_info    0x000000000002ef56     0x29d5 Middlewares/MotorControl/frame_communication_protocol.o
 .debug_info    0x000000000003192b     0x1b96 Middlewares/MotorControl/ics_f4xx_pwm_curr_fdbk.o
 .debug_info    0x00000000000334c1      0x389 Middlewares/MotorControl/motor_power_measurement.o
 .debug_info    0x000000000003384a      0x5eb Middlewares/MotorControl/ntc_temperature_sensor.o
 .debug_info    0x0000000000033e35      0x85b Middlewares/MotorControl/pid_regulator.o
 .debug_info    0x0000000000034690      0x53f Middlewares/MotorControl/pqd_motor_power_measurement.o
 .debug_info    0x0000000000034bcf      0x811 Middlewares/MotorControl/pwm_common.o
 .debug_info    0x00000000000353e0      0xb0d Middlewares/MotorControl/pwm_curr_fdbk.o
 .debug_info    0x0000000000035eed      0x6dc Middlewares/MotorControl/r_divider_bus_voltage_sensor.o
 .debug_info    0x00000000000365c9      0x4d6 Middlewares/MotorControl/ramp_ext_mngr.o
 .debug_info    0x0000000000036a9f      0x54c Middlewares/MotorControl/speed_pos_fdbk.o
 .debug_info    0x0000000000036feb      0x9b6 Middlewares/MotorControl/speed_torq_ctrl.o
 .debug_info    0x00000000000379a1      0x484 Middlewares/MotorControl/state_machine.o
 .debug_info    0x0000000000037e25      0xa63 Middlewares/MotorControl/usart_frame_communication_protocol.o
 .debug_info    0x0000000000038888      0x741 Middlewares/MotorControl/virtual_speed_sensor.o

.debug_abbrev   0x0000000000000000     0x5fc5
 .debug_abbrev  0x0000000000000000       0x12 Application/Startup/startup_stm32f446retx.o
 .debug_abbrev  0x0000000000000012      0x37a Application/User/main.o
 .debug_abbrev  0x000000000000038c      0x1bf Application/User/mc_config.o
 .debug_abbrev  0x000000000000054b      0x247 Application/User/mc_interface.o
 .debug_abbrev  0x0000000000000792      0x1e4 Application/User/mc_math.o
 .debug_abbrev  0x0000000000000976      0x11e Application/User/mc_parameters.o
 .debug_abbrev  0x0000000000000a94      0x3be Application/User/mc_tasks.o
 .debug_abbrev  0x0000000000000e52      0x30c Application/User/motor_control_protocol.o
 .debug_abbrev  0x000000000000115e      0x214 Application/User/motorcontrol.o
 .debug_abbrev  0x0000000000001372      0x389 Application/User/regular_conversion_manager.o
 .debug_abbrev  0x00000000000016fb      0x22a Application/User/stm32f4xx_hal_msp.o
 .debug_abbrev  0x0000000000001925      0x2c5 Application/User/stm32f4xx_mc_it.o
 .debug_abbrev  0x0000000000001bea      0x296 Application/User/ui_task.o
 .debug_abbrev  0x0000000000001e80      0x321 Application/User/user_interface.o
 .debug_abbrev  0x00000000000021a1      0x12b Drivers/CMSIS/system_stm32f4xx.o
 .debug_abbrev  0x00000000000022cc      0x240 Drivers/STM32F4xx_HAL_Driver/stm32f4xx_hal.o
 .debug_abbrev  0x000000000000250c      0x2b5 Drivers/STM32F4xx_HAL_Driver/stm32f4xx_hal_adc.o
 .debug_abbrev  0x00000000000027c1      0x282 Drivers/STM32F4xx_HAL_Driver/stm32f4xx_hal_adc_ex.o
 .debug_abbrev  0x0000000000002a43      0x320 Drivers/STM32F4xx_HAL_Driver/stm32f4xx_hal_cortex.o
 .debug_abbrev  0x0000000000002d63      0x1f4 Drivers/STM32F4xx_HAL_Driver/stm32f4xx_hal_gpio.o
 .debug_abbrev  0x0000000000002f57      0x1c3 Drivers/STM32F4xx_HAL_Driver/stm32f4xx_hal_pwr_ex.o
 .debug_abbrev  0x000000000000311a      0x2c3 Drivers/STM32F4xx_HAL_Driver/stm32f4xx_hal_rcc.o
 .debug_abbrev  0x00000000000033dd      0x212 Drivers/STM32F4xx_HAL_Driver/stm32f4xx_hal_rcc_ex.o
 .debug_abbrev  0x00000000000035ef      0x33a Drivers/STM32F4xx_HAL_Driver/stm32f4xx_hal_tim.o
 .debug_abbrev  0x0000000000003929      0x2ea Drivers/STM32F4xx_HAL_Driver/stm32f4xx_hal_tim_ex.o
 .debug_abbrev  0x0000000000003c13      0x325 Drivers/STM32F4xx_HAL_Driver/stm32f4xx_hal_uart.o
 .debug_abbrev  0x0000000000003f38      0x11e Middlewares/MotorControl/bus_voltage_sensor.o
 .debug_abbrev  0x0000000000004056      0x122 Middlewares/MotorControl/circle_limitation.o
 .debug_abbrev  0x0000000000004178      0x239 Middlewares/MotorControl/frame_communication_protocol.o
 .debug_abbrev  0x00000000000043b1      0x359 Middlewares/MotorControl/ics_f4xx_pwm_curr_fdbk.o
 .debug_abbrev  0x000000000000470a      0x184 Middlewares/MotorControl/motor_power_measurement.o
 .debug_abbrev  0x000000000000488e      0x17c Middlewares/MotorControl/ntc_temperature_sensor.o
 .debug_abbrev  0x0000000000004a0a      0x1d9 Middlewares/MotorControl/pid_regulator.o
 .debug_abbrev  0x0000000000004be3      0x172 Middlewares/MotorControl/pqd_motor_power_measurement.o