stm32f4xx_hal_msp.c:66:6:HAL_MspInit	8	static
stm32f4xx_hal_msp.c:90:6:HAL_ADC_MspInit	56	static
stm32f4xx_hal_msp.c:151:6:HAL_ADC_MspDeInit	8	static
stm32f4xx_hal_msp.c:217:6:HAL_DAC_MspInit	40	static
stm32f4xx_hal_msp.c:250:6:HAL_DAC_MspDeInit	0	static
stm32f4xx_hal_msp.c:278:6:HAL_TIM_Base_MspInit	56	static
stm32f4xx_hal_msp.c:340:6:HAL_TIM_MspPostInit	48	static
stm32f4xx_hal_msp.c:385:6:HAL_TIM_Base_MspDeInit	8	static
stm32f4xx_hal_msp.c:447:6:HAL_UART_MspInit	48	static
stm32f4xx_hal_msp.c:483:6:HAL_UART_MspDeInit	8	static
