user_interface.c:61:13:UI_Init	8	static
user_interface.c:76:13:UI_SelectMC	0	static
user_interface.c:95:16:UI_GetSelectedMC	0	static
user_interface.c:107:17:UI_GetSelectedMCConfig	0	static
user_interface.c:120:13:UI_SetReg	24	static
user_interface.c:955:13:UI_ExecCmd	8	static
user_interface.c:1048:13:UI_ExecSpeedRamp	8	static
user_interface.c:1065:13:UI_ExecTorqueRamp	8	static
user_interface.c:1091:13:UI_GetRevupData	24	static
user_interface.c:1122:13:UI_SetRevupData	24	static
user_interface.c:1143:13:UI_SetCurrentReferences	16	static
user_interface.c:1162:13:UI_GetMPInfo	0	static
user_interface.c:1172:13:UI_DACInit	0	static
user_interface.c:1185:6:UI_DACExec	0	static
user_interface.c:1203:6:UI_SetDAC	0	static
user_interface.c:1220:26:UI_GetDAC	0	static
user_interface.c:324:16:UI_GetReg	80	static
user_interface.c:1237:13:UI_SetUserDAC	0	static
