stm32f4xx_ll_gpio.h:708:22:LL_GPIO_LockPin	24	static
mc_tasks.c:122:13:MCboot	40	static
mc_tasks.c:267:13:MC_RunMotorControlTasks	8	static
mc_tasks.c:287:13:MC_Scheduler	8	static
mc_tasks.c:332:13:TSK_MediumFrequencyTaskM1	40	static
mc_tasks.c:556:13:FOC_Clear	32	static
mc_tasks.c:592:13:FOC_InitAdditionalMethods	16	static
mc_tasks.c:609:13:FOC_CalcCurrRef	24	static
mc_tasks.c:632:13:TSK_SetChargeBootCapDelayM1	16	static
mc_tasks.c:643:13:TSK_ChargeBootCapDelayHasElapsedM1	16	static
mc_tasks.c:659:13:TSK_SetStopPermanencyTimeM1	16	static
mc_tasks.c:670:13:TSK_StopPermanencyTimeHasElapsedM1	16	static
mc_tasks.c:695:16:TSK_HighFrequencyTask	32	static
mc_tasks.c:772:17:FOC_CurrControllerM1	40	static
mc_tasks.c:812:13:TSK_SafetyTask	8	static
mc_tasks.c:834:13:TSK_SafetyTask_PWMOFF	32	static
mc_tasks.c:885:23:GetMCI	24	static
mc_tasks.c:904:22:GetMCT	24	static
mc_tasks.c:920:13:TSK_HardwareFaultTask	8	static
mc_tasks.c:935:13:mc_lock_pins	8	static
