stm32f4xx_ll_adc.h:2260:22:LL_ADC_REG_SetSequencerLength	16	static
stm32f4xx_ll_adc.h:2454:22:LL_ADC_REG_SetSequencerRanks	32	static,ignoring_inline_asm
stm32f4xx_ll_adc.h:3240:22:LL_ADC_SetChannelSamplingTime	48	static,ignoring_inline_asm
stm32f4xx_ll_adc.h:3831:22:LL_ADC_Enable	16	static
stm32f4xx_ll_adc.h:3853:26:LL_ADC_IsEnabled	16	static
stm32f4xx_ll_adc.h:3950:26:LL_ADC_REG_ReadConversionData12	16	static
stm32f4xx_ll_adc.h:4251:26:LL_ADC_IsActiveFlag_EOCS	16	static
stm32f4xx_ll_adc.h:4304:22:LL_ADC_ClearFlag_EOCS	16	static
stm32f4xx_ll_adc.h:4327:22:LL_ADC_ClearFlag_JEOS	16	static
stm32f4xx_ll_adc.h:4589:22:LL_ADC_DisableIT_EOCS	16	static
stm32f4xx_ll_adc.h:4612:22:LL_ADC_DisableIT_JEOS	16	static
regular_conversion_manager.c:146:9:RCM_RegisterRegConv_WithCB	32	static
regular_conversion_manager.c:179:9:RCM_RegisterRegConv	24	static
regular_conversion_manager.c:241:10:RCM_ExecRegularConv	24	static
regular_conversion_manager.c:272:6:RCM_RequestUserConv	24	static
regular_conversion_manager.c:293:10:RCM_GetUserConv	16	static
regular_conversion_manager.c:311:6:RCM_ExecUserConv	16	static
regular_conversion_manager.c:336:21:RCM_GetUserConvState	4	static
