stm32f4xx_ll_adc.h:4274:26:LL_ADC_IsActiveFlag_JEOS	16	static
stm32f4xx_ll_tim.h:3063:22:LL_TIM_ClearFlag_UPDATE	16	static
stm32f4xx_ll_tim.h:3074:26:LL_TIM_IsActiveFlag_UPDATE	16	static
stm32f4xx_ll_tim.h:3085:22:LL_TIM_ClearFlag_CC1	16	static
stm32f4xx_ll_tim.h:3096:26:LL_TIM_IsActiveFlag_CC1	16	static
stm32f4xx_ll_tim.h:3217:22:LL_TIM_ClearFlag_BRK	16	static
stm32f4xx_ll_tim.h:3228:26:LL_TIM_IsActiveFlag_BRK	16	static
stm32f4xx_ll_usart.h:1769:26:LL_USART_IsActiveFlag_ORE	16	static
stm32f4xx_ll_usart.h:1791:26:LL_USART_IsActiveFlag_RXNE	16	static
stm32f4xx_ll_usart.h:1813:26:LL_USART_IsActiveFlag_TXE	16	static
stm32f4xx_ll_usart.h:1933:22:LL_USART_ClearFlag_ORE	24	static
stm32f4xx_ll_usart.h:2402:25:LL_USART_ReceiveData8	16	static
stm32f4xx_mc_it.c:71:6:ADC_IRQHandler	8	static
stm32f4xx_mc_it.c:102:6:TIM1_UP_TIM10_IRQHandler	8	static
stm32f4xx_mc_it.c:120:6:TIM1_BRK_TIM9_IRQHandler	8	static
stm32f4xx_mc_it.c:143:6:TIM2_IRQHandler	8	static
stm32f4xx_mc_it.c:186:6:USART2_IRQHandler	16	static
stm32f4xx_mc_it.c:236:6:HardFault_Handler	16	static
stm32f4xx_mc_it.c:284:6:SysTick_Handler	8	static
